[prun] Master compute host = compute-1-0
[prun] Resource manager = openpbs
[prun] Launch cmd = mpiexec -x LD_LIBRARY_PATH --prefix /opt/ohpc/pub/mpi/openmpi5-gnu13/5.0.5 --hostfile /var/spool/pbs/aux/183164.frontend -- /home/luiz/HARMONY/build/cluster/kneighbor.out --n 1000000 --iterations 100 --balance-interval 10 --balance-algo erad --perturbation 0.10 --seed 456 --output-csv /home/luiz/HARMONY/benchmarks/kneighbor_erad_456.csv (family=openmpi5)
[device] rank=0 global_index=0 name=NVIDIA A100 80GB PCIe
[device] rank=1 global_index=1 name=NVIDIA A100 80GB PCIe
[DCL][balance-metrics] iteration=1
  policy=off
  action=skip
  reason=balance disabled
  T_compute_interval_s=2.6624e-05
  T_comm_interval_s=0
  T_balance_total_s=0
  T_rebalance_apply_s=0
  T_compute_accum_s=2.6624e-05
  T_comm_accum_s=0
  T_balance_accum_s=0
  T_rebalance_apply_accum_s=0
  device_times_s:
    part[0]=2.56e-05
    part[1]=2.6624e-05
  OLD loads:
    part[0] cum=50% share=50% device_global=0 rank=0 local_index=0 offset=0 count=500000
    part[1] cum=100% share=50% device_global=1 rank=1 local_index=-1 offset=500000 count=500000
    total=100%
  CURRENT loads:
    part[0] cum=50% share=50% device_global=0 rank=0 local_index=0 offset=0 count=500000
    part[1] cum=100% share=50% device_global=1 rank=1 local_index=-1 offset=500000 count=500000
    total=100%
[DCL][balance-metrics] iteration=2
  policy=off
  action=skip
  reason=balance disabled
  T_compute_interval_s=2.7648e-05
  T_comm_interval_s=0
  T_balance_total_s=0
  T_rebalance_apply_s=0
  T_compute_accum_s=5.4272e-05
  T_comm_accum_s=0
  T_balance_accum_s=0
  T_rebalance_apply_accum_s=0
  device_times_s:
    part[0]=1.2288e-05
    part[1]=2.7648e-05
  OLD loads:
    part[0] cum=50% share=50% device_global=0 rank=0 local_index=0 offset=0 count=500000
    part[1] cum=100% share=50% device_global=1 rank=1 local_index=-1 offset=500000 count=500000
    total=100%
  CURRENT loads:
    part[0] cum=50% share=50% device_global=0 rank=0 local_index=0 offset=0 count=500000
    part[1] cum=100% share=50% device_global=1 rank=1 local_index=-1 offset=500000 count=500000
    total=100%
[DCL][balance-metrics] iteration=3
  policy=off
  action=skip
  reason=balance disabled
  T_compute_interval_s=2.3552e-05
  T_comm_interval_s=0
  T_balance_total_s=0
  T_rebalance_apply_s=0
  T_compute_accum_s=7.7824e-05
  T_comm_accum_s=0
  T_balance_accum_s=0
  T_rebalance_apply_accum_s=0
  device_times_s:
    part[0]=1.1264e-05
    part[1]=2.3552e-05
  OLD loads:
    part[0] cum=50% share=50% device_global=0 rank=0 local_index=0 offset=0 count=500000
    part[1] cum=100% share=50% device_global=1 rank=1 local_index=-1 offset=500000 count=500000
    total=100%
  CURRENT loads:
    part[0] cum=50% share=50% device_global=0 rank=0 local_index=0 offset=0 count=500000
    part[1] cum=100% share=50% device_global=1 rank=1 local_index=-1 offset=500000 count=500000
    total=100%
[DCL][balance-metrics] iteration=4
  policy=off
  action=skip
  reason=balance disabled
  T_compute_interval_s=2.4576e-05
  T_comm_interval_s=0
  T_balance_total_s=0
  T_rebalance_apply_s=0
  T_compute_accum_s=0.0001024
  T_comm_accum_s=0
  T_balance_accum_s=0
  T_rebalance_apply_accum_s=0
  device_times_s:
    part[0]=1.2288e-05
    part[1]=2.4576e-05
  OLD loads:
    part[0] cum=50% share=50% device_global=0 rank=0 local_index=0 offset=0 count=500000
    part[1] cum=100% share=50% device_global=1 rank=1 local_index=-1 offset=500000 count=500000
    total=100%
  CURRENT loads:
    part[0] cum=50% share=50% device_global=0 rank=0 local_index=0 offset=0 count=500000
    part[1] cum=100% share=50% device_global=1 rank=1 local_index=-1 offset=500000 count=500000
    total=100%
[DCL][balance-metrics] iteration=5
  policy=off
  action=skip
  reason=balance disabled
  T_compute_interval_s=2.7648e-05
  T_comm_interval_s=0
  T_balance_total_s=0
  T_rebalance_apply_s=0
  T_compute_accum_s=0.000130048
  T_comm_accum_s=0
  T_balance_accum_s=0
  T_rebalance_apply_accum_s=0
  device_times_s:
    part[0]=1.9456e-05
    part[1]=2.7648e-05
  OLD loads:
    part[0] cum=50% share=50% device_global=0 rank=0 local_index=0 offset=0 count=500000
    part[1] cum=100% share=50% device_global=1 rank=1 local_index=-1 offset=500000 count=500000
    total=100%
  CURRENT loads:
    part[0] cum=50% share=50% device_global=0 rank=0 local_index=0 offset=0 count=500000
    part[1] cum=100% share=50% device_global=1 rank=1 local_index=-1 offset=500000 count=500000
    total=100%
[DCL][balance-metrics] iteration=6
  policy=off
  action=skip
  reason=balance disabled
  T_compute_interval_s=2.4576e-05
  T_comm_interval_s=0
  T_balance_total_s=0
  T_rebalance_apply_s=0
  T_compute_accum_s=0.000154624
  T_comm_accum_s=0
  T_balance_accum_s=0
  T_rebalance_apply_accum_s=0
  device_times_s:
    part[0]=1.1264e-05
    part[1]=2.4576e-05
  OLD loads:
    part[0] cum=50% share=50% device_global=0 rank=0 local_index=0 offset=0 count=500000
    part[1] cum=100% share=50% device_global=1 rank=1 local_index=-1 offset=500000 count=500000
    total=100%
  CURRENT loads:
    part[0] cum=50% share=50% device_global=0 rank=0 local_index=0 offset=0 count=500000
    part[1] cum=100% share=50% device_global=1 rank=1 local_index=-1 offset=500000 count=500000
    total=100%
[DCL][balance-metrics] iteration=7
  policy=off
  action=skip
  reason=balance disabled
  T_compute_interval_s=2.1504e-05
  T_comm_interval_s=0
  T_balance_total_s=0
  T_rebalance_apply_s=0
  T_compute_accum_s=0.000176128
  T_comm_accum_s=0
  T_balance_accum_s=0
  T_rebalance_apply_accum_s=0
  device_times_s:
    part[0]=1.1264e-05
    part[1]=2.1504e-05
  OLD loads:
    part[0] cum=50% share=50% device_global=0 rank=0 local_index=0 offset=0 count=500000
    part[1] cum=100% share=50% device_global=1 rank=1 local_index=-1 offset=500000 count=500000
    total=100%
  CURRENT loads:
    part[0] cum=50% share=50% device_global=0 rank=0 local_index=0 offset=0 count=500000
    part[1] cum=100% share=50% device_global=1 rank=1 local_index=-1 offset=500000 count=500000
    total=100%
[DCL][balance-metrics] iteration=8
  policy=off
  action=skip
  reason=balance disabled
  T_compute_interval_s=2.1504e-05
  T_comm_interval_s=0
  T_balance_total_s=0
  T_rebalance_apply_s=0
  T_compute_accum_s=0.000197632
  T_comm_accum_s=0
  T_balance_accum_s=0
  T_rebalance_apply_accum_s=0
  device_times_s:
    part[0]=1.1264e-05
    part[1]=2.1504e-05
  OLD loads:
    part[0] cum=50% share=50% device_global=0 rank=0 local_index=0 offset=0 count=500000
    part[1] cum=100% share=50% device_global=1 rank=1 local_index=-1 offset=500000 count=500000
    total=100%
  CURRENT loads:
    part[0] cum=50% share=50% device_global=0 rank=0 local_index=0 offset=0 count=500000
    part[1] cum=100% share=50% device_global=1 rank=1 local_index=-1 offset=500000 count=500000
    total=100%
[DCL][balance-metrics] iteration=9
  policy=off
  action=skip
  reason=balance disabled
  T_compute_interval_s=3.6864e-05
  T_comm_interval_s=0
  T_balance_total_s=0
  T_rebalance_apply_s=0
  T_compute_accum_s=0.000234496
  T_comm_accum_s=0
  T_balance_accum_s=0
  T_rebalance_apply_accum_s=0
  device_times_s:
    part[0]=1.4336e-05
    part[1]=3.6864e-05
  OLD loads:
    part[0] cum=50% share=50% device_global=0 rank=0 local_index=0 offset=0 count=500000
    part[1] cum=100% share=50% device_global=1 rank=1 local_index=-1 offset=500000 count=500000
    total=100%
  CURRENT loads:
    part[0] cum=50% share=50% device_global=0 rank=0 local_index=0 offset=0 count=500000
    part[1] cum=100% share=50% device_global=1 rank=1 local_index=-1 offset=500000 count=500000
    total=100%
[DCL][balance-metrics] iteration=10
  policy=off
  action=skip
  reason=balance disabled
  T_compute_interval_s=2.1504e-05
  T_comm_interval_s=0
  T_balance_total_s=0
  T_rebalance_apply_s=0
  T_compute_accum_s=0.000256
  T_comm_accum_s=0
  T_balance_accum_s=0
  T_rebalance_apply_accum_s=0
  device_times_s:
    part[0]=1.1264e-05
    part[1]=2.1504e-05
  OLD loads:
    part[0] cum=50% share=50% device_global=0 rank=0 local_index=0 offset=0 count=500000
    part[1] cum=100% share=50% device_global=1 rank=1 local_index=-1 offset=500000 count=500000
    total=100%
  CURRENT loads:
    part[0] cum=50% share=50% device_global=0 rank=0 local_index=0 offset=0 count=500000
    part[1] cum=100% share=50% device_global=1 rank=1 local_index=-1 offset=500000 count=500000
    total=100%
DCL loads by partition:
  part[0] device_global=0 rank=0 local_index=0 offset=0 count=656250 cum=65.625% share=65.625%
  part[1] device_global=1 rank=1 local_index=-1 offset=656250 count=343750 cum=100% share=34.375%
  total_share=100%
[DCL][balance-metrics] iteration=11
  policy=off
  action=skip
  reason=balance disabled
  T_compute_interval_s=2.1504e-05
  T_comm_interval_s=0
  T_balance_total_s=0
  T_rebalance_apply_s=0
  T_compute_accum_s=0.000277504
  T_comm_accum_s=0
  T_balance_accum_s=0
  T_rebalance_apply_accum_s=0
  device_times_s:
    part[0]=1.4336e-05
    part[1]=2.1504e-05
  OLD loads:
    part[0] cum=65.625% share=65.625% device_global=0 rank=0 local_index=0 offset=0 count=656250
    part[1] cum=100% share=34.375% device_global=1 rank=1 local_index=-1 offset=656250 count=343750
    total=100%
  CURRENT loads:
    part[0] cum=65.625% share=65.625% device_global=0 rank=0 local_index=0 offset=0 count=656250
    part[1] cum=100% share=34.375% device_global=1 rank=1 local_index=-1 offset=656250 count=343750
    total=100%
[DCL][balance-metrics] iteration=12
  policy=off
  action=skip
  reason=balance disabled
  T_compute_interval_s=1.3312e-05
  T_comm_interval_s=0
  T_balance_total_s=0
  T_rebalance_apply_s=0
  T_compute_accum_s=0.000290816
  T_comm_accum_s=0
  T_balance_accum_s=0
  T_rebalance_apply_accum_s=0
  device_times_s:
    part[0]=1.3312e-05
    part[1]=1.024e-05
  OLD loads:
    part[0] cum=65.625% share=65.625% device_global=0 rank=0 local_index=0 offset=0 count=656250
    part[1] cum=100% share=34.375% device_global=1 rank=1 local_index=-1 offset=656250 count=343750
    total=100%
  CURRENT loads:
    part[0] cum=65.625% share=65.625% device_global=0 rank=0 local_index=0 offset=0 count=656250
    part[1] cum=100% share=34.375% device_global=1 rank=1 local_index=-1 offset=656250 count=343750
    total=100%
[DCL][balance-metrics] iteration=13
  policy=off
  action=skip
  reason=balance disabled
  T_compute_interval_s=1.3312e-05
  T_comm_interval_s=0
  T_balance_total_s=0
  T_rebalance_apply_s=0
  T_compute_accum_s=0.000304128
  T_comm_accum_s=0
  T_balance_accum_s=0
  T_rebalance_apply_accum_s=0
  device_times_s:
    part[0]=1.3312e-05
    part[1]=1.2288e-05
  OLD loads:
    part[0] cum=65.625% share=65.625% device_global=0 rank=0 local_index=0 offset=0 count=656250
    part[1] cum=100% share=34.375% device_global=1 rank=1 local_index=-1 offset=656250 count=343750
    total=100%
  CURRENT loads:
    part[0] cum=65.625% share=65.625% device_global=0 rank=0 local_index=0 offset=0 count=656250
    part[1] cum=100% share=34.375% device_global=1 rank=1 local_index=-1 offset=656250 count=343750
    total=100%
[DCL][balance-metrics] iteration=14
  policy=off
  action=skip
  reason=balance disabled
  T_compute_interval_s=1.3312e-05
  T_comm_interval_s=0
  T_balance_total_s=0
  T_rebalance_apply_s=0
  T_compute_accum_s=0.00031744
  T_comm_accum_s=0
  T_balance_accum_s=0
  T_rebalance_apply_accum_s=0
  device_times_s:
    part[0]=1.3312e-05
    part[1]=9.216e-06
  OLD loads:
    part[0] cum=65.625% share=65.625% device_global=0 rank=0 local_index=0 offset=0 count=656250
    part[1] cum=100% share=34.375% device_global=1 rank=1 local_index=-1 offset=656250 count=343750
    total=100%
  CURRENT loads:
    part[0] cum=65.625% share=65.625% device_global=0 rank=0 local_index=0 offset=0 count=656250
    part[1] cum=100% share=34.375% device_global=1 rank=1 local_index=-1 offset=656250 count=343750
    total=100%
[DCL][balance-metrics] iteration=15
  policy=off
  action=skip
  reason=balance disabled
  T_compute_interval_s=1.3312e-05
  T_comm_interval_s=0
  T_balance_total_s=0
  T_rebalance_apply_s=0
  T_compute_accum_s=0.000330752
  T_comm_accum_s=0
  T_balance_accum_s=0
  T_rebalance_apply_accum_s=0
  device_times_s:
    part[0]=1.3312e-05
    part[1]=1.2288e-05
  OLD loads:
    part[0] cum=65.625% share=65.625% device_global=0 rank=0 local_index=0 offset=0 count=656250
    part[1] cum=100% share=34.375% device_global=1 rank=1 local_index=-1 offset=656250 count=343750
    total=100%
  CURRENT loads:
    part[0] cum=65.625% share=65.625% device_global=0 rank=0 local_index=0 offset=0 count=656250
    part[1] cum=100% share=34.375% device_global=1 rank=1 local_index=-1 offset=656250 count=343750
    total=100%
[DCL][balance-metrics] iteration=16
  policy=off
  action=skip
  reason=balance disabled
  T_compute_interval_s=1.3312e-05
  T_comm_interval_s=0
  T_balance_total_s=0
  T_rebalance_apply_s=0
  T_compute_accum_s=0.000344064
  T_comm_accum_s=0
  T_balance_accum_s=0
  T_rebalance_apply_accum_s=0
  device_times_s:
    part[0]=1.3312e-05
    part[1]=9.216e-06
  OLD loads:
    part[0] cum=65.625% share=65.625% device_global=0 rank=0 local_index=0 offset=0 count=656250
    part[1] cum=100% share=34.375% device_global=1 rank=1 local_index=-1 offset=656250 count=343750
    total=100%
  CURRENT loads:
    part[0] cum=65.625% share=65.625% device_global=0 rank=0 local_index=0 offset=0 count=656250
    part[1] cum=100% share=34.375% device_global=1 rank=1 local_index=-1 offset=656250 count=343750
    total=100%
[DCL][balance-metrics] iteration=17
  policy=off
  action=skip
  reason=balance disabled
  T_compute_interval_s=1.3312e-05
  T_comm_interval_s=0
  T_balance_total_s=0
  T_rebalance_apply_s=0
  T_compute_accum_s=0.000357376
  T_comm_accum_s=0
  T_balance_accum_s=0
  T_rebalance_apply_accum_s=0
  device_times_s:
    part[0]=1.3312e-05
    part[1]=8.192e-06
  OLD loads:
    part[0] cum=65.625% share=65.625% device_global=0 rank=0 local_index=0 offset=0 count=656250
    part[1] cum=100% share=34.375% device_global=1 rank=1 local_index=-1 offset=656250 count=343750
    total=100%
  CURRENT loads:
    part[0] cum=65.625% share=65.625% device_global=0 rank=0 local_index=0 offset=0 count=656250
    part[1] cum=100% share=34.375% device_global=1 rank=1 local_index=-1 offset=656250 count=343750
    total=100%
[DCL][balance-metrics] iteration=18
  policy=off
  action=skip
  reason=balance disabled
  T_compute_interval_s=1.2288e-05
  T_comm_interval_s=0
  T_balance_total_s=0
  T_rebalance_apply_s=0
  T_compute_accum_s=0.000369664
  T_comm_accum_s=0
  T_balance_accum_s=0
  T_rebalance_apply_accum_s=0
  device_times_s:
    part[0]=1.2288e-05
    part[1]=1.024e-05
  OLD loads:
    part[0] cum=65.625% share=65.625% device_global=0 rank=0 local_index=0 offset=0 count=656250
    part[1] cum=100% share=34.375% device_global=1 rank=1 local_index=-1 offset=656250 count=343750
    total=100%
  CURRENT loads:
    part[0] cum=65.625% share=65.625% device_global=0 rank=0 local_index=0 offset=0 count=656250
    part[1] cum=100% share=34.375% device_global=1 rank=1 local_index=-1 offset=656250 count=343750
    total=100%
[DCL][balance-metrics] iteration=19
  policy=off
  action=skip
  reason=balance disabled
  T_compute_interval_s=1.2288e-05
  T_comm_interval_s=0
  T_balance_total_s=0
  T_rebalance_apply_s=0
  T_compute_accum_s=0.000381952
  T_comm_accum_s=0
  T_balance_accum_s=0
  T_rebalance_apply_accum_s=0
  device_times_s:
    part[0]=1.2288e-05
    part[1]=9.216e-06
  OLD loads:
    part[0] cum=65.625% share=65.625% device_global=0 rank=0 local_index=0 offset=0 count=656250
    part[1] cum=100% share=34.375% device_global=1 rank=1 local_index=-1 offset=656250 count=343750
    total=100%
  CURRENT loads:
    part[0] cum=65.625% share=65.625% device_global=0 rank=0 local_index=0 offset=0 count=656250
    part[1] cum=100% share=34.375% device_global=1 rank=1 local_index=-1 offset=656250 count=343750
    total=100%
[DCL][balance-metrics] iteration=20
  policy=off
  action=skip
  reason=balance disabled
  T_compute_interval_s=1.536e-05
  T_comm_interval_s=0
  T_balance_total_s=0
  T_rebalance_apply_s=0
  T_compute_accum_s=0.000397312
  T_comm_accum_s=0
  T_balance_accum_s=0
  T_rebalance_apply_accum_s=0
  device_times_s:
    part[0]=1.4336e-05
    part[1]=1.536e-05
  OLD loads:
    part[0] cum=65.625% share=65.625% device_global=0 rank=0 local_index=0 offset=0 count=656250
    part[1] cum=100% share=34.375% device_global=1 rank=1 local_index=-1 offset=656250 count=343750
    total=100%
  CURRENT loads:
    part[0] cum=65.625% share=65.625% device_global=0 rank=0 local_index=0 offset=0 count=656250
    part[1] cum=100% share=34.375% device_global=1 rank=1 local_index=-1 offset=656250 count=343750
    total=100%
DCL loads by partition:
  part[0] device_global=0 rank=0 local_index=0 offset=0 count=671642 cum=67.1642% share=67.1642%
  part[1] device_global=1 rank=1 local_index=-1 offset=671642 count=328358 cum=100% share=32.8358%
  total_share=100%
[DCL][balance-metrics] iteration=21
  policy=off
  action=skip
  reason=balance disabled
  T_compute_interval_s=0.000257024
  T_comm_interval_s=0
  T_balance_total_s=0
  T_rebalance_apply_s=0
  T_compute_accum_s=0.000654336
  T_comm_accum_s=0
  T_balance_accum_s=0
  T_rebalance_apply_accum_s=0
  device_times_s:
    part[0]=0.000257024
    part[1]=2.048e-05
  OLD loads:
    part[0] cum=67.1642% share=67.1642% device_global=0 rank=0 local_index=0 offset=0 count=671642
    part[1] cum=100% share=32.8358% device_global=1 rank=1 local_index=-1 offset=671642 count=328358
    total=100%
  CURRENT loads:
    part[0] cum=67.1642% share=67.1642% device_global=0 rank=0 local_index=0 offset=0 count=671642
    part[1] cum=100% share=32.8358% device_global=1 rank=1 local_index=-1 offset=671642 count=328358
    total=100%
[DCL][balance-metrics] iteration=22
  policy=off
  action=skip
  reason=balance disabled
  T_compute_interval_s=0.000256
  T_comm_interval_s=0
  T_balance_total_s=0
  T_rebalance_apply_s=0
  T_compute_accum_s=0.000910336
  T_comm_accum_s=0
  T_balance_accum_s=0
  T_rebalance_apply_accum_s=0
  device_times_s:
    part[0]=0.000256
    part[1]=1.3312e-05
  OLD loads:
    part[0] cum=67.1642% share=67.1642% device_global=0 rank=0 local_index=0 offset=0 count=671642
    part[1] cum=100% share=32.8358% device_global=1 rank=1 local_index=-1 offset=671642 count=328358
    total=100%
  CURRENT loads:
    part[0] cum=67.1642% share=67.1642% device_global=0 rank=0 local_index=0 offset=0 count=671642
    part[1] cum=100% share=32.8358% device_global=1 rank=1 local_index=-1 offset=671642 count=328358
    total=100%
[DCL][balance-metrics] iteration=23
  policy=off
  action=skip
  reason=balance disabled
  T_compute_interval_s=0.000258048
  T_comm_interval_s=0
  T_balance_total_s=0
  T_rebalance_apply_s=0
  T_compute_accum_s=0.00116838
  T_comm_accum_s=0
  T_balance_accum_s=0
  T_rebalance_apply_accum_s=0
  device_times_s:
    part[0]=0.000258048
    part[1]=1.2288e-05
  OLD loads:
    part[0] cum=67.1642% share=67.1642% device_global=0 rank=0 local_index=0 offset=0 count=671642
    part[1] cum=100% share=32.8358% device_global=1 rank=1 local_index=-1 offset=671642 count=328358
    total=100%
  CURRENT loads:
    part[0] cum=67.1642% share=67.1642% device_global=0 rank=0 local_index=0 offset=0 count=671642
    part[1] cum=100% share=32.8358% device_global=1 rank=1 local_index=-1 offset=671642 count=328358
    total=100%
[DCL][balance-metrics] iteration=24
  policy=off
  action=skip
  reason=balance disabled
  T_compute_interval_s=0.000256
  T_comm_interval_s=0
  T_balance_total_s=0
  T_rebalance_apply_s=0
  T_compute_accum_s=0.00142438
  T_comm_accum_s=0
  T_balance_accum_s=0
  T_rebalance_apply_accum_s=0
  device_times_s:
    part[0]=0.000256
    part[1]=1.3312e-05
  OLD loads:
    part[0] cum=67.1642% share=67.1642% device_global=0 rank=0 local_index=0 offset=0 count=671642
    part[1] cum=100% share=32.8358% device_global=1 rank=1 local_index=-1 offset=671642 count=328358
    total=100%
  CURRENT loads:
    part[0] cum=67.1642% share=67.1642% device_global=0 rank=0 local_index=0 offset=0 count=671642
    part[1] cum=100% share=32.8358% device_global=1 rank=1 local_index=-1 offset=671642 count=328358
    total=100%
[DCL][balance-metrics] iteration=25
  policy=off
  action=skip
  reason=balance disabled
  T_compute_interval_s=0.000254976
  T_comm_interval_s=0
  T_balance_total_s=0
  T_rebalance_apply_s=0
  T_compute_accum_s=0.00167936
  T_comm_accum_s=0
  T_balance_accum_s=0
  T_rebalance_apply_accum_s=0
  device_times_s:
    part[0]=0.000254976
    part[1]=1.536e-05
  OLD loads:
    part[0] cum=67.1642% share=67.1642% device_global=0 rank=0 local_index=0 offset=0 count=671642
    part[1] cum=100% share=32.8358% device_global=1 rank=1 local_index=-1 offset=671642 count=328358
    total=100%
  CURRENT loads:
    part[0] cum=67.1642% share=67.1642% device_global=0 rank=0 local_index=0 offset=0 count=671642
    part[1] cum=100% share=32.8358% device_global=1 rank=1 local_index=-1 offset=671642 count=328358
    total=100%
[DCL][balance-metrics] iteration=26
  policy=off
  action=skip
  reason=balance disabled
  T_compute_interval_s=0.000256
  T_comm_interval_s=0
  T_balance_total_s=0
  T_rebalance_apply_s=0
  T_compute_accum_s=0.00193536
  T_comm_accum_s=0
  T_balance_accum_s=0
  T_rebalance_apply_accum_s=0
  device_times_s:
    part[0]=0.000256
    part[1]=1.2288e-05
  OLD loads:
    part[0] cum=67.1642% share=67.1642% device_global=0 rank=0 local_index=0 offset=0 count=671642
    part[1] cum=100% share=32.8358% device_global=1 rank=1 local_index=-1 offset=671642 count=328358
    total=100%
  CURRENT loads:
    part[0] cum=67.1642% share=67.1642% device_global=0 rank=0 local_index=0 offset=0 count=671642
    part[1] cum=100% share=32.8358% device_global=1 rank=1 local_index=-1 offset=671642 count=328358
    total=100%
[DCL][balance-metrics] iteration=27
  policy=off
  action=skip
  reason=balance disabled
  T_compute_interval_s=0.000257024
  T_comm_interval_s=0
  T_balance_total_s=0
  T_rebalance_apply_s=0
  T_compute_accum_s=0.00219238
  T_comm_accum_s=0
  T_balance_accum_s=0
  T_rebalance_apply_accum_s=0
  device_times_s:
    part[0]=0.000257024
    part[1]=1.3312e-05
  OLD loads:
    part[0] cum=67.1642% share=67.1642% device_global=0 rank=0 local_index=0 offset=0 count=671642
    part[1] cum=100% share=32.8358% device_global=1 rank=1 local_index=-1 offset=671642 count=328358
    total=100%
  CURRENT loads:
    part[0] cum=67.1642% share=67.1642% device_global=0 rank=0 local_index=0 offset=0 count=671642
    part[1] cum=100% share=32.8358% device_global=1 rank=1 local_index=-1 offset=671642 count=328358
    total=100%
[DCL][balance-metrics] iteration=28
  policy=off
  action=skip
  reason=balance disabled
  T_compute_interval_s=0.000257024
  T_comm_interval_s=0
  T_balance_total_s=0
  T_rebalance_apply_s=0
  T_compute_accum_s=0.00244941
  T_comm_accum_s=0
  T_balance_accum_s=0
  T_rebalance_apply_accum_s=0
  device_times_s:
    part[0]=0.000257024
    part[1]=1.2288e-05
  OLD loads:
    part[0] cum=67.1642% share=67.1642% device_global=0 rank=0 local_index=0 offset=0 count=671642
    part[1] cum=100% share=32.8358% device_global=1 rank=1 local_index=-1 offset=671642 count=328358
    total=100%
  CURRENT loads:
    part[0] cum=67.1642% share=67.1642% device_global=0 rank=0 local_index=0 offset=0 count=671642
    part[1] cum=100% share=32.8358% device_global=1 rank=1 local_index=-1 offset=671642 count=328358
    total=100%
[DCL][balance-metrics] iteration=29
  policy=off
  action=skip
  reason=balance disabled
  T_compute_interval_s=0.000259072
  T_comm_interval_s=0
  T_balance_total_s=0
  T_rebalance_apply_s=0
  T_compute_accum_s=0.00270848
  T_comm_accum_s=0
  T_balance_accum_s=0
  T_rebalance_apply_accum_s=0
  device_times_s:
    part[0]=0.000259072
    part[1]=1.1264e-05
  OLD loads:
    part[0] cum=67.1642% share=67.1642% device_global=0 rank=0 local_index=0 offset=0 count=671642
    part[1] cum=100% share=32.8358% device_global=1 rank=1 local_index=-1 offset=671642 count=328358
    total=100%
  CURRENT loads:
    part[0] cum=67.1642% share=67.1642% device_global=0 rank=0 local_index=0 offset=0 count=671642
    part[1] cum=100% share=32.8358% device_global=1 rank=1 local_index=-1 offset=671642 count=328358
    total=100%
[DCL][balance-metrics] iteration=30
  policy=off
  action=skip
  reason=balance disabled
  T_compute_interval_s=0.000256
  T_comm_interval_s=0
  T_balance_total_s=0
  T_rebalance_apply_s=0
  T_compute_accum_s=0.00296448
  T_comm_accum_s=0
  T_balance_accum_s=0
  T_rebalance_apply_accum_s=0
  device_times_s:
    part[0]=0.000256
    part[1]=1.2288e-05
  OLD loads:
    part[0] cum=67.1642% share=67.1642% device_global=0 rank=0 local_index=0 offset=0 count=671642
    part[1] cum=100% share=32.8358% device_global=1 rank=1 local_index=-1 offset=671642 count=328358
    total=100%
  CURRENT loads:
    part[0] cum=67.1642% share=67.1642% device_global=0 rank=0 local_index=0 offset=0 count=671642
    part[1] cum=100% share=32.8358% device_global=1 rank=1 local_index=-1 offset=671642 count=328358
    total=100%
DCL loads by partition:
  part[0] device_global=0 rank=0 local_index=0 offset=0 count=89404 cum=8.9404% share=8.9404%
  part[1] device_global=1 rank=1 local_index=-1 offset=89404 count=910596 cum=100% share=91.0596%
  total_share=100%
[DCL][balance-metrics] iteration=31
  policy=off
  action=skip
  reason=balance disabled
  T_compute_interval_s=8.704e-05
  T_comm_interval_s=0
  T_balance_total_s=0
  T_rebalance_apply_s=0
  T_compute_accum_s=0.00305152
  T_comm_accum_s=0
  T_balance_accum_s=0
  T_rebalance_apply_accum_s=0
  device_times_s:
    part[0]=1.024e-05
    part[1]=8.704e-05
  OLD loads:
    part[0] cum=8.9404% share=8.9404% device_global=0 rank=0 local_index=0 offset=0 count=89404
    part[1] cum=100% share=91.0596% device_global=1 rank=1 local_index=-1 offset=89404 count=910596
    total=100%
  CURRENT loads:
    part[0] cum=8.9404% share=8.9404% device_global=0 rank=0 local_index=0 offset=0 count=89404
    part[1] cum=100% share=91.0596% device_global=1 rank=1 local_index=-1 offset=89404 count=910596
    total=100%
[DCL][balance-metrics] iteration=32
  policy=off
  action=skip
  reason=balance disabled
  T_compute_interval_s=6.4512e-05
  T_comm_interval_s=0
  T_balance_total_s=0
  T_rebalance_apply_s=0
  T_compute_accum_s=0.00311603
  T_comm_accum_s=0
  T_balance_accum_s=0
  T_rebalance_apply_accum_s=0
  device_times_s:
    part[0]=8.192e-06
    part[1]=6.4512e-05
  OLD loads:
    part[0] cum=8.9404% share=8.9404% device_global=0 rank=0 local_index=0 offset=0 count=89404
    part[1] cum=100% share=91.0596% device_global=1 rank=1 local_index=-1 offset=89404 count=910596
    total=100%
  CURRENT loads:
    part[0] cum=8.9404% share=8.9404% device_global=0 rank=0 local_index=0 offset=0 count=89404
    part[1] cum=100% share=91.0596% device_global=1 rank=1 local_index=-1 offset=89404 count=910596
    total=100%
[DCL][balance-metrics] iteration=33
  policy=off
  action=skip
  reason=balance disabled
  T_compute_interval_s=6.3488e-05
  T_comm_interval_s=0
  T_balance_total_s=0
  T_rebalance_apply_s=0
  T_compute_accum_s=0.00317952
  T_comm_accum_s=0
  T_balance_accum_s=0
  T_rebalance_apply_accum_s=0
  device_times_s:
    part[0]=8.192e-06
    part[1]=6.3488e-05
  OLD loads:
    part[0] cum=8.9404% share=8.9404% device_global=0 rank=0 local_index=0 offset=0 count=89404
    part[1] cum=100% share=91.0596% device_global=1 rank=1 local_index=-1 offset=89404 count=910596
    total=100%
  CURRENT loads:
    part[0] cum=8.9404% share=8.9404% device_global=0 rank=0 local_index=0 offset=0 count=89404
    part[1] cum=100% share=91.0596% device_global=1 rank=1 local_index=-1 offset=89404 count=910596
    total=100%
[DCL][balance-metrics] iteration=34
  policy=off
  action=skip
  reason=balance disabled
  T_compute_interval_s=6.3488e-05
  T_comm_interval_s=0
  T_balance_total_s=0
  T_rebalance_apply_s=0
  T_compute_accum_s=0.00324301
  T_comm_accum_s=0
  T_balance_accum_s=0
  T_rebalance_apply_accum_s=0
  device_times_s:
    part[0]=8.192e-06
    part[1]=6.3488e-05
  OLD loads:
    part[0] cum=8.9404% share=8.9404% device_global=0 rank=0 local_index=0 offset=0 count=89404
    part[1] cum=100% share=91.0596% device_global=1 rank=1 local_index=-1 offset=89404 count=910596
    total=100%
  CURRENT loads:
    part[0] cum=8.9404% share=8.9404% device_global=0 rank=0 local_index=0 offset=0 count=89404
    part[1] cum=100% share=91.0596% device_global=1 rank=1 local_index=-1 offset=89404 count=910596
    total=100%
[DCL][balance-metrics] iteration=35
  policy=off
  action=skip
  reason=balance disabled
  T_compute_interval_s=7.0656e-05
  T_comm_interval_s=0
  T_balance_total_s=0
  T_rebalance_apply_s=0
  T_compute_accum_s=0.00331366
  T_comm_accum_s=0
  T_balance_accum_s=0
  T_rebalance_apply_accum_s=0
  device_times_s:
    part[0]=1.024e-05
    part[1]=7.0656e-05
  OLD loads:
    part[0] cum=8.9404% share=8.9404% device_global=0 rank=0 local_index=0 offset=0 count=89404
    part[1] cum=100% share=91.0596% device_global=1 rank=1 local_index=-1 offset=89404 count=910596
    total=100%
  CURRENT loads:
    part[0] cum=8.9404% share=8.9404% device_global=0 rank=0 local_index=0 offset=0 count=89404
    part[1] cum=100% share=91.0596% device_global=1 rank=1 local_index=-1 offset=89404 count=910596
    total=100%
[DCL][balance-metrics] iteration=36
  policy=off
  action=skip
  reason=balance disabled
  T_compute_interval_s=7.9872e-05
  T_comm_interval_s=0
  T_balance_total_s=0
  T_rebalance_apply_s=0
  T_compute_accum_s=0.00339354
  T_comm_accum_s=0
  T_balance_accum_s=0
  T_rebalance_apply_accum_s=0
  device_times_s:
    part[0]=8.192e-06
    part[1]=7.9872e-05
  OLD loads:
    part[0] cum=8.9404% share=8.9404% device_global=0 rank=0 local_index=0 offset=0 count=89404
    part[1] cum=100% share=91.0596% device_global=1 rank=1 local_index=-1 offset=89404 count=910596
    total=100%
  CURRENT loads:
    part[0] cum=8.9404% share=8.9404% device_global=0 rank=0 local_index=0 offset=0 count=89404
    part[1] cum=100% share=91.0596% device_global=1 rank=1 local_index=-1 offset=89404 count=910596
    total=100%
[DCL][balance-metrics] iteration=37
  policy=off
  action=skip
  reason=balance disabled
  T_compute_interval_s=7.5776e-05
  T_comm_interval_s=0
  T_balance_total_s=0
  T_rebalance_apply_s=0
  T_compute_accum_s=0.00346931
  T_comm_accum_s=0
  T_balance_accum_s=0
  T_rebalance_apply_accum_s=0
  device_times_s:
    part[0]=7.168e-06
    part[1]=7.5776e-05
  OLD loads:
    part[0] cum=8.9404% share=8.9404% device_global=0 rank=0 local_index=0 offset=0 count=89404
    part[1] cum=100% share=91.0596% device_global=1 rank=1 local_index=-1 offset=89404 count=910596
    total=100%
  CURRENT loads:
    part[0] cum=8.9404% share=8.9404% device_global=0 rank=0 local_index=0 offset=0 count=89404
    part[1] cum=100% share=91.0596% device_global=1 rank=1 local_index=-1 offset=89404 count=910596
    total=100%
[DCL][balance-metrics] iteration=38
  policy=off
  action=skip
  reason=balance disabled
  T_compute_interval_s=7.3728e-05
  T_comm_interval_s=0
  T_balance_total_s=0
  T_rebalance_apply_s=0
  T_compute_accum_s=0.00354304
  T_comm_accum_s=0
  T_balance_accum_s=0
  T_rebalance_apply_accum_s=0
  device_times_s:
    part[0]=7.168e-06
    part[1]=7.3728e-05
  OLD loads:
    part[0] cum=8.9404% share=8.9404% device_global=0 rank=0 local_index=0 offset=0 count=89404
    part[1] cum=100% share=91.0596% device_global=1 rank=1 local_index=-1 offset=89404 count=910596
    total=100%
  CURRENT loads:
    part[0] cum=8.9404% share=8.9404% device_global=0 rank=0 local_index=0 offset=0 count=89404
    part[1] cum=100% share=91.0596% device_global=1 rank=1 local_index=-1 offset=89404 count=910596
    total=100%
[DCL][balance-metrics] iteration=39
  policy=off
  action=skip
  reason=balance disabled
  T_compute_interval_s=7.168e-05
  T_comm_interval_s=0
  T_balance_total_s=0
  T_rebalance_apply_s=0
  T_compute_accum_s=0.00361472
  T_comm_accum_s=0
  T_balance_accum_s=0
  T_rebalance_apply_accum_s=0
  device_times_s:
    part[0]=7.168e-06
    part[1]=7.168e-05
  OLD loads:
    part[0] cum=8.9404% share=8.9404% device_global=0 rank=0 local_index=0 offset=0 count=89404
    part[1] cum=100% share=91.0596% device_global=1 rank=1 local_index=-1 offset=89404 count=910596
    total=100%
  CURRENT loads:
    part[0] cum=8.9404% share=8.9404% device_global=0 rank=0 local_index=0 offset=0 count=89404
    part[1] cum=100% share=91.0596% device_global=1 rank=1 local_index=-1 offset=89404 count=910596
    total=100%
[DCL][balance-metrics] iteration=40
  policy=off
  action=skip
  reason=balance disabled
  T_compute_interval_s=6.5536e-05
  T_comm_interval_s=0
  T_balance_total_s=0
  T_rebalance_apply_s=0
  T_compute_accum_s=0.00368026
  T_comm_accum_s=0
  T_balance_accum_s=0
  T_rebalance_apply_accum_s=0
  device_times_s:
    part[0]=7.168e-06
    part[1]=6.5536e-05
  OLD loads:
    part[0] cum=8.9404% share=8.9404% device_global=0 rank=0 local_index=0 offset=0 count=89404
    part[1] cum=100% share=91.0596% device_global=1 rank=1 local_index=-1 offset=89404 count=910596
    total=100%
  CURRENT loads:
    part[0] cum=8.9404% share=8.9404% device_global=0 rank=0 local_index=0 offset=0 count=89404
    part[1] cum=100% share=91.0596% device_global=1 rank=1 local_index=-1 offset=89404 count=910596
    total=100%
DCL loads by partition:
  part[0] device_global=0 rank=0 local_index=0 offset=0 count=473036 cum=47.3036% share=47.3036%
  part[1] device_global=1 rank=1 local_index=-1 offset=473036 count=526964 cum=100% share=52.6964%
  total_share=100%
[DCL][balance-metrics] iteration=41
  policy=off
  action=skip
  reason=balance disabled
  T_compute_interval_s=9.6256e-05
  T_comm_interval_s=0
  T_balance_total_s=0
  T_rebalance_apply_s=0
  T_compute_accum_s=0.00377651
  T_comm_accum_s=0
  T_balance_accum_s=0
  T_rebalance_apply_accum_s=0
  device_times_s:
    part[0]=9.6256e-05
    part[1]=2.048e-05
  OLD loads:
    part[0] cum=47.3036% share=47.3036% device_global=0 rank=0 local_index=0 offset=0 count=473036
    part[1] cum=100% share=52.6964% device_global=1 rank=1 local_index=-1 offset=473036 count=526964
    total=100%
  CURRENT loads:
    part[0] cum=47.3036% share=47.3036% device_global=0 rank=0 local_index=0 offset=0 count=473036
    part[1] cum=100% share=52.6964% device_global=1 rank=1 local_index=-1 offset=473036 count=526964
    total=100%
[DCL][balance-metrics] iteration=42
  policy=off
  action=skip
  reason=balance disabled
  T_compute_interval_s=9.5232e-05
  T_comm_interval_s=0
  T_balance_total_s=0
  T_rebalance_apply_s=0
  T_compute_accum_s=0.00387174
  T_comm_accum_s=0
  T_balance_accum_s=0
  T_rebalance_apply_accum_s=0
  device_times_s:
    part[0]=9.5232e-05
    part[1]=1.3312e-05
  OLD loads:
    part[0] cum=47.3036% share=47.3036% device_global=0 rank=0 local_index=0 offset=0 count=473036
    part[1] cum=100% share=52.6964% device_global=1 rank=1 local_index=-1 offset=473036 count=526964
    total=100%
  CURRENT loads:
    part[0] cum=47.3036% share=47.3036% device_global=0 rank=0 local_index=0 offset=0 count=473036
    part[1] cum=100% share=52.6964% device_global=1 rank=1 local_index=-1 offset=473036 count=526964
    total=100%
[DCL][balance-metrics] iteration=43
  policy=off
  action=skip
  reason=balance disabled
  T_compute_interval_s=9.5232e-05
  T_comm_interval_s=0
  T_balance_total_s=0
  T_rebalance_apply_s=0
  T_compute_accum_s=0.00396698
  T_comm_accum_s=0
  T_balance_accum_s=0
  T_rebalance_apply_accum_s=0
  device_times_s:
    part[0]=9.5232e-05
    part[1]=1.1264e-05
  OLD loads:
    part[0] cum=47.3036% share=47.3036% device_global=0 rank=0 local_index=0 offset=0 count=473036
    part[1] cum=100% share=52.6964% device_global=1 rank=1 local_index=-1 offset=473036 count=526964
    total=100%
  CURRENT loads:
    part[0] cum=47.3036% share=47.3036% device_global=0 rank=0 local_index=0 offset=0 count=473036
    part[1] cum=100% share=52.6964% device_global=1 rank=1 local_index=-1 offset=473036 count=526964
    total=100%
[DCL][balance-metrics] iteration=44
  policy=off
  action=skip
  reason=balance disabled
  T_compute_interval_s=9.4208e-05
  T_comm_interval_s=0
  T_balance_total_s=0
  T_rebalance_apply_s=0
  T_compute_accum_s=0.00406118
  T_comm_accum_s=0
  T_balance_accum_s=0
  T_rebalance_apply_accum_s=0
  device_times_s:
    part[0]=9.4208e-05
    part[1]=1.024e-05
  OLD loads:
    part[0] cum=47.3036% share=47.3036% device_global=0 rank=0 local_index=0 offset=0 count=473036
    part[1] cum=100% share=52.6964% device_global=1 rank=1 local_index=-1 offset=473036 count=526964
    total=100%
  CURRENT loads:
    part[0] cum=47.3036% share=47.3036% device_global=0 rank=0 local_index=0 offset=0 count=473036
    part[1] cum=100% share=52.6964% device_global=1 rank=1 local_index=-1 offset=473036 count=526964
    total=100%
[DCL][balance-metrics] iteration=45
  policy=off
  action=skip
  reason=balance disabled
  T_compute_interval_s=9.5232e-05
  T_comm_interval_s=0
  T_balance_total_s=0
  T_rebalance_apply_s=0
  T_compute_accum_s=0.00415642
  T_comm_accum_s=0
  T_balance_accum_s=0
  T_rebalance_apply_accum_s=0
  device_times_s:
    part[0]=9.5232e-05
    part[1]=1.024e-05
  OLD loads:
    part[0] cum=47.3036% share=47.3036% device_global=0 rank=0 local_index=0 offset=0 count=473036
    part[1] cum=100% share=52.6964% device_global=1 rank=1 local_index=-1 offset=473036 count=526964
    total=100%
  CURRENT loads:
    part[0] cum=47.3036% share=47.3036% device_global=0 rank=0 local_index=0 offset=0 count=473036
    part[1] cum=100% share=52.6964% device_global=1 rank=1 local_index=-1 offset=473036 count=526964
    total=100%
[DCL][balance-metrics] iteration=46
  policy=off
  action=skip
  reason=balance disabled
  T_compute_interval_s=9.5232e-05
  T_comm_interval_s=0
  T_balance_total_s=0
  T_rebalance_apply_s=0
  T_compute_accum_s=0.00425165
  T_comm_accum_s=0
  T_balance_accum_s=0
  T_rebalance_apply_accum_s=0
  device_times_s:
    part[0]=9.5232e-05
    part[1]=1.4336e-05
  OLD loads:
    part[0] cum=47.3036% share=47.3036% device_global=0 rank=0 local_index=0 offset=0 count=473036
    part[1] cum=100% share=52.6964% device_global=1 rank=1 local_index=-1 offset=473036 count=526964
    total=100%
  CURRENT loads:
    part[0] cum=47.3036% share=47.3036% device_global=0 rank=0 local_index=0 offset=0 count=473036
    part[1] cum=100% share=52.6964% device_global=1 rank=1 local_index=-1 offset=473036 count=526964
    total=100%
[DCL][balance-metrics] iteration=47
  policy=off
  action=skip
  reason=balance disabled
  T_compute_interval_s=9.4208e-05
  T_comm_interval_s=0
  T_balance_total_s=0
  T_rebalance_apply_s=0
  T_compute_accum_s=0.00434586
  T_comm_accum_s=0
  T_balance_accum_s=0
  T_rebalance_apply_accum_s=0
  device_times_s:
    part[0]=9.4208e-05
    part[1]=1.4336e-05
  OLD loads:
    part[0] cum=47.3036% share=47.3036% device_global=0 rank=0 local_index=0 offset=0 count=473036
    part[1] cum=100% share=52.6964% device_global=1 rank=1 local_index=-1 offset=473036 count=526964
    total=100%
  CURRENT loads:
    part[0] cum=47.3036% share=47.3036% device_global=0 rank=0 local_index=0 offset=0 count=473036
    part[1] cum=100% share=52.6964% device_global=1 rank=1 local_index=-1 offset=473036 count=526964
    total=100%
[DCL][balance-metrics] iteration=48
  policy=off
  action=skip
  reason=balance disabled
  T_compute_interval_s=9.5232e-05
  T_comm_interval_s=0
  T_balance_total_s=0
  T_rebalance_apply_s=0
  T_compute_accum_s=0.00444109
  T_comm_accum_s=0
  T_balance_accum_s=0
  T_rebalance_apply_accum_s=0
  device_times_s:
    part[0]=9.5232e-05
    part[1]=1.536e-05
  OLD loads:
    part[0] cum=47.3036% share=47.3036% device_global=0 rank=0 local_index=0 offset=0 count=473036
    part[1] cum=100% share=52.6964% device_global=1 rank=1 local_index=-1 offset=473036 count=526964
    total=100%
  CURRENT loads:
    part[0] cum=47.3036% share=47.3036% device_global=0 rank=0 local_index=0 offset=0 count=473036
    part[1] cum=100% share=52.6964% device_global=1 rank=1 local_index=-1 offset=473036 count=526964
    total=100%
[DCL][balance-metrics] iteration=49
  policy=off
  action=skip
  reason=balance disabled
  T_compute_interval_s=9.4208e-05
  T_comm_interval_s=0
  T_balance_total_s=0
  T_rebalance_apply_s=0
  T_compute_accum_s=0.0045353
  T_comm_accum_s=0
  T_balance_accum_s=0
  T_rebalance_apply_accum_s=0
  device_times_s:
    part[0]=9.4208e-05
    part[1]=1.3312e-05
  OLD loads:
    part[0] cum=47.3036% share=47.3036% device_global=0 rank=0 local_index=0 offset=0 count=473036
    part[1] cum=100% share=52.6964% device_global=1 rank=1 local_index=-1 offset=473036 count=526964
    total=100%
  CURRENT loads:
    part[0] cum=47.3036% share=47.3036% device_global=0 rank=0 local_index=0 offset=0 count=473036
    part[1] cum=100% share=52.6964% device_global=1 rank=1 local_index=-1 offset=473036 count=526964
    total=100%
[DCL][balance-metrics] iteration=50
  policy=off
  action=skip
  reason=balance disabled
  T_compute_interval_s=9.5232e-05
  T_comm_interval_s=0
  T_balance_total_s=0
  T_rebalance_apply_s=0
  T_compute_accum_s=0.00463053
  T_comm_accum_s=0
  T_balance_accum_s=0
  T_rebalance_apply_accum_s=0
  device_times_s:
    part[0]=9.5232e-05
    part[1]=1.1264e-05
  OLD loads:
    part[0] cum=47.3036% share=47.3036% device_global=0 rank=0 local_index=0 offset=0 count=473036
    part[1] cum=100% share=52.6964% device_global=1 rank=1 local_index=-1 offset=473036 count=526964
    total=100%
  CURRENT loads:
    part[0] cum=47.3036% share=47.3036% device_global=0 rank=0 local_index=0 offset=0 count=473036
    part[1] cum=100% share=52.6964% device_global=1 rank=1 local_index=-1 offset=473036 count=526964
    total=100%
DCL loads by partition:
  part[0] device_global=0 rank=0 local_index=0 offset=0 count=95984 cum=9.5984% share=9.5984%
  part[1] device_global=1 rank=1 local_index=-1 offset=95984 count=904016 cum=100% share=90.4016%
  total_share=100%
[DCL][balance-metrics] iteration=51
  policy=off
  action=skip
  reason=balance disabled
  T_compute_interval_s=6.0416e-05
  T_comm_interval_s=0
  T_balance_total_s=0
  T_rebalance_apply_s=0
  T_compute_accum_s=0.00469094
  T_comm_accum_s=0
  T_balance_accum_s=0
  T_rebalance_apply_accum_s=0
  device_times_s:
    part[0]=1.024e-05
    part[1]=6.0416e-05
  OLD loads:
    part[0] cum=9.5984% share=9.5984% device_global=0 rank=0 local_index=0 offset=0 count=95984
    part[1] cum=100% share=90.4016% device_global=1 rank=1 local_index=-1 offset=95984 count=904016
    total=100%
  CURRENT loads:
    part[0] cum=9.5984% share=9.5984% device_global=0 rank=0 local_index=0 offset=0 count=95984
    part[1] cum=100% share=90.4016% device_global=1 rank=1 local_index=-1 offset=95984 count=904016
    total=100%
[DCL][balance-metrics] iteration=52
  policy=off
  action=skip
  reason=balance disabled
  T_compute_interval_s=5.2224e-05
  T_comm_interval_s=0
  T_balance_total_s=0
  T_rebalance_apply_s=0
  T_compute_accum_s=0.00474317
  T_comm_accum_s=0
  T_balance_accum_s=0
  T_rebalance_apply_accum_s=0
  device_times_s:
    part[0]=7.168e-06
    part[1]=5.2224e-05
  OLD loads:
    part[0] cum=9.5984% share=9.5984% device_global=0 rank=0 local_index=0 offset=0 count=95984
    part[1] cum=100% share=90.4016% device_global=1 rank=1 local_index=-1 offset=95984 count=904016
    total=100%
  CURRENT loads:
    part[0] cum=9.5984% share=9.5984% device_global=0 rank=0 local_index=0 offset=0 count=95984
    part[1] cum=100% share=90.4016% device_global=1 rank=1 local_index=-1 offset=95984 count=904016
    total=100%
[DCL][balance-metrics] iteration=53
  policy=off
  action=skip
  reason=balance disabled
  T_compute_interval_s=5.12e-05
  T_comm_interval_s=0
  T_balance_total_s=0
  T_rebalance_apply_s=0
  T_compute_accum_s=0.00479437
  T_comm_accum_s=0
  T_balance_accum_s=0
  T_rebalance_apply_accum_s=0
  device_times_s:
    part[0]=7.168e-06
    part[1]=5.12e-05
  OLD loads:
    part[0] cum=9.5984% share=9.5984% device_global=0 rank=0 local_index=0 offset=0 count=95984
    part[1] cum=100% share=90.4016% device_global=1 rank=1 local_index=-1 offset=95984 count=904016
    total=100%
  CURRENT loads:
    part[0] cum=9.5984% share=9.5984% device_global=0 rank=0 local_index=0 offset=0 count=95984
    part[1] cum=100% share=90.4016% device_global=1 rank=1 local_index=-1 offset=95984 count=904016
    total=100%
[DCL][balance-metrics] iteration=54
  policy=off
  action=skip
  reason=balance disabled
  T_compute_interval_s=4.8128e-05
  T_comm_interval_s=0
  T_balance_total_s=0
  T_rebalance_apply_s=0
  T_compute_accum_s=0.0048425
  T_comm_accum_s=0
  T_balance_accum_s=0
  T_rebalance_apply_accum_s=0
  device_times_s:
    part[0]=7.168e-06
    part[1]=4.8128e-05
  OLD loads:
    part[0] cum=9.5984% share=9.5984% device_global=0 rank=0 local_index=0 offset=0 count=95984
    part[1] cum=100% share=90.4016% device_global=1 rank=1 local_index=-1 offset=95984 count=904016
    total=100%
  CURRENT loads:
    part[0] cum=9.5984% share=9.5984% device_global=0 rank=0 local_index=0 offset=0 count=95984
    part[1] cum=100% share=90.4016% device_global=1 rank=1 local_index=-1 offset=95984 count=904016
    total=100%
[DCL][balance-metrics] iteration=55
  policy=off
  action=skip
  reason=balance disabled
  T_compute_interval_s=4.9152e-05
  T_comm_interval_s=0
  T_balance_total_s=0
  T_rebalance_apply_s=0
  T_compute_accum_s=0.00489165
  T_comm_accum_s=0
  T_balance_accum_s=0
  T_rebalance_apply_accum_s=0
  device_times_s:
    part[0]=1.024e-05
    part[1]=4.9152e-05
  OLD loads:
    part[0] cum=9.5984% share=9.5984% device_global=0 rank=0 local_index=0 offset=0 count=95984
    part[1] cum=100% share=90.4016% device_global=1 rank=1 local_index=-1 offset=95984 count=904016
    total=100%
  CURRENT loads:
    part[0] cum=9.5984% share=9.5984% device_global=0 rank=0 local_index=0 offset=0 count=95984
    part[1] cum=100% share=90.4016% device_global=1 rank=1 local_index=-1 offset=95984 count=904016
    total=100%
[DCL][balance-metrics] iteration=56
  policy=off
  action=skip
  reason=balance disabled
  T_compute_interval_s=4.9152e-05
  T_comm_interval_s=0
  T_balance_total_s=0
  T_rebalance_apply_s=0
  T_compute_accum_s=0.0049408
  T_comm_accum_s=0
  T_balance_accum_s=0
  T_rebalance_apply_accum_s=0
  device_times_s:
    part[0]=8.192e-06
    part[1]=4.9152e-05
  OLD loads:
    part[0] cum=9.5984% share=9.5984% device_global=0 rank=0 local_index=0 offset=0 count=95984
    part[1] cum=100% share=90.4016% device_global=1 rank=1 local_index=-1 offset=95984 count=904016
    total=100%
  CURRENT loads:
    part[0] cum=9.5984% share=9.5984% device_global=0 rank=0 local_index=0 offset=0 count=95984
    part[1] cum=100% share=90.4016% device_global=1 rank=1 local_index=-1 offset=95984 count=904016
    total=100%
[DCL][balance-metrics] iteration=57
  policy=off
  action=skip
  reason=balance disabled
  T_compute_interval_s=4.9152e-05
  T_comm_interval_s=0
  T_balance_total_s=0
  T_rebalance_apply_s=0
  T_compute_accum_s=0.00498995
  T_comm_accum_s=0
  T_balance_accum_s=0
  T_rebalance_apply_accum_s=0
  device_times_s:
    part[0]=7.168e-06
    part[1]=4.9152e-05
  OLD loads:
    part[0] cum=9.5984% share=9.5984% device_global=0 rank=0 local_index=0 offset=0 count=95984
    part[1] cum=100% share=90.4016% device_global=1 rank=1 local_index=-1 offset=95984 count=904016
    total=100%
  CURRENT loads:
    part[0] cum=9.5984% share=9.5984% device_global=0 rank=0 local_index=0 offset=0 count=95984
    part[1] cum=100% share=90.4016% device_global=1 rank=1 local_index=-1 offset=95984 count=904016
    total=100%
[DCL][balance-metrics] iteration=58
  policy=off
  action=skip
  reason=balance disabled
  T_compute_interval_s=5.12e-05
  T_comm_interval_s=0
  T_balance_total_s=0
  T_rebalance_apply_s=0
  T_compute_accum_s=0.00504115
  T_comm_accum_s=0
  T_balance_accum_s=0
  T_rebalance_apply_accum_s=0
  device_times_s:
    part[0]=7.168e-06
    part[1]=5.12e-05
  OLD loads:
    part[0] cum=9.5984% share=9.5984% device_global=0 rank=0 local_index=0 offset=0 count=95984
    part[1] cum=100% share=90.4016% device_global=1 rank=1 local_index=-1 offset=95984 count=904016
    total=100%
  CURRENT loads:
    part[0] cum=9.5984% share=9.5984% device_global=0 rank=0 local_index=0 offset=0 count=95984
    part[1] cum=100% share=90.4016% device_global=1 rank=1 local_index=-1 offset=95984 count=904016
    total=100%
[DCL][balance-metrics] iteration=59
  policy=off
  action=skip
  reason=balance disabled
  T_compute_interval_s=4.8128e-05
  T_comm_interval_s=0
  T_balance_total_s=0
  T_rebalance_apply_s=0
  T_compute_accum_s=0.00508928
  T_comm_accum_s=0
  T_balance_accum_s=0
  T_rebalance_apply_accum_s=0
  device_times_s:
    part[0]=8.192e-06
    part[1]=4.8128e-05
  OLD loads:
    part[0] cum=9.5984% share=9.5984% device_global=0 rank=0 local_index=0 offset=0 count=95984
    part[1] cum=100% share=90.4016% device_global=1 rank=1 local_index=-1 offset=95984 count=904016
    total=100%
  CURRENT loads:
    part[0] cum=9.5984% share=9.5984% device_global=0 rank=0 local_index=0 offset=0 count=95984
    part[1] cum=100% share=90.4016% device_global=1 rank=1 local_index=-1 offset=95984 count=904016
    total=100%
[DCL][balance-metrics] iteration=60
  policy=off
  action=skip
  reason=balance disabled
  T_compute_interval_s=5.2224e-05
  T_comm_interval_s=0
  T_balance_total_s=0
  T_rebalance_apply_s=0
  T_compute_accum_s=0.0051415
  T_comm_accum_s=0
  T_balance_accum_s=0
  T_rebalance_apply_accum_s=0
  device_times_s:
    part[0]=7.168e-06
    part[1]=5.2224e-05
  OLD loads:
    part[0] cum=9.5984% share=9.5984% device_global=0 rank=0 local_index=0 offset=0 count=95984
    part[1] cum=100% share=90.4016% device_global=1 rank=1 local_index=-1 offset=95984 count=904016
    total=100%
  CURRENT loads:
    part[0] cum=9.5984% share=9.5984% device_global=0 rank=0 local_index=0 offset=0 count=95984
    part[1] cum=100% share=90.4016% device_global=1 rank=1 local_index=-1 offset=95984 count=904016
    total=100%
DCL loads by partition:
  part[0] device_global=0 rank=0 local_index=0 offset=0 count=436163 cum=43.6163% share=43.6163%
  part[1] device_global=1 rank=1 local_index=-1 offset=436163 count=563837 cum=100% share=56.3837%
  total_share=100%
[DCL][balance-metrics] iteration=61
  policy=off
  action=skip
  reason=balance disabled
  T_compute_interval_s=0.000444416
  T_comm_interval_s=0
  T_balance_total_s=0
  T_rebalance_apply_s=0
  T_compute_accum_s=0.00558592
  T_comm_accum_s=0
  T_balance_accum_s=0
  T_rebalance_apply_accum_s=0
  device_times_s:
    part[0]=1.2288e-05
    part[1]=0.000444416
  OLD loads:
    part[0] cum=43.6163% share=43.6163% device_global=0 rank=0 local_index=0 offset=0 count=436163
    part[1] cum=100% share=56.3837% device_global=1 rank=1 local_index=-1 offset=436163 count=563837
    total=100%
  CURRENT loads:
    part[0] cum=43.6163% share=43.6163% device_global=0 rank=0 local_index=0 offset=0 count=436163
    part[1] cum=100% share=56.3837% device_global=1 rank=1 local_index=-1 offset=436163 count=563837
    total=100%
[DCL][balance-metrics] iteration=62
  policy=off
  action=skip
  reason=balance disabled
  T_compute_interval_s=0.00042496
  T_comm_interval_s=0
  T_balance_total_s=0
  T_rebalance_apply_s=0
  T_compute_accum_s=0.00601088
  T_comm_accum_s=0
  T_balance_accum_s=0
  T_rebalance_apply_accum_s=0
  device_times_s:
    part[0]=1.024e-05
    part[1]=0.00042496
  OLD loads:
    part[0] cum=43.6163% share=43.6163% device_global=0 rank=0 local_index=0 offset=0 count=436163
    part[1] cum=100% share=56.3837% device_global=1 rank=1 local_index=-1 offset=436163 count=563837
    total=100%
  CURRENT loads:
    part[0] cum=43.6163% share=43.6163% device_global=0 rank=0 local_index=0 offset=0 count=436163
    part[1] cum=100% share=56.3837% device_global=1 rank=1 local_index=-1 offset=436163 count=563837
    total=100%
[DCL][balance-metrics] iteration=63
  policy=off
  action=skip
  reason=balance disabled
  T_compute_interval_s=0.00042496
  T_comm_interval_s=0
  T_balance_total_s=0
  T_rebalance_apply_s=0
  T_compute_accum_s=0.00643584
  T_comm_accum_s=0
  T_balance_accum_s=0
  T_rebalance_apply_accum_s=0
  device_times_s:
    part[0]=1.024e-05
    part[1]=0.00042496
  OLD loads:
    part[0] cum=43.6163% share=43.6163% device_global=0 rank=0 local_index=0 offset=0 count=436163
    part[1] cum=100% share=56.3837% device_global=1 rank=1 local_index=-1 offset=436163 count=563837
    total=100%
  CURRENT loads:
    part[0] cum=43.6163% share=43.6163% device_global=0 rank=0 local_index=0 offset=0 count=436163
    part[1] cum=100% share=56.3837% device_global=1 rank=1 local_index=-1 offset=436163 count=563837
    total=100%
[DCL][balance-metrics] iteration=64
  policy=off
  action=skip
  reason=balance disabled
  T_compute_interval_s=0.00042496
  T_comm_interval_s=0
  T_balance_total_s=0
  T_rebalance_apply_s=0
  T_compute_accum_s=0.0068608
  T_comm_accum_s=0
  T_balance_accum_s=0
  T_rebalance_apply_accum_s=0
  device_times_s:
    part[0]=1.536e-05
    part[1]=0.00042496
  OLD loads:
    part[0] cum=43.6163% share=43.6163% device_global=0 rank=0 local_index=0 offset=0 count=436163
    part[1] cum=100% share=56.3837% device_global=1 rank=1 local_index=-1 offset=436163 count=563837
    total=100%
  CURRENT loads:
    part[0] cum=43.6163% share=43.6163% device_global=0 rank=0 local_index=0 offset=0 count=436163
    part[1] cum=100% share=56.3837% device_global=1 rank=1 local_index=-1 offset=436163 count=563837
    total=100%
[DCL][balance-metrics] iteration=65
  policy=off
  action=skip
  reason=balance disabled
  T_compute_interval_s=0.000429056
  T_comm_interval_s=0
  T_balance_total_s=0
  T_rebalance_apply_s=0
  T_compute_accum_s=0.00728986
  T_comm_accum_s=0
  T_balance_accum_s=0
  T_rebalance_apply_accum_s=0
  device_times_s:
    part[0]=1.1264e-05
    part[1]=0.000429056
  OLD loads:
    part[0] cum=43.6163% share=43.6163% device_global=0 rank=0 local_index=0 offset=0 count=436163
    part[1] cum=100% share=56.3837% device_global=1 rank=1 local_index=-1 offset=436163 count=563837
    total=100%
  CURRENT loads:
    part[0] cum=43.6163% share=43.6163% device_global=0 rank=0 local_index=0 offset=0 count=436163
    part[1] cum=100% share=56.3837% device_global=1 rank=1 local_index=-1 offset=436163 count=563837
    total=100%
[DCL][balance-metrics] iteration=66
  policy=off
  action=skip
  reason=balance disabled
  T_compute_interval_s=0.00042496
  T_comm_interval_s=0
  T_balance_total_s=0
  T_rebalance_apply_s=0
  T_compute_accum_s=0.00771482
  T_comm_accum_s=0
  T_balance_accum_s=0
  T_rebalance_apply_accum_s=0
  device_times_s:
    part[0]=1.024e-05
    part[1]=0.00042496
  OLD loads:
    part[0] cum=43.6163% share=43.6163% device_global=0 rank=0 local_index=0 offset=0 count=436163
    part[1] cum=100% share=56.3837% device_global=1 rank=1 local_index=-1 offset=436163 count=563837
    total=100%
  CURRENT loads:
    part[0] cum=43.6163% share=43.6163% device_global=0 rank=0 local_index=0 offset=0 count=436163
    part[1] cum=100% share=56.3837% device_global=1 rank=1 local_index=-1 offset=436163 count=563837
    total=100%
[DCL][balance-metrics] iteration=67
  policy=off
  action=skip
  reason=balance disabled
  T_compute_interval_s=0.000423936
  T_comm_interval_s=0
  T_balance_total_s=0
  T_rebalance_apply_s=0
  T_compute_accum_s=0.00813875
  T_comm_accum_s=0
  T_balance_accum_s=0
  T_rebalance_apply_accum_s=0
  device_times_s:
    part[0]=1.1264e-05
    part[1]=0.000423936
  OLD loads:
    part[0] cum=43.6163% share=43.6163% device_global=0 rank=0 local_index=0 offset=0 count=436163
    part[1] cum=100% share=56.3837% device_global=1 rank=1 local_index=-1 offset=436163 count=563837
    total=100%
  CURRENT loads:
    part[0] cum=43.6163% share=43.6163% device_global=0 rank=0 local_index=0 offset=0 count=436163
    part[1] cum=100% share=56.3837% device_global=1 rank=1 local_index=-1 offset=436163 count=563837
    total=100%
[DCL][balance-metrics] iteration=68
  policy=off
  action=skip
  reason=balance disabled
  T_compute_interval_s=0.000423936
  T_comm_interval_s=0
  T_balance_total_s=0
  T_rebalance_apply_s=0
  T_compute_accum_s=0.00856269
  T_comm_accum_s=0
  T_balance_accum_s=0
  T_rebalance_apply_accum_s=0
  device_times_s:
    part[0]=1.024e-05
    part[1]=0.000423936
  OLD loads:
    part[0] cum=43.6163% share=43.6163% device_global=0 rank=0 local_index=0 offset=0 count=436163
    part[1] cum=100% share=56.3837% device_global=1 rank=1 local_index=-1 offset=436163 count=563837
    total=100%
  CURRENT loads:
    part[0] cum=43.6163% share=43.6163% device_global=0 rank=0 local_index=0 offset=0 count=436163
    part[1] cum=100% share=56.3837% device_global=1 rank=1 local_index=-1 offset=436163 count=563837
    total=100%
[DCL][balance-metrics] iteration=69
  policy=off
  action=skip
  reason=balance disabled
  T_compute_interval_s=0.00043008
  T_comm_interval_s=0
  T_balance_total_s=0
  T_rebalance_apply_s=0
  T_compute_accum_s=0.00899277
  T_comm_accum_s=0
  T_balance_accum_s=0
  T_rebalance_apply_accum_s=0
  device_times_s:
    part[0]=1.024e-05
    part[1]=0.00043008
  OLD loads:
    part[0] cum=43.6163% share=43.6163% device_global=0 rank=0 local_index=0 offset=0 count=436163
    part[1] cum=100% share=56.3837% device_global=1 rank=1 local_index=-1 offset=436163 count=563837
    total=100%
  CURRENT loads:
    part[0] cum=43.6163% share=43.6163% device_global=0 rank=0 local_index=0 offset=0 count=436163
    part[1] cum=100% share=56.3837% device_global=1 rank=1 local_index=-1 offset=436163 count=563837
    total=100%
[DCL][balance-metrics] iteration=70
  policy=off
  action=skip
  reason=balance disabled
  T_compute_interval_s=0.000427008
  T_comm_interval_s=0
  T_balance_total_s=0
  T_rebalance_apply_s=0
  T_compute_accum_s=0.00941978
  T_comm_accum_s=0
  T_balance_accum_s=0
  T_rebalance_apply_accum_s=0
  device_times_s:
    part[0]=1.024e-05
    part[1]=0.000427008
  OLD loads:
    part[0] cum=43.6163% share=43.6163% device_global=0 rank=0 local_index=0 offset=0 count=436163
    part[1] cum=100% share=56.3837% device_global=1 rank=1 local_index=-1 offset=436163 count=563837
    total=100%
  CURRENT loads:
    part[0] cum=43.6163% share=43.6163% device_global=0 rank=0 local_index=0 offset=0 count=436163
    part[1] cum=100% share=56.3837% device_global=1 rank=1 local_index=-1 offset=436163 count=563837
    total=100%
DCL loads by partition:
  part[0] device_global=0 rank=0 local_index=0 offset=0 count=969932 cum=96.9932% share=96.9932%
  part[1] device_global=1 rank=1 local_index=-1 offset=969932 count=30068 cum=100% share=3.0068%
  total_share=100%
[DCL][balance-metrics] iteration=71
  policy=off
  action=skip
  reason=balance disabled
  T_compute_interval_s=0.000188416
  T_comm_interval_s=0
  T_balance_total_s=0
  T_rebalance_apply_s=0
  T_compute_accum_s=0.00960819
  T_comm_accum_s=0
  T_balance_accum_s=0
  T_rebalance_apply_accum_s=0
  device_times_s:
    part[0]=0.000188416
    part[1]=3.1744e-05
  OLD loads:
    part[0] cum=96.9932% share=96.9932% device_global=0 rank=0 local_index=0 offset=0 count=969932
    part[1] cum=100% share=3.0068% device_global=1 rank=1 local_index=-1 offset=969932 count=30068
    total=100%
  CURRENT loads:
    part[0] cum=96.9932% share=96.9932% device_global=0 rank=0 local_index=0 offset=0 count=969932
    part[1] cum=100% share=3.0068% device_global=1 rank=1 local_index=-1 offset=969932 count=30068
    total=100%
[DCL][balance-metrics] iteration=72
  policy=off
  action=skip
  reason=balance disabled
  T_compute_interval_s=0.000187392
  T_comm_interval_s=0
  T_balance_total_s=0
  T_rebalance_apply_s=0
  T_compute_accum_s=0.00979558
  T_comm_accum_s=0
  T_balance_accum_s=0
  T_rebalance_apply_accum_s=0
  device_times_s:
    part[0]=0.000187392
    part[1]=1.3312e-05
  OLD loads:
    part[0] cum=96.9932% share=96.9932% device_global=0 rank=0 local_index=0 offset=0 count=969932
    part[1] cum=100% share=3.0068% device_global=1 rank=1 local_index=-1 offset=969932 count=30068
    total=100%
  CURRENT loads:
    part[0] cum=96.9932% share=96.9932% device_global=0 rank=0 local_index=0 offset=0 count=969932
    part[1] cum=100% share=3.0068% device_global=1 rank=1 local_index=-1 offset=969932 count=30068
    total=100%
[DCL][balance-metrics] iteration=73
  policy=off
  action=skip
  reason=balance disabled
  T_compute_interval_s=0.000187392
  T_comm_interval_s=0
  T_balance_total_s=0
  T_rebalance_apply_s=0
  T_compute_accum_s=0.00998298
  T_comm_accum_s=0
  T_balance_accum_s=0
  T_rebalance_apply_accum_s=0
  device_times_s:
    part[0]=0.000187392
    part[1]=1.536e-05
  OLD loads:
    part[0] cum=96.9932% share=96.9932% device_global=0 rank=0 local_index=0 offset=0 count=969932
    part[1] cum=100% share=3.0068% device_global=1 rank=1 local_index=-1 offset=969932 count=30068
    total=100%
  CURRENT loads:
    part[0] cum=96.9932% share=96.9932% device_global=0 rank=0 local_index=0 offset=0 count=969932
    part[1] cum=100% share=3.0068% device_global=1 rank=1 local_index=-1 offset=969932 count=30068
    total=100%
[DCL][balance-metrics] iteration=74
  policy=off
  action=skip
  reason=balance disabled
  T_compute_interval_s=0.000187392
  T_comm_interval_s=0
  T_balance_total_s=0
  T_rebalance_apply_s=0
  T_compute_accum_s=0.0101704
  T_comm_accum_s=0
  T_balance_accum_s=0
  T_rebalance_apply_accum_s=0
  device_times_s:
    part[0]=0.000187392
    part[1]=1.3312e-05
  OLD loads:
    part[0] cum=96.9932% share=96.9932% device_global=0 rank=0 local_index=0 offset=0 count=969932
    part[1] cum=100% share=3.0068% device_global=1 rank=1 local_index=-1 offset=969932 count=30068
    total=100%
  CURRENT loads:
    part[0] cum=96.9932% share=96.9932% device_global=0 rank=0 local_index=0 offset=0 count=969932
    part[1] cum=100% share=3.0068% device_global=1 rank=1 local_index=-1 offset=969932 count=30068
    total=100%
[DCL][balance-metrics] iteration=75
  policy=off
  action=skip
  reason=balance disabled
  T_compute_interval_s=0.000187392
  T_comm_interval_s=0
  T_balance_total_s=0
  T_rebalance_apply_s=0
  T_compute_accum_s=0.0103578
  T_comm_accum_s=0
  T_balance_accum_s=0
  T_rebalance_apply_accum_s=0
  device_times_s:
    part[0]=0.000187392
    part[1]=1.6384e-05
  OLD loads:
    part[0] cum=96.9932% share=96.9932% device_global=0 rank=0 local_index=0 offset=0 count=969932
    part[1] cum=100% share=3.0068% device_global=1 rank=1 local_index=-1 offset=969932 count=30068
    total=100%
  CURRENT loads:
    part[0] cum=96.9932% share=96.9932% device_global=0 rank=0 local_index=0 offset=0 count=969932
    part[1] cum=100% share=3.0068% device_global=1 rank=1 local_index=-1 offset=969932 count=30068
    total=100%
[DCL][balance-metrics] iteration=76
  policy=off
  action=skip
  reason=balance disabled
  T_compute_interval_s=0.000187392
  T_comm_interval_s=0
  T_balance_total_s=0
  T_rebalance_apply_s=0
  T_compute_accum_s=0.0105452
  T_comm_accum_s=0
  T_balance_accum_s=0
  T_rebalance_apply_accum_s=0
  device_times_s:
    part[0]=0.000187392
    part[1]=1.2288e-05
  OLD loads:
    part[0] cum=96.9932% share=96.9932% device_global=0 rank=0 local_index=0 offset=0 count=969932
    part[1] cum=100% share=3.0068% device_global=1 rank=1 local_index=-1 offset=969932 count=30068
    total=100%
  CURRENT loads:
    part[0] cum=96.9932% share=96.9932% device_global=0 rank=0 local_index=0 offset=0 count=969932
    part[1] cum=100% share=3.0068% device_global=1 rank=1 local_index=-1 offset=969932 count=30068
    total=100%
[DCL][balance-metrics] iteration=77
  policy=off
  action=skip
  reason=balance disabled
  T_compute_interval_s=0.000187392
  T_comm_interval_s=0
  T_balance_total_s=0
  T_rebalance_apply_s=0
  T_compute_accum_s=0.0107325
  T_comm_accum_s=0
  T_balance_accum_s=0
  T_rebalance_apply_accum_s=0
  device_times_s:
    part[0]=0.000187392
    part[1]=1.1264e-05
  OLD loads:
    part[0] cum=96.9932% share=96.9932% device_global=0 rank=0 local_index=0 offset=0 count=969932
    part[1] cum=100% share=3.0068% device_global=1 rank=1 local_index=-1 offset=969932 count=30068
    total=100%
  CURRENT loads:
    part[0] cum=96.9932% share=96.9932% device_global=0 rank=0 local_index=0 offset=0 count=969932
    part[1] cum=100% share=3.0068% device_global=1 rank=1 local_index=-1 offset=969932 count=30068
    total=100%
[DCL][balance-metrics] iteration=78
  policy=off
  action=skip
  reason=balance disabled
  T_compute_interval_s=0.000187392
  T_comm_interval_s=0
  T_balance_total_s=0
  T_rebalance_apply_s=0
  T_compute_accum_s=0.0109199
  T_comm_accum_s=0
  T_balance_accum_s=0
  T_rebalance_apply_accum_s=0
  device_times_s:
    part[0]=0.000187392
    part[1]=1.2288e-05
  OLD loads:
    part[0] cum=96.9932% share=96.9932% device_global=0 rank=0 local_index=0 offset=0 count=969932
    part[1] cum=100% share=3.0068% device_global=1 rank=1 local_index=-1 offset=969932 count=30068
    total=100%
  CURRENT loads:
    part[0] cum=96.9932% share=96.9932% device_global=0 rank=0 local_index=0 offset=0 count=969932
    part[1] cum=100% share=3.0068% device_global=1 rank=1 local_index=-1 offset=969932 count=30068
    total=100%
[DCL][balance-metrics] iteration=79
  policy=off
  action=skip
  reason=balance disabled
  T_compute_interval_s=0.000187392
  T_comm_interval_s=0
  T_balance_total_s=0
  T_rebalance_apply_s=0
  T_compute_accum_s=0.0111073
  T_comm_accum_s=0
  T_balance_accum_s=0
  T_rebalance_apply_accum_s=0
  device_times_s:
    part[0]=0.000187392
    part[1]=1.2288e-05
  OLD loads:
    part[0] cum=96.9932% share=96.9932% device_global=0 rank=0 local_index=0 offset=0 count=969932
    part[1] cum=100% share=3.0068% device_global=1 rank=1 local_index=-1 offset=969932 count=30068
    total=100%
  CURRENT loads:
    part[0] cum=96.9932% share=96.9932% device_global=0 rank=0 local_index=0 offset=0 count=969932
    part[1] cum=100% share=3.0068% device_global=1 rank=1 local_index=-1 offset=969932 count=30068
    total=100%
[DCL][balance-metrics] iteration=80
  policy=off
  action=skip
  reason=balance disabled
  T_compute_interval_s=0.000188416
  T_comm_interval_s=0
  T_balance_total_s=0
  T_rebalance_apply_s=0
  T_compute_accum_s=0.0112957
  T_comm_accum_s=0
  T_balance_accum_s=0
  T_rebalance_apply_accum_s=0
  device_times_s:
    part[0]=0.000188416
    part[1]=1.2288e-05
  OLD loads:
    part[0] cum=96.9932% share=96.9932% device_global=0 rank=0 local_index=0 offset=0 count=969932
    part[1] cum=100% share=3.0068% device_global=1 rank=1 local_index=-1 offset=969932 count=30068
    total=100%
  CURRENT loads:
    part[0] cum=96.9932% share=96.9932% device_global=0 rank=0 local_index=0 offset=0 count=969932
    part[1] cum=100% share=3.0068% device_global=1 rank=1 local_index=-1 offset=969932 count=30068
    total=100%
DCL loads by partition:
  part[0] device_global=0 rank=0 local_index=0 offset=0 count=677812 cum=67.7812% share=67.7812%
  part[1] device_global=1 rank=1 local_index=-1 offset=677812 count=322188 cum=100% share=32.2188%
  total_share=100%
[DCL][balance-metrics] iteration=81
  policy=off
  action=skip
  reason=balance disabled
  T_compute_interval_s=2.8672e-05
  T_comm_interval_s=0
  T_balance_total_s=0
  T_rebalance_apply_s=0
  T_compute_accum_s=0.0113244
  T_comm_accum_s=0
  T_balance_accum_s=0
  T_rebalance_apply_accum_s=0
  device_times_s:
    part[0]=1.536e-05
    part[1]=2.8672e-05
  OLD loads:
    part[0] cum=67.7812% share=67.7812% device_global=0 rank=0 local_index=0 offset=0 count=677812
    part[1] cum=100% share=32.2188% device_global=1 rank=1 local_index=-1 offset=677812 count=322188
    total=100%
  CURRENT loads:
    part[0] cum=67.7812% share=67.7812% device_global=0 rank=0 local_index=0 offset=0 count=677812
    part[1] cum=100% share=32.2188% device_global=1 rank=1 local_index=-1 offset=677812 count=322188
    total=100%
[DCL][balance-metrics] iteration=82
  policy=off
  action=skip
  reason=balance disabled
  T_compute_interval_s=2.6624e-05
  T_comm_interval_s=0
  T_balance_total_s=0
  T_rebalance_apply_s=0
  T_compute_accum_s=0.011351
  T_comm_accum_s=0
  T_balance_accum_s=0
  T_rebalance_apply_accum_s=0
  device_times_s:
    part[0]=1.3312e-05
    part[1]=2.6624e-05
  OLD loads:
    part[0] cum=67.7812% share=67.7812% device_global=0 rank=0 local_index=0 offset=0 count=677812
    part[1] cum=100% share=32.2188% device_global=1 rank=1 local_index=-1 offset=677812 count=322188
    total=100%
  CURRENT loads:
    part[0] cum=67.7812% share=67.7812% device_global=0 rank=0 local_index=0 offset=0 count=677812
    part[1] cum=100% share=32.2188% device_global=1 rank=1 local_index=-1 offset=677812 count=322188
    total=100%
[DCL][balance-metrics] iteration=83
  policy=off
  action=skip
  reason=balance disabled
  T_compute_interval_s=2.7648e-05
  T_comm_interval_s=0
  T_balance_total_s=0
  T_rebalance_apply_s=0
  T_compute_accum_s=0.0113787
  T_comm_accum_s=0
  T_balance_accum_s=0
  T_rebalance_apply_accum_s=0
  device_times_s:
    part[0]=1.3312e-05
    part[1]=2.7648e-05
  OLD loads:
    part[0] cum=67.7812% share=67.7812% device_global=0 rank=0 local_index=0 offset=0 count=677812
    part[1] cum=100% share=32.2188% device_global=1 rank=1 local_index=-1 offset=677812 count=322188
    total=100%
  CURRENT loads:
    part[0] cum=67.7812% share=67.7812% device_global=0 rank=0 local_index=0 offset=0 count=677812
    part[1] cum=100% share=32.2188% device_global=1 rank=1 local_index=-1 offset=677812 count=322188
    total=100%
[DCL][balance-metrics] iteration=84
  policy=off
  action=skip
  reason=balance disabled
  T_compute_interval_s=2.6624e-05
  T_comm_interval_s=0
  T_balance_total_s=0
  T_rebalance_apply_s=0
  T_compute_accum_s=0.0114053
  T_comm_accum_s=0
  T_balance_accum_s=0
  T_rebalance_apply_accum_s=0
  device_times_s:
    part[0]=1.4336e-05
    part[1]=2.6624e-05
  OLD loads:
    part[0] cum=67.7812% share=67.7812% device_global=0 rank=0 local_index=0 offset=0 count=677812
    part[1] cum=100% share=32.2188% device_global=1 rank=1 local_index=-1 offset=677812 count=322188
    total=100%
  CURRENT loads:
    part[0] cum=67.7812% share=67.7812% device_global=0 rank=0 local_index=0 offset=0 count=677812
    part[1] cum=100% share=32.2188% device_global=1 rank=1 local_index=-1 offset=677812 count=322188
    total=100%
[DCL][balance-metrics] iteration=85
  policy=off
  action=skip
  reason=balance disabled
  T_compute_interval_s=2.6624e-05
  T_comm_interval_s=0
  T_balance_total_s=0
  T_rebalance_apply_s=0
  T_compute_accum_s=0.0114319
  T_comm_accum_s=0
  T_balance_accum_s=0
  T_rebalance_apply_accum_s=0
  device_times_s:
    part[0]=1.4336e-05
    part[1]=2.6624e-05
  OLD loads:
    part[0] cum=67.7812% share=67.7812% device_global=0 rank=0 local_index=0 offset=0 count=677812
    part[1] cum=100% share=32.2188% device_global=1 rank=1 local_index=-1 offset=677812 count=322188
    total=100%
  CURRENT loads:
    part[0] cum=67.7812% share=67.7812% device_global=0 rank=0 local_index=0 offset=0 count=677812
    part[1] cum=100% share=32.2188% device_global=1 rank=1 local_index=-1 offset=677812 count=322188
    total=100%
[DCL][balance-metrics] iteration=86
  policy=off
  action=skip
  reason=balance disabled
  T_compute_interval_s=2.6624e-05
  T_comm_interval_s=0
  T_balance_total_s=0
  T_rebalance_apply_s=0
  T_compute_accum_s=0.0114586
  T_comm_accum_s=0
  T_balance_accum_s=0
  T_rebalance_apply_accum_s=0
  device_times_s:
    part[0]=1.3312e-05
    part[1]=2.6624e-05
  OLD loads:
    part[0] cum=67.7812% share=67.7812% device_global=0 rank=0 local_index=0 offset=0 count=677812
    part[1] cum=100% share=32.2188% device_global=1 rank=1 local_index=-1 offset=677812 count=322188
    total=100%
  CURRENT loads:
    part[0] cum=67.7812% share=67.7812% device_global=0 rank=0 local_index=0 offset=0 count=677812
    part[1] cum=100% share=32.2188% device_global=1 rank=1 local_index=-1 offset=677812 count=322188
    total=100%
[DCL][balance-metrics] iteration=87
  policy=off
  action=skip
  reason=balance disabled
  T_compute_interval_s=2.6624e-05
  T_comm_interval_s=0
  T_balance_total_s=0
  T_rebalance_apply_s=0
  T_compute_accum_s=0.0114852
  T_comm_accum_s=0
  T_balance_accum_s=0
  T_rebalance_apply_accum_s=0
  device_times_s:
    part[0]=1.3312e-05
    part[1]=2.6624e-05
  OLD loads:
    part[0] cum=67.7812% share=67.7812% device_global=0 rank=0 local_index=0 offset=0 count=677812
    part[1] cum=100% share=32.2188% device_global=1 rank=1 local_index=-1 offset=677812 count=322188
    total=100%
  CURRENT loads:
    part[0] cum=67.7812% share=67.7812% device_global=0 rank=0 local_index=0 offset=0 count=677812
    part[1] cum=100% share=32.2188% device_global=1 rank=1 local_index=-1 offset=677812 count=322188
    total=100%
[DCL][balance-metrics] iteration=88
  policy=off
  action=skip
  reason=balance disabled
  T_compute_interval_s=3.8912e-05
  T_comm_interval_s=0
  T_balance_total_s=0
  T_rebalance_apply_s=0
  T_compute_accum_s=0.0115241
  T_comm_accum_s=0
  T_balance_accum_s=0
  T_rebalance_apply_accum_s=0
  device_times_s:
    part[0]=1.536e-05
    part[1]=3.8912e-05
  OLD loads:
    part[0] cum=67.7812% share=67.7812% device_global=0 rank=0 local_index=0 offset=0 count=677812
    part[1] cum=100% share=32.2188% device_global=1 rank=1 local_index=-1 offset=677812 count=322188
    total=100%
  CURRENT loads:
    part[0] cum=67.7812% share=67.7812% device_global=0 rank=0 local_index=0 offset=0 count=677812
    part[1] cum=100% share=32.2188% device_global=1 rank=1 local_index=-1 offset=677812 count=322188
    total=100%
[DCL][balance-metrics] iteration=89
  policy=off
  action=skip
  reason=balance disabled
  T_compute_interval_s=3.6864e-05
  T_comm_interval_s=0
  T_balance_total_s=0
  T_rebalance_apply_s=0
  T_compute_accum_s=0.011561
  T_comm_accum_s=0
  T_balance_accum_s=0
  T_rebalance_apply_accum_s=0
  device_times_s:
    part[0]=1.3312e-05
    part[1]=3.6864e-05
  OLD loads:
    part[0] cum=67.7812% share=67.7812% device_global=0 rank=0 local_index=0 offset=0 count=677812
    part[1] cum=100% share=32.2188% device_global=1 rank=1 local_index=-1 offset=677812 count=322188
    total=100%
  CURRENT loads:
    part[0] cum=67.7812% share=67.7812% device_global=0 rank=0 local_index=0 offset=0 count=677812
    part[1] cum=100% share=32.2188% device_global=1 rank=1 local_index=-1 offset=677812 count=322188
    total=100%
[DCL][balance-metrics] iteration=90
  policy=off
  action=skip
  reason=balance disabled
  T_compute_interval_s=4.3008e-05
  T_comm_interval_s=0
  T_balance_total_s=0
  T_rebalance_apply_s=0
  T_compute_accum_s=0.011604
  T_comm_accum_s=0
  T_balance_accum_s=0
  T_rebalance_apply_accum_s=0
  device_times_s:
    part[0]=1.3312e-05
    part[1]=4.3008e-05
  OLD loads:
    part[0] cum=67.7812% share=67.7812% device_global=0 rank=0 local_index=0 offset=0 count=677812
    part[1] cum=100% share=32.2188% device_global=1 rank=1 local_index=-1 offset=677812 count=322188
    total=100%
  CURRENT loads:
    part[0] cum=67.7812% share=67.7812% device_global=0 rank=0 local_index=0 offset=0 count=677812
    part[1] cum=100% share=32.2188% device_global=1 rank=1 local_index=-1 offset=677812 count=322188
    total=100%
DCL loads by partition:
  part[0] device_global=0 rank=0 local_index=0 offset=0 count=871743 cum=87.1743% share=87.1743%
  part[1] device_global=1 rank=1 local_index=-1 offset=871743 count=128257 cum=100% share=12.8257%
  total_share=100%
[DCL][balance-metrics] iteration=91
  policy=off
  action=skip
  reason=balance disabled
  T_compute_interval_s=0.000116736
  T_comm_interval_s=0
  T_balance_total_s=0
  T_rebalance_apply_s=0
  T_compute_accum_s=0.0117207
  T_comm_accum_s=0
  T_balance_accum_s=0
  T_rebalance_apply_accum_s=0
  device_times_s:
    part[0]=2.2528e-05
    part[1]=0.000116736
  OLD loads:
    part[0] cum=87.1743% share=87.1743% device_global=0 rank=0 local_index=0 offset=0 count=871743
    part[1] cum=100% share=12.8257% device_global=1 rank=1 local_index=-1 offset=871743 count=128257
    total=100%
  CURRENT loads:
    part[0] cum=87.1743% share=87.1743% device_global=0 rank=0 local_index=0 offset=0 count=871743
    part[1] cum=100% share=12.8257% device_global=1 rank=1 local_index=-1 offset=871743 count=128257
    total=100%
[DCL][balance-metrics] iteration=92
  policy=off
  action=skip
  reason=balance disabled
  T_compute_interval_s=0.0001024
  T_comm_interval_s=0
  T_balance_total_s=0
  T_rebalance_apply_s=0
  T_compute_accum_s=0.0118231
  T_comm_accum_s=0
  T_balance_accum_s=0
  T_rebalance_apply_accum_s=0
  device_times_s:
    part[0]=1.9456e-05
    part[1]=0.0001024
  OLD loads:
    part[0] cum=87.1743% share=87.1743% device_global=0 rank=0 local_index=0 offset=0 count=871743
    part[1] cum=100% share=12.8257% device_global=1 rank=1 local_index=-1 offset=871743 count=128257
    total=100%
  CURRENT loads:
    part[0] cum=87.1743% share=87.1743% device_global=0 rank=0 local_index=0 offset=0 count=871743
    part[1] cum=100% share=12.8257% device_global=1 rank=1 local_index=-1 offset=871743 count=128257
    total=100%
[DCL][balance-metrics] iteration=93
  policy=off
  action=skip
  reason=balance disabled
  T_compute_interval_s=0.000101376
  T_comm_interval_s=0
  T_balance_total_s=0
  T_rebalance_apply_s=0
  T_compute_accum_s=0.0119245
  T_comm_accum_s=0
  T_balance_accum_s=0
  T_rebalance_apply_accum_s=0
  device_times_s:
    part[0]=1.8432e-05
    part[1]=0.000101376
  OLD loads:
    part[0] cum=87.1743% share=87.1743% device_global=0 rank=0 local_index=0 offset=0 count=871743
    part[1] cum=100% share=12.8257% device_global=1 rank=1 local_index=-1 offset=871743 count=128257
    total=100%
  CURRENT loads:
    part[0] cum=87.1743% share=87.1743% device_global=0 rank=0 local_index=0 offset=0 count=871743
    part[1] cum=100% share=12.8257% device_global=1 rank=1 local_index=-1 offset=871743 count=128257
    total=100%
[DCL][balance-metrics] iteration=94
  policy=off
  action=skip
  reason=balance disabled
  T_compute_interval_s=0.0001024
  T_comm_interval_s=0
  T_balance_total_s=0
  T_rebalance_apply_s=0
  T_compute_accum_s=0.0120269
  T_comm_accum_s=0
  T_balance_accum_s=0
  T_rebalance_apply_accum_s=0
  device_times_s:
    part[0]=1.9456e-05
    part[1]=0.0001024
  OLD loads:
    part[0] cum=87.1743% share=87.1743% device_global=0 rank=0 local_index=0 offset=0 count=871743
    part[1] cum=100% share=12.8257% device_global=1 rank=1 local_index=-1 offset=871743 count=128257
    total=100%
  CURRENT loads:
    part[0] cum=87.1743% share=87.1743% device_global=0 rank=0 local_index=0 offset=0 count=871743
    part[1] cum=100% share=12.8257% device_global=1 rank=1 local_index=-1 offset=871743 count=128257
    total=100%
[DCL][balance-metrics] iteration=95
  policy=off
  action=skip
  reason=balance disabled
  T_compute_interval_s=0.000101376
  T_comm_interval_s=0
  T_balance_total_s=0
  T_rebalance_apply_s=0
  T_compute_accum_s=0.0121283
  T_comm_accum_s=0
  T_balance_accum_s=0
  T_rebalance_apply_accum_s=0
  device_times_s:
    part[0]=1.9456e-05
    part[1]=0.000101376
  OLD loads:
    part[0] cum=87.1743% share=87.1743% device_global=0 rank=0 local_index=0 offset=0 count=871743
    part[1] cum=100% share=12.8257% device_global=1 rank=1 local_index=-1 offset=871743 count=128257
    total=100%
  CURRENT loads:
    part[0] cum=87.1743% share=87.1743% device_global=0 rank=0 local_index=0 offset=0 count=871743
    part[1] cum=100% share=12.8257% device_global=1 rank=1 local_index=-1 offset=871743 count=128257
    total=100%
[DCL][balance-metrics] iteration=96
  policy=off
  action=skip
  reason=balance disabled
  T_compute_interval_s=0.00010752
  T_comm_interval_s=0
  T_balance_total_s=0
  T_rebalance_apply_s=0
  T_compute_accum_s=0.0122358
  T_comm_accum_s=0
  T_balance_accum_s=0
  T_rebalance_apply_accum_s=0
  device_times_s:
    part[0]=1.8432e-05
    part[1]=0.00010752
  OLD loads:
    part[0] cum=87.1743% share=87.1743% device_global=0 rank=0 local_index=0 offset=0 count=871743
    part[1] cum=100% share=12.8257% device_global=1 rank=1 local_index=-1 offset=871743 count=128257
    total=100%
  CURRENT loads:
    part[0] cum=87.1743% share=87.1743% device_global=0 rank=0 local_index=0 offset=0 count=871743
    part[1] cum=100% share=12.8257% device_global=1 rank=1 local_index=-1 offset=871743 count=128257
    total=100%
[DCL][balance-metrics] iteration=97
  policy=off
  action=skip
  reason=balance disabled
  T_compute_interval_s=0.000114688
  T_comm_interval_s=0
  T_balance_total_s=0
  T_rebalance_apply_s=0
  T_compute_accum_s=0.0123505
  T_comm_accum_s=0
  T_balance_accum_s=0
  T_rebalance_apply_accum_s=0
  device_times_s:
    part[0]=1.9456e-05
    part[1]=0.000114688
  OLD loads:
    part[0] cum=87.1743% share=87.1743% device_global=0 rank=0 local_index=0 offset=0 count=871743
    part[1] cum=100% share=12.8257% device_global=1 rank=1 local_index=-1 offset=871743 count=128257
    total=100%
  CURRENT loads:
    part[0] cum=87.1743% share=87.1743% device_global=0 rank=0 local_index=0 offset=0 count=871743
    part[1] cum=100% share=12.8257% device_global=1 rank=1 local_index=-1 offset=871743 count=128257
    total=100%
[DCL][balance-metrics] iteration=98
  policy=off
  action=skip
  reason=balance disabled
  T_compute_interval_s=0.00011264
  T_comm_interval_s=0
  T_balance_total_s=0
  T_rebalance_apply_s=0
  T_compute_accum_s=0.0124631
  T_comm_accum_s=0
  T_balance_accum_s=0
  T_rebalance_apply_accum_s=0
  device_times_s:
    part[0]=1.9456e-05
    part[1]=0.00011264
  OLD loads:
    part[0] cum=87.1743% share=87.1743% device_global=0 rank=0 local_index=0 offset=0 count=871743
    part[1] cum=100% share=12.8257% device_global=1 rank=1 local_index=-1 offset=871743 count=128257
    total=100%
  CURRENT loads:
    part[0] cum=87.1743% share=87.1743% device_global=0 rank=0 local_index=0 offset=0 count=871743
    part[1] cum=100% share=12.8257% device_global=1 rank=1 local_index=-1 offset=871743 count=128257
    total=100%
[DCL][balance-metrics] iteration=99
  policy=off
  action=skip
  reason=balance disabled
  T_compute_interval_s=0.000113664
  T_comm_interval_s=0
  T_balance_total_s=0
  T_rebalance_apply_s=0
  T_compute_accum_s=0.0125768
  T_comm_accum_s=0
  T_balance_accum_s=0
  T_rebalance_apply_accum_s=0
  device_times_s:
    part[0]=1.9456e-05
    part[1]=0.000113664
  OLD loads:
    part[0] cum=87.1743% share=87.1743% device_global=0 rank=0 local_index=0 offset=0 count=871743
    part[1] cum=100% share=12.8257% device_global=1 rank=1 local_index=-1 offset=871743 count=128257
    total=100%
  CURRENT loads:
    part[0] cum=87.1743% share=87.1743% device_global=0 rank=0 local_index=0 offset=0 count=871743
    part[1] cum=100% share=12.8257% device_global=1 rank=1 local_index=-1 offset=871743 count=128257
    total=100%
[DCL][balance-metrics] iteration=100
  policy=off
  action=skip
  reason=balance disabled
  T_compute_interval_s=0.000111616
  T_comm_interval_s=0
  T_balance_total_s=0
  T_rebalance_apply_s=0
  T_compute_accum_s=0.0126884
  T_comm_accum_s=0
  T_balance_accum_s=0
  T_rebalance_apply_accum_s=0
  device_times_s:
    part[0]=1.9456e-05
    part[1]=0.000111616
  OLD loads:
    part[0] cum=87.1743% share=87.1743% device_global=0 rank=0 local_index=0 offset=0 count=871743
    part[1] cum=100% share=12.8257% device_global=1 rank=1 local_index=-1 offset=871743 count=128257
    total=100%
  CURRENT loads:
    part[0] cum=87.1743% share=87.1743% device_global=0 rank=0 local_index=0 offset=0 count=871743
    part[1] cum=100% share=12.8257% device_global=1 rank=1 local_index=-1 offset=871743 count=128257
    total=100%
[kneighbor] algo=erad mode=gpu_opencl total_time_s=3.87973 num_rebalances=9 avg_rebalance_gain=9.32635e-05
