[prun] Master compute host = compute-1-0
[prun] Resource manager = openpbs
[prun] Launch cmd = mpiexec -x LD_LIBRARY_PATH --prefix /opt/ohpc/pub/mpi/openmpi5-gnu13/5.0.5 --hostfile /var/spool/pbs/aux/183164.frontend -- /home/luiz/HARMONY/build/cluster/leanmd.out --n 1000000 --iterations 100 --balance-interval 10 --balance-algo hwtopolb --perturbation 0.10 --seed 123 --output-csv /home/luiz/HARMONY/benchmarks/leanmd_hwtopolb_123.csv (family=openmpi5)
[device] rank=0 global_index=0 name=NVIDIA A100 80GB PCIe
[device] rank=1 global_index=1 name=NVIDIA A100 80GB PCIe
[DCL][balance-metrics] iteration=1
  policy=off
  action=skip
  reason=balance disabled
  T_compute_interval_s=3.4816e-05
  T_comm_interval_s=0
  T_balance_total_s=0
  T_rebalance_apply_s=0
  T_compute_accum_s=3.4816e-05
  T_comm_accum_s=0
  T_balance_accum_s=0
  T_rebalance_apply_accum_s=0
  device_times_s:
    part[0]=3.1744e-05
    part[1]=3.4816e-05
  OLD loads:
    part[0] cum=50% share=50% device_global=0 rank=0 local_index=0 offset=0 count=500000
    part[1] cum=100% share=50% device_global=1 rank=1 local_index=-1 offset=500000 count=500000
    total=100%
  CURRENT loads:
    part[0] cum=50% share=50% device_global=0 rank=0 local_index=0 offset=0 count=500000
    part[1] cum=100% share=50% device_global=1 rank=1 local_index=-1 offset=500000 count=500000
    total=100%
[DCL][balance-metrics] iteration=2
  policy=off
  action=skip
  reason=balance disabled
  T_compute_interval_s=2.048e-05
  T_comm_interval_s=0
  T_balance_total_s=0
  T_rebalance_apply_s=0
  T_compute_accum_s=5.5296e-05
  T_comm_accum_s=0
  T_balance_accum_s=0
  T_rebalance_apply_accum_s=0
  device_times_s:
    part[0]=2.048e-05
    part[1]=1.8432e-05
  OLD loads:
    part[0] cum=50% share=50% device_global=0 rank=0 local_index=0 offset=0 count=500000
    part[1] cum=100% share=50% device_global=1 rank=1 local_index=-1 offset=500000 count=500000
    total=100%
  CURRENT loads:
    part[0] cum=50% share=50% device_global=0 rank=0 local_index=0 offset=0 count=500000
    part[1] cum=100% share=50% device_global=1 rank=1 local_index=-1 offset=500000 count=500000
    total=100%
[DCL][balance-metrics] iteration=3
  policy=off
  action=skip
  reason=balance disabled
  T_compute_interval_s=1.8432e-05
  T_comm_interval_s=0
  T_balance_total_s=0
  T_rebalance_apply_s=0
  T_compute_accum_s=7.3728e-05
  T_comm_accum_s=0
  T_balance_accum_s=0
  T_rebalance_apply_accum_s=0
  device_times_s:
    part[0]=1.8432e-05
    part[1]=1.8432e-05
  OLD loads:
    part[0] cum=50% share=50% device_global=0 rank=0 local_index=0 offset=0 count=500000
    part[1] cum=100% share=50% device_global=1 rank=1 local_index=-1 offset=500000 count=500000
    total=100%
  CURRENT loads:
    part[0] cum=50% share=50% device_global=0 rank=0 local_index=0 offset=0 count=500000
    part[1] cum=100% share=50% device_global=1 rank=1 local_index=-1 offset=500000 count=500000
    total=100%
[DCL][balance-metrics] iteration=4
  policy=off
  action=skip
  reason=balance disabled
  T_compute_interval_s=2.4576e-05
  T_comm_interval_s=0
  T_balance_total_s=0
  T_rebalance_apply_s=0
  T_compute_accum_s=9.8304e-05
  T_comm_accum_s=0
  T_balance_accum_s=0
  T_rebalance_apply_accum_s=0
  device_times_s:
    part[0]=1.8432e-05
    part[1]=2.4576e-05
  OLD loads:
    part[0] cum=50% share=50% device_global=0 rank=0 local_index=0 offset=0 count=500000
    part[1] cum=100% share=50% device_global=1 rank=1 local_index=-1 offset=500000 count=500000
    total=100%
  CURRENT loads:
    part[0] cum=50% share=50% device_global=0 rank=0 local_index=0 offset=0 count=500000
    part[1] cum=100% share=50% device_global=1 rank=1 local_index=-1 offset=500000 count=500000
    total=100%
[DCL][balance-metrics] iteration=5
  policy=off
  action=skip
  reason=balance disabled
  T_compute_interval_s=2.9696e-05
  T_comm_interval_s=0
  T_balance_total_s=0
  T_rebalance_apply_s=0
  T_compute_accum_s=0.000128
  T_comm_accum_s=0
  T_balance_accum_s=0
  T_rebalance_apply_accum_s=0
  device_times_s:
    part[0]=1.8432e-05
    part[1]=2.9696e-05
  OLD loads:
    part[0] cum=50% share=50% device_global=0 rank=0 local_index=0 offset=0 count=500000
    part[1] cum=100% share=50% device_global=1 rank=1 local_index=-1 offset=500000 count=500000
    total=100%
  CURRENT loads:
    part[0] cum=50% share=50% device_global=0 rank=0 local_index=0 offset=0 count=500000
    part[1] cum=100% share=50% device_global=1 rank=1 local_index=-1 offset=500000 count=500000
    total=100%
[DCL][balance-metrics] iteration=6
  policy=off
  action=skip
  reason=balance disabled
  T_compute_interval_s=2.8672e-05
  T_comm_interval_s=0
  T_balance_total_s=0
  T_rebalance_apply_s=0
  T_compute_accum_s=0.000156672
  T_comm_accum_s=0
  T_balance_accum_s=0
  T_rebalance_apply_accum_s=0
  device_times_s:
    part[0]=1.8432e-05
    part[1]=2.8672e-05
  OLD loads:
    part[0] cum=50% share=50% device_global=0 rank=0 local_index=0 offset=0 count=500000
    part[1] cum=100% share=50% device_global=1 rank=1 local_index=-1 offset=500000 count=500000
    total=100%
  CURRENT loads:
    part[0] cum=50% share=50% device_global=0 rank=0 local_index=0 offset=0 count=500000
    part[1] cum=100% share=50% device_global=1 rank=1 local_index=-1 offset=500000 count=500000
    total=100%
[DCL][balance-metrics] iteration=7
  policy=off
  action=skip
  reason=balance disabled
  T_compute_interval_s=2.8672e-05
  T_comm_interval_s=0
  T_balance_total_s=0
  T_rebalance_apply_s=0
  T_compute_accum_s=0.000185344
  T_comm_accum_s=0
  T_balance_accum_s=0
  T_rebalance_apply_accum_s=0
  device_times_s:
    part[0]=1.8432e-05
    part[1]=2.8672e-05
  OLD loads:
    part[0] cum=50% share=50% device_global=0 rank=0 local_index=0 offset=0 count=500000
    part[1] cum=100% share=50% device_global=1 rank=1 local_index=-1 offset=500000 count=500000
    total=100%
  CURRENT loads:
    part[0] cum=50% share=50% device_global=0 rank=0 local_index=0 offset=0 count=500000
    part[1] cum=100% share=50% device_global=1 rank=1 local_index=-1 offset=500000 count=500000
    total=100%
[DCL][balance-metrics] iteration=8
  policy=off
  action=skip
  reason=balance disabled
  T_compute_interval_s=2.9696e-05
  T_comm_interval_s=0
  T_balance_total_s=0
  T_rebalance_apply_s=0
  T_compute_accum_s=0.00021504
  T_comm_accum_s=0
  T_balance_accum_s=0
  T_rebalance_apply_accum_s=0
  device_times_s:
    part[0]=1.8432e-05
    part[1]=2.9696e-05
  OLD loads:
    part[0] cum=50% share=50% device_global=0 rank=0 local_index=0 offset=0 count=500000
    part[1] cum=100% share=50% device_global=1 rank=1 local_index=-1 offset=500000 count=500000
    total=100%
  CURRENT loads:
    part[0] cum=50% share=50% device_global=0 rank=0 local_index=0 offset=0 count=500000
    part[1] cum=100% share=50% device_global=1 rank=1 local_index=-1 offset=500000 count=500000
    total=100%
[DCL][balance-metrics] iteration=9
  policy=off
  action=skip
  reason=balance disabled
  T_compute_interval_s=4.8128e-05
  T_comm_interval_s=0
  T_balance_total_s=0
  T_rebalance_apply_s=0
  T_compute_accum_s=0.000263168
  T_comm_accum_s=0
  T_balance_accum_s=0
  T_rebalance_apply_accum_s=0
  device_times_s:
    part[0]=2.6624e-05
    part[1]=4.8128e-05
  OLD loads:
    part[0] cum=50% share=50% device_global=0 rank=0 local_index=0 offset=0 count=500000
    part[1] cum=100% share=50% device_global=1 rank=1 local_index=-1 offset=500000 count=500000
    total=100%
  CURRENT loads:
    part[0] cum=50% share=50% device_global=0 rank=0 local_index=0 offset=0 count=500000
    part[1] cum=100% share=50% device_global=1 rank=1 local_index=-1 offset=500000 count=500000
    total=100%
[DCL][balance-metrics] iteration=10
  policy=off
  action=skip
  reason=balance disabled
  T_compute_interval_s=2.9696e-05
  T_comm_interval_s=0
  T_balance_total_s=0
  T_rebalance_apply_s=0
  T_compute_accum_s=0.000292864
  T_comm_accum_s=0
  T_balance_accum_s=0
  T_rebalance_apply_accum_s=0
  device_times_s:
    part[0]=1.8432e-05
    part[1]=2.9696e-05
  OLD loads:
    part[0] cum=50% share=50% device_global=0 rank=0 local_index=0 offset=0 count=500000
    part[1] cum=100% share=50% device_global=1 rank=1 local_index=-1 offset=500000 count=500000
    total=100%
  CURRENT loads:
    part[0] cum=50% share=50% device_global=0 rank=0 local_index=0 offset=0 count=500000
    part[1] cum=100% share=50% device_global=1 rank=1 local_index=-1 offset=500000 count=500000
    total=100%
DCL loads by partition:
  part[0] device_global=0 rank=0 local_index=0 offset=0 count=616272 cum=61.6272% share=61.6272%
  part[1] device_global=1 rank=1 local_index=-1 offset=616272 count=383728 cum=100% share=38.3728%
  total_share=100%
[DCL][balance-metrics] iteration=11
  policy=off
  action=skip
  reason=balance disabled
  T_compute_interval_s=3.9936e-05
  T_comm_interval_s=0
  T_balance_total_s=0
  T_rebalance_apply_s=0
  T_compute_accum_s=0.0003328
  T_comm_accum_s=0
  T_balance_accum_s=0
  T_rebalance_apply_accum_s=0
  device_times_s:
    part[0]=2.2528e-05
    part[1]=3.9936e-05
  OLD loads:
    part[0] cum=61.6272% share=61.6272% device_global=0 rank=0 local_index=0 offset=0 count=616272
    part[1] cum=100% share=38.3728% device_global=1 rank=1 local_index=-1 offset=616272 count=383728
    total=100%
  CURRENT loads:
    part[0] cum=61.6272% share=61.6272% device_global=0 rank=0 local_index=0 offset=0 count=616272
    part[1] cum=100% share=38.3728% device_global=1 rank=1 local_index=-1 offset=616272 count=383728
    total=100%
[DCL][balance-metrics] iteration=12
  policy=off
  action=skip
  reason=balance disabled
  T_compute_interval_s=2.3552e-05
  T_comm_interval_s=0
  T_balance_total_s=0
  T_rebalance_apply_s=0
  T_compute_accum_s=0.000356352
  T_comm_accum_s=0
  T_balance_accum_s=0
  T_rebalance_apply_accum_s=0
  device_times_s:
    part[0]=2.3552e-05
    part[1]=1.6384e-05
  OLD loads:
    part[0] cum=61.6272% share=61.6272% device_global=0 rank=0 local_index=0 offset=0 count=616272
    part[1] cum=100% share=38.3728% device_global=1 rank=1 local_index=-1 offset=616272 count=383728
    total=100%
  CURRENT loads:
    part[0] cum=61.6272% share=61.6272% device_global=0 rank=0 local_index=0 offset=0 count=616272
    part[1] cum=100% share=38.3728% device_global=1 rank=1 local_index=-1 offset=616272 count=383728
    total=100%
[DCL][balance-metrics] iteration=13
  policy=off
  action=skip
  reason=balance disabled
  T_compute_interval_s=2.048e-05
  T_comm_interval_s=0
  T_balance_total_s=0
  T_rebalance_apply_s=0
  T_compute_accum_s=0.000376832
  T_comm_accum_s=0
  T_balance_accum_s=0
  T_rebalance_apply_accum_s=0
  device_times_s:
    part[0]=2.048e-05
    part[1]=1.6384e-05
  OLD loads:
    part[0] cum=61.6272% share=61.6272% device_global=0 rank=0 local_index=0 offset=0 count=616272
    part[1] cum=100% share=38.3728% device_global=1 rank=1 local_index=-1 offset=616272 count=383728
    total=100%
  CURRENT loads:
    part[0] cum=61.6272% share=61.6272% device_global=0 rank=0 local_index=0 offset=0 count=616272
    part[1] cum=100% share=38.3728% device_global=1 rank=1 local_index=-1 offset=616272 count=383728
    total=100%
[DCL][balance-metrics] iteration=14
  policy=off
  action=skip
  reason=balance disabled
  T_compute_interval_s=2.1504e-05
  T_comm_interval_s=0
  T_balance_total_s=0
  T_rebalance_apply_s=0
  T_compute_accum_s=0.000398336
  T_comm_accum_s=0
  T_balance_accum_s=0
  T_rebalance_apply_accum_s=0
  device_times_s:
    part[0]=2.1504e-05
    part[1]=1.6384e-05
  OLD loads:
    part[0] cum=61.6272% share=61.6272% device_global=0 rank=0 local_index=0 offset=0 count=616272
    part[1] cum=100% share=38.3728% device_global=1 rank=1 local_index=-1 offset=616272 count=383728
    total=100%
  CURRENT loads:
    part[0] cum=61.6272% share=61.6272% device_global=0 rank=0 local_index=0 offset=0 count=616272
    part[1] cum=100% share=38.3728% device_global=1 rank=1 local_index=-1 offset=616272 count=383728
    total=100%
[DCL][balance-metrics] iteration=15
  policy=off
  action=skip
  reason=balance disabled
  T_compute_interval_s=2.1504e-05
  T_comm_interval_s=0
  T_balance_total_s=0
  T_rebalance_apply_s=0
  T_compute_accum_s=0.00041984
  T_comm_accum_s=0
  T_balance_accum_s=0
  T_rebalance_apply_accum_s=0
  device_times_s:
    part[0]=2.1504e-05
    part[1]=2.1504e-05
  OLD loads:
    part[0] cum=61.6272% share=61.6272% device_global=0 rank=0 local_index=0 offset=0 count=616272
    part[1] cum=100% share=38.3728% device_global=1 rank=1 local_index=-1 offset=616272 count=383728
    total=100%
  CURRENT loads:
    part[0] cum=61.6272% share=61.6272% device_global=0 rank=0 local_index=0 offset=0 count=616272
    part[1] cum=100% share=38.3728% device_global=1 rank=1 local_index=-1 offset=616272 count=383728
    total=100%
[DCL][balance-metrics] iteration=16
  policy=off
  action=skip
  reason=balance disabled
  T_compute_interval_s=2.1504e-05
  T_comm_interval_s=0
  T_balance_total_s=0
  T_rebalance_apply_s=0
  T_compute_accum_s=0.000441344
  T_comm_accum_s=0
  T_balance_accum_s=0
  T_rebalance_apply_accum_s=0
  device_times_s:
    part[0]=2.1504e-05
    part[1]=1.7408e-05
  OLD loads:
    part[0] cum=61.6272% share=61.6272% device_global=0 rank=0 local_index=0 offset=0 count=616272
    part[1] cum=100% share=38.3728% device_global=1 rank=1 local_index=-1 offset=616272 count=383728
    total=100%
  CURRENT loads:
    part[0] cum=61.6272% share=61.6272% device_global=0 rank=0 local_index=0 offset=0 count=616272
    part[1] cum=100% share=38.3728% device_global=1 rank=1 local_index=-1 offset=616272 count=383728
    total=100%
[DCL][balance-metrics] iteration=17
  policy=off
  action=skip
  reason=balance disabled
  T_compute_interval_s=2.048e-05
  T_comm_interval_s=0
  T_balance_total_s=0
  T_rebalance_apply_s=0
  T_compute_accum_s=0.000461824
  T_comm_accum_s=0
  T_balance_accum_s=0
  T_rebalance_apply_accum_s=0
  device_times_s:
    part[0]=2.048e-05
    part[1]=1.536e-05
  OLD loads:
    part[0] cum=61.6272% share=61.6272% device_global=0 rank=0 local_index=0 offset=0 count=616272
    part[1] cum=100% share=38.3728% device_global=1 rank=1 local_index=-1 offset=616272 count=383728
    total=100%
  CURRENT loads:
    part[0] cum=61.6272% share=61.6272% device_global=0 rank=0 local_index=0 offset=0 count=616272
    part[1] cum=100% share=38.3728% device_global=1 rank=1 local_index=-1 offset=616272 count=383728
    total=100%
[DCL][balance-metrics] iteration=18
  policy=off
  action=skip
  reason=balance disabled
  T_compute_interval_s=2.1504e-05
  T_comm_interval_s=0
  T_balance_total_s=0
  T_rebalance_apply_s=0
  T_compute_accum_s=0.000483328
  T_comm_accum_s=0
  T_balance_accum_s=0
  T_rebalance_apply_accum_s=0
  device_times_s:
    part[0]=2.1504e-05
    part[1]=1.536e-05
  OLD loads:
    part[0] cum=61.6272% share=61.6272% device_global=0 rank=0 local_index=0 offset=0 count=616272
    part[1] cum=100% share=38.3728% device_global=1 rank=1 local_index=-1 offset=616272 count=383728
    total=100%
  CURRENT loads:
    part[0] cum=61.6272% share=61.6272% device_global=0 rank=0 local_index=0 offset=0 count=616272
    part[1] cum=100% share=38.3728% device_global=1 rank=1 local_index=-1 offset=616272 count=383728
    total=100%
[DCL][balance-metrics] iteration=19
  policy=off
  action=skip
  reason=balance disabled
  T_compute_interval_s=2.048e-05
  T_comm_interval_s=0
  T_balance_total_s=0
  T_rebalance_apply_s=0
  T_compute_accum_s=0.000503808
  T_comm_accum_s=0
  T_balance_accum_s=0
  T_rebalance_apply_accum_s=0
  device_times_s:
    part[0]=2.048e-05
    part[1]=2.048e-05
  OLD loads:
    part[0] cum=61.6272% share=61.6272% device_global=0 rank=0 local_index=0 offset=0 count=616272
    part[1] cum=100% share=38.3728% device_global=1 rank=1 local_index=-1 offset=616272 count=383728
    total=100%
  CURRENT loads:
    part[0] cum=61.6272% share=61.6272% device_global=0 rank=0 local_index=0 offset=0 count=616272
    part[1] cum=100% share=38.3728% device_global=1 rank=1 local_index=-1 offset=616272 count=383728
    total=100%
[DCL][balance-metrics] iteration=20
  policy=off
  action=skip
  reason=balance disabled
  T_compute_interval_s=2.048e-05
  T_comm_interval_s=0
  T_balance_total_s=0
  T_rebalance_apply_s=0
  T_compute_accum_s=0.000524288
  T_comm_accum_s=0
  T_balance_accum_s=0
  T_rebalance_apply_accum_s=0
  device_times_s:
    part[0]=2.048e-05
    part[1]=1.8432e-05
  OLD loads:
    part[0] cum=61.6272% share=61.6272% device_global=0 rank=0 local_index=0 offset=0 count=616272
    part[1] cum=100% share=38.3728% device_global=1 rank=1 local_index=-1 offset=616272 count=383728
    total=100%
  CURRENT loads:
    part[0] cum=61.6272% share=61.6272% device_global=0 rank=0 local_index=0 offset=0 count=616272
    part[1] cum=100% share=38.3728% device_global=1 rank=1 local_index=-1 offset=616272 count=383728
    total=100%
DCL loads by partition:
  part[0] device_global=0 rank=0 local_index=0 offset=0 count=583969 cum=58.3969% share=58.3969%
  part[1] device_global=1 rank=1 local_index=-1 offset=583969 count=416031 cum=100% share=41.6031%
  total_share=100%
[DCL][balance-metrics] iteration=21
  policy=off
  action=skip
  reason=balance disabled
  T_compute_interval_s=0.000443392
  T_comm_interval_s=0
  T_balance_total_s=0
  T_rebalance_apply_s=0
  T_compute_accum_s=0.00096768
  T_comm_accum_s=0
  T_balance_accum_s=0
  T_rebalance_apply_accum_s=0
  device_times_s:
    part[0]=0.000443392
    part[1]=4.096e-05
  OLD loads:
    part[0] cum=58.3969% share=58.3969% device_global=0 rank=0 local_index=0 offset=0 count=583969
    part[1] cum=100% share=41.6031% device_global=1 rank=1 local_index=-1 offset=583969 count=416031
    total=100%
  CURRENT loads:
    part[0] cum=58.3969% share=58.3969% device_global=0 rank=0 local_index=0 offset=0 count=583969
    part[1] cum=100% share=41.6031% device_global=1 rank=1 local_index=-1 offset=583969 count=416031
    total=100%
[DCL][balance-metrics] iteration=22
  policy=off
  action=skip
  reason=balance disabled
  T_compute_interval_s=0.00044032
  T_comm_interval_s=0
  T_balance_total_s=0
  T_rebalance_apply_s=0
  T_compute_accum_s=0.001408
  T_comm_accum_s=0
  T_balance_accum_s=0
  T_rebalance_apply_accum_s=0
  device_times_s:
    part[0]=0.00044032
    part[1]=1.7408e-05
  OLD loads:
    part[0] cum=58.3969% share=58.3969% device_global=0 rank=0 local_index=0 offset=0 count=583969
    part[1] cum=100% share=41.6031% device_global=1 rank=1 local_index=-1 offset=583969 count=416031
    total=100%
  CURRENT loads:
    part[0] cum=58.3969% share=58.3969% device_global=0 rank=0 local_index=0 offset=0 count=583969
    part[1] cum=100% share=41.6031% device_global=1 rank=1 local_index=-1 offset=583969 count=416031
    total=100%
[DCL][balance-metrics] iteration=23
  policy=off
  action=skip
  reason=balance disabled
  T_compute_interval_s=0.00044032
  T_comm_interval_s=0
  T_balance_total_s=0
  T_rebalance_apply_s=0
  T_compute_accum_s=0.00184832
  T_comm_accum_s=0
  T_balance_accum_s=0
  T_rebalance_apply_accum_s=0
  device_times_s:
    part[0]=0.00044032
    part[1]=2.1504e-05
  OLD loads:
    part[0] cum=58.3969% share=58.3969% device_global=0 rank=0 local_index=0 offset=0 count=583969
    part[1] cum=100% share=41.6031% device_global=1 rank=1 local_index=-1 offset=583969 count=416031
    total=100%
  CURRENT loads:
    part[0] cum=58.3969% share=58.3969% device_global=0 rank=0 local_index=0 offset=0 count=583969
    part[1] cum=100% share=41.6031% device_global=1 rank=1 local_index=-1 offset=583969 count=416031
    total=100%
[DCL][balance-metrics] iteration=24
  policy=off
  action=skip
  reason=balance disabled
  T_compute_interval_s=0.00044032
  T_comm_interval_s=0
  T_balance_total_s=0
  T_rebalance_apply_s=0
  T_compute_accum_s=0.00228864
  T_comm_accum_s=0
  T_balance_accum_s=0
  T_rebalance_apply_accum_s=0
  device_times_s:
    part[0]=0.00044032
    part[1]=1.8432e-05
  OLD loads:
    part[0] cum=58.3969% share=58.3969% device_global=0 rank=0 local_index=0 offset=0 count=583969
    part[1] cum=100% share=41.6031% device_global=1 rank=1 local_index=-1 offset=583969 count=416031
    total=100%
  CURRENT loads:
    part[0] cum=58.3969% share=58.3969% device_global=0 rank=0 local_index=0 offset=0 count=583969
    part[1] cum=100% share=41.6031% device_global=1 rank=1 local_index=-1 offset=583969 count=416031
    total=100%
[DCL][balance-metrics] iteration=25
  policy=off
  action=skip
  reason=balance disabled
  T_compute_interval_s=0.00044032
  T_comm_interval_s=0
  T_balance_total_s=0
  T_rebalance_apply_s=0
  T_compute_accum_s=0.00272896
  T_comm_accum_s=0
  T_balance_accum_s=0
  T_rebalance_apply_accum_s=0
  device_times_s:
    part[0]=0.00044032
    part[1]=1.6384e-05
  OLD loads:
    part[0] cum=58.3969% share=58.3969% device_global=0 rank=0 local_index=0 offset=0 count=583969
    part[1] cum=100% share=41.6031% device_global=1 rank=1 local_index=-1 offset=583969 count=416031
    total=100%
  CURRENT loads:
    part[0] cum=58.3969% share=58.3969% device_global=0 rank=0 local_index=0 offset=0 count=583969
    part[1] cum=100% share=41.6031% device_global=1 rank=1 local_index=-1 offset=583969 count=416031
    total=100%
[DCL][balance-metrics] iteration=26
  policy=off
  action=skip
  reason=balance disabled
  T_compute_interval_s=0.00044032
  T_comm_interval_s=0
  T_balance_total_s=0
  T_rebalance_apply_s=0
  T_compute_accum_s=0.00316928
  T_comm_accum_s=0
  T_balance_accum_s=0
  T_rebalance_apply_accum_s=0
  device_times_s:
    part[0]=0.00044032
    part[1]=1.6384e-05
  OLD loads:
    part[0] cum=58.3969% share=58.3969% device_global=0 rank=0 local_index=0 offset=0 count=583969
    part[1] cum=100% share=41.6031% device_global=1 rank=1 local_index=-1 offset=583969 count=416031
    total=100%
  CURRENT loads:
    part[0] cum=58.3969% share=58.3969% device_global=0 rank=0 local_index=0 offset=0 count=583969
    part[1] cum=100% share=41.6031% device_global=1 rank=1 local_index=-1 offset=583969 count=416031
    total=100%
[DCL][balance-metrics] iteration=27
  policy=off
  action=skip
  reason=balance disabled
  T_compute_interval_s=0.000443392
  T_comm_interval_s=0
  T_balance_total_s=0
  T_rebalance_apply_s=0
  T_compute_accum_s=0.00361267
  T_comm_accum_s=0
  T_balance_accum_s=0
  T_rebalance_apply_accum_s=0
  device_times_s:
    part[0]=0.000443392
    part[1]=1.7408e-05
  OLD loads:
    part[0] cum=58.3969% share=58.3969% device_global=0 rank=0 local_index=0 offset=0 count=583969
    part[1] cum=100% share=41.6031% device_global=1 rank=1 local_index=-1 offset=583969 count=416031
    total=100%
  CURRENT loads:
    part[0] cum=58.3969% share=58.3969% device_global=0 rank=0 local_index=0 offset=0 count=583969
    part[1] cum=100% share=41.6031% device_global=1 rank=1 local_index=-1 offset=583969 count=416031
    total=100%
[DCL][balance-metrics] iteration=28
  policy=off
  action=skip
  reason=balance disabled
  T_compute_interval_s=0.00044032
  T_comm_interval_s=0
  T_balance_total_s=0
  T_rebalance_apply_s=0
  T_compute_accum_s=0.00405299
  T_comm_accum_s=0
  T_balance_accum_s=0
  T_rebalance_apply_accum_s=0
  device_times_s:
    part[0]=0.00044032
    part[1]=1.6384e-05
  OLD loads:
    part[0] cum=58.3969% share=58.3969% device_global=0 rank=0 local_index=0 offset=0 count=583969
    part[1] cum=100% share=41.6031% device_global=1 rank=1 local_index=-1 offset=583969 count=416031
    total=100%
  CURRENT loads:
    part[0] cum=58.3969% share=58.3969% device_global=0 rank=0 local_index=0 offset=0 count=583969
    part[1] cum=100% share=41.6031% device_global=1 rank=1 local_index=-1 offset=583969 count=416031
    total=100%
[DCL][balance-metrics] iteration=29
  policy=off
  action=skip
  reason=balance disabled
  T_compute_interval_s=0.00044032
  T_comm_interval_s=0
  T_balance_total_s=0
  T_rebalance_apply_s=0
  T_compute_accum_s=0.00449331
  T_comm_accum_s=0
  T_balance_accum_s=0
  T_rebalance_apply_accum_s=0
  device_times_s:
    part[0]=0.00044032
    part[1]=1.6384e-05
  OLD loads:
    part[0] cum=58.3969% share=58.3969% device_global=0 rank=0 local_index=0 offset=0 count=583969
    part[1] cum=100% share=41.6031% device_global=1 rank=1 local_index=-1 offset=583969 count=416031
    total=100%
  CURRENT loads:
    part[0] cum=58.3969% share=58.3969% device_global=0 rank=0 local_index=0 offset=0 count=583969
    part[1] cum=100% share=41.6031% device_global=1 rank=1 local_index=-1 offset=583969 count=416031
    total=100%
[DCL][balance-metrics] iteration=30
  policy=off
  action=skip
  reason=balance disabled
  T_compute_interval_s=0.000441344
  T_comm_interval_s=0
  T_balance_total_s=0
  T_rebalance_apply_s=0
  T_compute_accum_s=0.00493466
  T_comm_accum_s=0
  T_balance_accum_s=0
  T_rebalance_apply_accum_s=0
  device_times_s:
    part[0]=0.000441344
    part[1]=1.7408e-05
  OLD loads:
    part[0] cum=58.3969% share=58.3969% device_global=0 rank=0 local_index=0 offset=0 count=583969
    part[1] cum=100% share=41.6031% device_global=1 rank=1 local_index=-1 offset=583969 count=416031
    total=100%
  CURRENT loads:
    part[0] cum=58.3969% share=58.3969% device_global=0 rank=0 local_index=0 offset=0 count=583969
    part[1] cum=100% share=41.6031% device_global=1 rank=1 local_index=-1 offset=583969 count=416031
    total=100%
DCL loads by partition:
  part[0] device_global=0 rank=0 local_index=0 offset=0 count=47996 cum=4.7996% share=4.7996%
  part[1] device_global=1 rank=1 local_index=-1 offset=47996 count=952004 cum=100% share=95.2004%
  total_share=100%
[DCL][balance-metrics] iteration=31
  policy=off
  action=skip
  reason=balance disabled
  T_compute_interval_s=0.000208896
  T_comm_interval_s=0
  T_balance_total_s=0
  T_rebalance_apply_s=0
  T_compute_accum_s=0.00514355
  T_comm_accum_s=0
  T_balance_accum_s=0
  T_rebalance_apply_accum_s=0
  device_times_s:
    part[0]=1.024e-05
    part[1]=0.000208896
  OLD loads:
    part[0] cum=4.7996% share=4.7996% device_global=0 rank=0 local_index=0 offset=0 count=47996
    part[1] cum=100% share=95.2004% device_global=1 rank=1 local_index=-1 offset=47996 count=952004
    total=100%
  CURRENT loads:
    part[0] cum=4.7996% share=4.7996% device_global=0 rank=0 local_index=0 offset=0 count=47996
    part[1] cum=100% share=95.2004% device_global=1 rank=1 local_index=-1 offset=47996 count=952004
    total=100%
[DCL][balance-metrics] iteration=32
  policy=off
  action=skip
  reason=balance disabled
  T_compute_interval_s=0.000191488
  T_comm_interval_s=0
  T_balance_total_s=0
  T_rebalance_apply_s=0
  T_compute_accum_s=0.00533504
  T_comm_accum_s=0
  T_balance_accum_s=0
  T_rebalance_apply_accum_s=0
  device_times_s:
    part[0]=8.192e-06
    part[1]=0.000191488
  OLD loads:
    part[0] cum=4.7996% share=4.7996% device_global=0 rank=0 local_index=0 offset=0 count=47996
    part[1] cum=100% share=95.2004% device_global=1 rank=1 local_index=-1 offset=47996 count=952004
    total=100%
  CURRENT loads:
    part[0] cum=4.7996% share=4.7996% device_global=0 rank=0 local_index=0 offset=0 count=47996
    part[1] cum=100% share=95.2004% device_global=1 rank=1 local_index=-1 offset=47996 count=952004
    total=100%
[DCL][balance-metrics] iteration=33
  policy=off
  action=skip
  reason=balance disabled
  T_compute_interval_s=0.00019456
  T_comm_interval_s=0
  T_balance_total_s=0
  T_rebalance_apply_s=0
  T_compute_accum_s=0.0055296
  T_comm_accum_s=0
  T_balance_accum_s=0
  T_rebalance_apply_accum_s=0
  device_times_s:
    part[0]=7.168e-06
    part[1]=0.00019456
  OLD loads:
    part[0] cum=4.7996% share=4.7996% device_global=0 rank=0 local_index=0 offset=0 count=47996
    part[1] cum=100% share=95.2004% device_global=1 rank=1 local_index=-1 offset=47996 count=952004
    total=100%
  CURRENT loads:
    part[0] cum=4.7996% share=4.7996% device_global=0 rank=0 local_index=0 offset=0 count=47996
    part[1] cum=100% share=95.2004% device_global=1 rank=1 local_index=-1 offset=47996 count=952004
    total=100%
[DCL][balance-metrics] iteration=34
  policy=off
  action=skip
  reason=balance disabled
  T_compute_interval_s=0.000200704
  T_comm_interval_s=0
  T_balance_total_s=0
  T_rebalance_apply_s=0
  T_compute_accum_s=0.0057303
  T_comm_accum_s=0
  T_balance_accum_s=0
  T_rebalance_apply_accum_s=0
  device_times_s:
    part[0]=8.192e-06
    part[1]=0.000200704
  OLD loads:
    part[0] cum=4.7996% share=4.7996% device_global=0 rank=0 local_index=0 offset=0 count=47996
    part[1] cum=100% share=95.2004% device_global=1 rank=1 local_index=-1 offset=47996 count=952004
    total=100%
  CURRENT loads:
    part[0] cum=4.7996% share=4.7996% device_global=0 rank=0 local_index=0 offset=0 count=47996
    part[1] cum=100% share=95.2004% device_global=1 rank=1 local_index=-1 offset=47996 count=952004
    total=100%
[DCL][balance-metrics] iteration=35
  policy=off
  action=skip
  reason=balance disabled
  T_compute_interval_s=0.000197632
  T_comm_interval_s=0
  T_balance_total_s=0
  T_rebalance_apply_s=0
  T_compute_accum_s=0.00592794
  T_comm_accum_s=0
  T_balance_accum_s=0
  T_rebalance_apply_accum_s=0
  device_times_s:
    part[0]=9.216e-06
    part[1]=0.000197632
  OLD loads:
    part[0] cum=4.7996% share=4.7996% device_global=0 rank=0 local_index=0 offset=0 count=47996
    part[1] cum=100% share=95.2004% device_global=1 rank=1 local_index=-1 offset=47996 count=952004
    total=100%
  CURRENT loads:
    part[0] cum=4.7996% share=4.7996% device_global=0 rank=0 local_index=0 offset=0 count=47996
    part[1] cum=100% share=95.2004% device_global=1 rank=1 local_index=-1 offset=47996 count=952004
    total=100%
[DCL][balance-metrics] iteration=36
  policy=off
  action=skip
  reason=balance disabled
  T_compute_interval_s=0.000193536
  T_comm_interval_s=0
  T_balance_total_s=0
  T_rebalance_apply_s=0
  T_compute_accum_s=0.00612147
  T_comm_accum_s=0
  T_balance_accum_s=0
  T_rebalance_apply_accum_s=0
  device_times_s:
    part[0]=9.216e-06
    part[1]=0.000193536
  OLD loads:
    part[0] cum=4.7996% share=4.7996% device_global=0 rank=0 local_index=0 offset=0 count=47996
    part[1] cum=100% share=95.2004% device_global=1 rank=1 local_index=-1 offset=47996 count=952004
    total=100%
  CURRENT loads:
    part[0] cum=4.7996% share=4.7996% device_global=0 rank=0 local_index=0 offset=0 count=47996
    part[1] cum=100% share=95.2004% device_global=1 rank=1 local_index=-1 offset=47996 count=952004
    total=100%
[DCL][balance-metrics] iteration=37
  policy=off
  action=skip
  reason=balance disabled
  T_compute_interval_s=0.000192512
  T_comm_interval_s=0
  T_balance_total_s=0
  T_rebalance_apply_s=0
  T_compute_accum_s=0.00631398
  T_comm_accum_s=0
  T_balance_accum_s=0
  T_rebalance_apply_accum_s=0
  device_times_s:
    part[0]=8.192e-06
    part[1]=0.000192512
  OLD loads:
    part[0] cum=4.7996% share=4.7996% device_global=0 rank=0 local_index=0 offset=0 count=47996
    part[1] cum=100% share=95.2004% device_global=1 rank=1 local_index=-1 offset=47996 count=952004
    total=100%
  CURRENT loads:
    part[0] cum=4.7996% share=4.7996% device_global=0 rank=0 local_index=0 offset=0 count=47996
    part[1] cum=100% share=95.2004% device_global=1 rank=1 local_index=-1 offset=47996 count=952004
    total=100%
[DCL][balance-metrics] iteration=38
  policy=off
  action=skip
  reason=balance disabled
  T_compute_interval_s=0.000191488
  T_comm_interval_s=0
  T_balance_total_s=0
  T_rebalance_apply_s=0
  T_compute_accum_s=0.00650547
  T_comm_accum_s=0
  T_balance_accum_s=0
  T_rebalance_apply_accum_s=0
  device_times_s:
    part[0]=8.192e-06
    part[1]=0.000191488
  OLD loads:
    part[0] cum=4.7996% share=4.7996% device_global=0 rank=0 local_index=0 offset=0 count=47996
    part[1] cum=100% share=95.2004% device_global=1 rank=1 local_index=-1 offset=47996 count=952004
    total=100%
  CURRENT loads:
    part[0] cum=4.7996% share=4.7996% device_global=0 rank=0 local_index=0 offset=0 count=47996
    part[1] cum=100% share=95.2004% device_global=1 rank=1 local_index=-1 offset=47996 count=952004
    total=100%
[DCL][balance-metrics] iteration=39
  policy=off
  action=skip
  reason=balance disabled
  T_compute_interval_s=0.000186368
  T_comm_interval_s=0
  T_balance_total_s=0
  T_rebalance_apply_s=0
  T_compute_accum_s=0.00669184
  T_comm_accum_s=0
  T_balance_accum_s=0
  T_rebalance_apply_accum_s=0
  device_times_s:
    part[0]=7.168e-06
    part[1]=0.000186368
  OLD loads:
    part[0] cum=4.7996% share=4.7996% device_global=0 rank=0 local_index=0 offset=0 count=47996
    part[1] cum=100% share=95.2004% device_global=1 rank=1 local_index=-1 offset=47996 count=952004
    total=100%
  CURRENT loads:
    part[0] cum=4.7996% share=4.7996% device_global=0 rank=0 local_index=0 offset=0 count=47996
    part[1] cum=100% share=95.2004% device_global=1 rank=1 local_index=-1 offset=47996 count=952004
    total=100%
[DCL][balance-metrics] iteration=40
  policy=off
  action=skip
  reason=balance disabled
  T_compute_interval_s=0.000183296
  T_comm_interval_s=0
  T_balance_total_s=0
  T_rebalance_apply_s=0
  T_compute_accum_s=0.00687514
  T_comm_accum_s=0
  T_balance_accum_s=0
  T_rebalance_apply_accum_s=0
  device_times_s:
    part[0]=8.192e-06
    part[1]=0.000183296
  OLD loads:
    part[0] cum=4.7996% share=4.7996% device_global=0 rank=0 local_index=0 offset=0 count=47996
    part[1] cum=100% share=95.2004% device_global=1 rank=1 local_index=-1 offset=47996 count=952004
    total=100%
  CURRENT loads:
    part[0] cum=4.7996% share=4.7996% device_global=0 rank=0 local_index=0 offset=0 count=47996
    part[1] cum=100% share=95.2004% device_global=1 rank=1 local_index=-1 offset=47996 count=952004
    total=100%
DCL loads by partition:
  part[0] device_global=0 rank=0 local_index=0 offset=0 count=521938 cum=52.1938% share=52.1938%
  part[1] device_global=1 rank=1 local_index=-1 offset=521938 count=478062 cum=100% share=47.8062%
  total_share=100%
[DCL][balance-metrics] iteration=41
  policy=off
  action=skip
  reason=balance disabled
  T_compute_interval_s=0.000201728
  T_comm_interval_s=0
  T_balance_total_s=0
  T_rebalance_apply_s=0
  T_compute_accum_s=0.00707686
  T_comm_accum_s=0
  T_balance_accum_s=0
  T_rebalance_apply_accum_s=0
  device_times_s:
    part[0]=0.000201728
    part[1]=4.1984e-05
  OLD loads:
    part[0] cum=52.1938% share=52.1938% device_global=0 rank=0 local_index=0 offset=0 count=521938
    part[1] cum=100% share=47.8062% device_global=1 rank=1 local_index=-1 offset=521938 count=478062
    total=100%
  CURRENT loads:
    part[0] cum=52.1938% share=52.1938% device_global=0 rank=0 local_index=0 offset=0 count=521938
    part[1] cum=100% share=47.8062% device_global=1 rank=1 local_index=-1 offset=521938 count=478062
    total=100%
[DCL][balance-metrics] iteration=42
  policy=off
  action=skip
  reason=balance disabled
  T_compute_interval_s=0.000200704
  T_comm_interval_s=0
  T_balance_total_s=0
  T_rebalance_apply_s=0
  T_compute_accum_s=0.00727757
  T_comm_accum_s=0
  T_balance_accum_s=0
  T_rebalance_apply_accum_s=0
  device_times_s:
    part[0]=0.000200704
    part[1]=1.9456e-05
  OLD loads:
    part[0] cum=52.1938% share=52.1938% device_global=0 rank=0 local_index=0 offset=0 count=521938
    part[1] cum=100% share=47.8062% device_global=1 rank=1 local_index=-1 offset=521938 count=478062
    total=100%
  CURRENT loads:
    part[0] cum=52.1938% share=52.1938% device_global=0 rank=0 local_index=0 offset=0 count=521938
    part[1] cum=100% share=47.8062% device_global=1 rank=1 local_index=-1 offset=521938 count=478062
    total=100%
[DCL][balance-metrics] iteration=43
  policy=off
  action=skip
  reason=balance disabled
  T_compute_interval_s=0.000201728
  T_comm_interval_s=0
  T_balance_total_s=0
  T_rebalance_apply_s=0
  T_compute_accum_s=0.0074793
  T_comm_accum_s=0
  T_balance_accum_s=0
  T_rebalance_apply_accum_s=0
  device_times_s:
    part[0]=0.000201728
    part[1]=2.048e-05
  OLD loads:
    part[0] cum=52.1938% share=52.1938% device_global=0 rank=0 local_index=0 offset=0 count=521938
    part[1] cum=100% share=47.8062% device_global=1 rank=1 local_index=-1 offset=521938 count=478062
    total=100%
  CURRENT loads:
    part[0] cum=52.1938% share=52.1938% device_global=0 rank=0 local_index=0 offset=0 count=521938
    part[1] cum=100% share=47.8062% device_global=1 rank=1 local_index=-1 offset=521938 count=478062
    total=100%
[DCL][balance-metrics] iteration=44
  policy=off
  action=skip
  reason=balance disabled
  T_compute_interval_s=0.000200704
  T_comm_interval_s=0
  T_balance_total_s=0
  T_rebalance_apply_s=0
  T_compute_accum_s=0.00768
  T_comm_accum_s=0
  T_balance_accum_s=0
  T_rebalance_apply_accum_s=0
  device_times_s:
    part[0]=0.000200704
    part[1]=2.4576e-05
  OLD loads:
    part[0] cum=52.1938% share=52.1938% device_global=0 rank=0 local_index=0 offset=0 count=521938
    part[1] cum=100% share=47.8062% device_global=1 rank=1 local_index=-1 offset=521938 count=478062
    total=100%
  CURRENT loads:
    part[0] cum=52.1938% share=52.1938% device_global=0 rank=0 local_index=0 offset=0 count=521938
    part[1] cum=100% share=47.8062% device_global=1 rank=1 local_index=-1 offset=521938 count=478062
    total=100%
[DCL][balance-metrics] iteration=45
  policy=off
  action=skip
  reason=balance disabled
  T_compute_interval_s=0.000200704
  T_comm_interval_s=0
  T_balance_total_s=0
  T_rebalance_apply_s=0
  T_compute_accum_s=0.0078807
  T_comm_accum_s=0
  T_balance_accum_s=0
  T_rebalance_apply_accum_s=0
  device_times_s:
    part[0]=0.000200704
    part[1]=1.8432e-05
  OLD loads:
    part[0] cum=52.1938% share=52.1938% device_global=0 rank=0 local_index=0 offset=0 count=521938
    part[1] cum=100% share=47.8062% device_global=1 rank=1 local_index=-1 offset=521938 count=478062
    total=100%
  CURRENT loads:
    part[0] cum=52.1938% share=52.1938% device_global=0 rank=0 local_index=0 offset=0 count=521938
    part[1] cum=100% share=47.8062% device_global=1 rank=1 local_index=-1 offset=521938 count=478062
    total=100%
[DCL][balance-metrics] iteration=46
  policy=off
  action=skip
  reason=balance disabled
  T_compute_interval_s=0.000201728
  T_comm_interval_s=0
  T_balance_total_s=0
  T_rebalance_apply_s=0
  T_compute_accum_s=0.00808243
  T_comm_accum_s=0
  T_balance_accum_s=0
  T_rebalance_apply_accum_s=0
  device_times_s:
    part[0]=0.000201728
    part[1]=1.9456e-05
  OLD loads:
    part[0] cum=52.1938% share=52.1938% device_global=0 rank=0 local_index=0 offset=0 count=521938
    part[1] cum=100% share=47.8062% device_global=1 rank=1 local_index=-1 offset=521938 count=478062
    total=100%
  CURRENT loads:
    part[0] cum=52.1938% share=52.1938% device_global=0 rank=0 local_index=0 offset=0 count=521938
    part[1] cum=100% share=47.8062% device_global=1 rank=1 local_index=-1 offset=521938 count=478062
    total=100%
[DCL][balance-metrics] iteration=47
  policy=off
  action=skip
  reason=balance disabled
  T_compute_interval_s=0.000201728
  T_comm_interval_s=0
  T_balance_total_s=0
  T_rebalance_apply_s=0
  T_compute_accum_s=0.00828416
  T_comm_accum_s=0
  T_balance_accum_s=0
  T_rebalance_apply_accum_s=0
  device_times_s:
    part[0]=0.000201728
    part[1]=1.8432e-05
  OLD loads:
    part[0] cum=52.1938% share=52.1938% device_global=0 rank=0 local_index=0 offset=0 count=521938
    part[1] cum=100% share=47.8062% device_global=1 rank=1 local_index=-1 offset=521938 count=478062
    total=100%
  CURRENT loads:
    part[0] cum=52.1938% share=52.1938% device_global=0 rank=0 local_index=0 offset=0 count=521938
    part[1] cum=100% share=47.8062% device_global=1 rank=1 local_index=-1 offset=521938 count=478062
    total=100%
[DCL][balance-metrics] iteration=48
  policy=off
  action=skip
  reason=balance disabled
  T_compute_interval_s=0.0002048
  T_comm_interval_s=0
  T_balance_total_s=0
  T_rebalance_apply_s=0
  T_compute_accum_s=0.00848896
  T_comm_accum_s=0
  T_balance_accum_s=0
  T_rebalance_apply_accum_s=0
  device_times_s:
    part[0]=0.0002048
    part[1]=1.8432e-05
  OLD loads:
    part[0] cum=52.1938% share=52.1938% device_global=0 rank=0 local_index=0 offset=0 count=521938
    part[1] cum=100% share=47.8062% device_global=1 rank=1 local_index=-1 offset=521938 count=478062
    total=100%
  CURRENT loads:
    part[0] cum=52.1938% share=52.1938% device_global=0 rank=0 local_index=0 offset=0 count=521938
    part[1] cum=100% share=47.8062% device_global=1 rank=1 local_index=-1 offset=521938 count=478062
    total=100%
[DCL][balance-metrics] iteration=49
  policy=off
  action=skip
  reason=balance disabled
  T_compute_interval_s=0.000200704
  T_comm_interval_s=0
  T_balance_total_s=0
  T_rebalance_apply_s=0
  T_compute_accum_s=0.00868966
  T_comm_accum_s=0
  T_balance_accum_s=0
  T_rebalance_apply_accum_s=0
  device_times_s:
    part[0]=0.000200704
    part[1]=1.8432e-05
  OLD loads:
    part[0] cum=52.1938% share=52.1938% device_global=0 rank=0 local_index=0 offset=0 count=521938
    part[1] cum=100% share=47.8062% device_global=1 rank=1 local_index=-1 offset=521938 count=478062
    total=100%
  CURRENT loads:
    part[0] cum=52.1938% share=52.1938% device_global=0 rank=0 local_index=0 offset=0 count=521938
    part[1] cum=100% share=47.8062% device_global=1 rank=1 local_index=-1 offset=521938 count=478062
    total=100%
[DCL][balance-metrics] iteration=50
  policy=off
  action=skip
  reason=balance disabled
  T_compute_interval_s=0.000200704
  T_comm_interval_s=0
  T_balance_total_s=0
  T_rebalance_apply_s=0
  T_compute_accum_s=0.00889037
  T_comm_accum_s=0
  T_balance_accum_s=0
  T_rebalance_apply_accum_s=0
  device_times_s:
    part[0]=0.000200704
    part[1]=1.8432e-05
  OLD loads:
    part[0] cum=52.1938% share=52.1938% device_global=0 rank=0 local_index=0 offset=0 count=521938
    part[1] cum=100% share=47.8062% device_global=1 rank=1 local_index=-1 offset=521938 count=478062
    total=100%
  CURRENT loads:
    part[0] cum=52.1938% share=52.1938% device_global=0 rank=0 local_index=0 offset=0 count=521938
    part[1] cum=100% share=47.8062% device_global=1 rank=1 local_index=-1 offset=521938 count=478062
    total=100%
DCL loads by partition:
  part[0] device_global=0 rank=0 local_index=0 offset=0 count=94902 cum=9.4902% share=9.4902%
  part[1] device_global=1 rank=1 local_index=-1 offset=94902 count=905098 cum=100% share=90.5098%
  total_share=100%
[DCL][balance-metrics] iteration=51
  policy=off
  action=skip
  reason=balance disabled
  T_compute_interval_s=0.000366592
  T_comm_interval_s=0
  T_balance_total_s=0
  T_rebalance_apply_s=0
  T_compute_accum_s=0.00925696
  T_comm_accum_s=0
  T_balance_accum_s=0
  T_rebalance_apply_accum_s=0
  device_times_s:
    part[0]=2.9696e-05
    part[1]=0.000366592
  OLD loads:
    part[0] cum=9.4902% share=9.4902% device_global=0 rank=0 local_index=0 offset=0 count=94902
    part[1] cum=100% share=90.5098% device_global=1 rank=1 local_index=-1 offset=94902 count=905098
    total=100%
  CURRENT loads:
    part[0] cum=9.4902% share=9.4902% device_global=0 rank=0 local_index=0 offset=0 count=94902
    part[1] cum=100% share=90.5098% device_global=1 rank=1 local_index=-1 offset=94902 count=905098
    total=100%
[DCL][balance-metrics] iteration=52
  policy=off
  action=skip
  reason=balance disabled
  T_compute_interval_s=0.000342016
  T_comm_interval_s=0
  T_balance_total_s=0
  T_rebalance_apply_s=0
  T_compute_accum_s=0.00959898
  T_comm_accum_s=0
  T_balance_accum_s=0
  T_rebalance_apply_accum_s=0
  device_times_s:
    part[0]=1.9456e-05
    part[1]=0.000342016
  OLD loads:
    part[0] cum=9.4902% share=9.4902% device_global=0 rank=0 local_index=0 offset=0 count=94902
    part[1] cum=100% share=90.5098% device_global=1 rank=1 local_index=-1 offset=94902 count=905098
    total=100%
  CURRENT loads:
    part[0] cum=9.4902% share=9.4902% device_global=0 rank=0 local_index=0 offset=0 count=94902
    part[1] cum=100% share=90.5098% device_global=1 rank=1 local_index=-1 offset=94902 count=905098
    total=100%
[DCL][balance-metrics] iteration=53
  policy=off
  action=skip
  reason=balance disabled
  T_compute_interval_s=0.000345088
  T_comm_interval_s=0
  T_balance_total_s=0
  T_rebalance_apply_s=0
  T_compute_accum_s=0.00994406
  T_comm_accum_s=0
  T_balance_accum_s=0
  T_rebalance_apply_accum_s=0
  device_times_s:
    part[0]=2.048e-05
    part[1]=0.000345088
  OLD loads:
    part[0] cum=9.4902% share=9.4902% device_global=0 rank=0 local_index=0 offset=0 count=94902
    part[1] cum=100% share=90.5098% device_global=1 rank=1 local_index=-1 offset=94902 count=905098
    total=100%
  CURRENT loads:
    part[0] cum=9.4902% share=9.4902% device_global=0 rank=0 local_index=0 offset=0 count=94902
    part[1] cum=100% share=90.5098% device_global=1 rank=1 local_index=-1 offset=94902 count=905098
    total=100%
[DCL][balance-metrics] iteration=54
  policy=off
  action=skip
  reason=balance disabled
  T_compute_interval_s=0.000349184
  T_comm_interval_s=0
  T_balance_total_s=0
  T_rebalance_apply_s=0
  T_compute_accum_s=0.0102932
  T_comm_accum_s=0
  T_balance_accum_s=0
  T_rebalance_apply_accum_s=0
  device_times_s:
    part[0]=1.9456e-05
    part[1]=0.000349184
  OLD loads:
    part[0] cum=9.4902% share=9.4902% device_global=0 rank=0 local_index=0 offset=0 count=94902
    part[1] cum=100% share=90.5098% device_global=1 rank=1 local_index=-1 offset=94902 count=905098
    total=100%
  CURRENT loads:
    part[0] cum=9.4902% share=9.4902% device_global=0 rank=0 local_index=0 offset=0 count=94902
    part[1] cum=100% share=90.5098% device_global=1 rank=1 local_index=-1 offset=94902 count=905098
    total=100%
[DCL][balance-metrics] iteration=55
  policy=off
  action=skip
  reason=balance disabled
  T_compute_interval_s=0.000347136
  T_comm_interval_s=0
  T_balance_total_s=0
  T_rebalance_apply_s=0
  T_compute_accum_s=0.0106404
  T_comm_accum_s=0
  T_balance_accum_s=0
  T_rebalance_apply_accum_s=0
  device_times_s:
    part[0]=1.9456e-05
    part[1]=0.000347136
  OLD loads:
    part[0] cum=9.4902% share=9.4902% device_global=0 rank=0 local_index=0 offset=0 count=94902
    part[1] cum=100% share=90.5098% device_global=1 rank=1 local_index=-1 offset=94902 count=905098
    total=100%
  CURRENT loads:
    part[0] cum=9.4902% share=9.4902% device_global=0 rank=0 local_index=0 offset=0 count=94902
    part[1] cum=100% share=90.5098% device_global=1 rank=1 local_index=-1 offset=94902 count=905098
    total=100%
[DCL][balance-metrics] iteration=56
  policy=off
  action=skip
  reason=balance disabled
  T_compute_interval_s=0.000344064
  T_comm_interval_s=0
  T_balance_total_s=0
  T_rebalance_apply_s=0
  T_compute_accum_s=0.0109844
  T_comm_accum_s=0
  T_balance_accum_s=0
  T_rebalance_apply_accum_s=0
  device_times_s:
    part[0]=1.9456e-05
    part[1]=0.000344064
  OLD loads:
    part[0] cum=9.4902% share=9.4902% device_global=0 rank=0 local_index=0 offset=0 count=94902
    part[1] cum=100% share=90.5098% device_global=1 rank=1 local_index=-1 offset=94902 count=905098
    total=100%
  CURRENT loads:
    part[0] cum=9.4902% share=9.4902% device_global=0 rank=0 local_index=0 offset=0 count=94902
    part[1] cum=100% share=90.5098% device_global=1 rank=1 local_index=-1 offset=94902 count=905098
    total=100%
[DCL][balance-metrics] iteration=57
  policy=off
  action=skip
  reason=balance disabled
  T_compute_interval_s=0.00034304
  T_comm_interval_s=0
  T_balance_total_s=0
  T_rebalance_apply_s=0
  T_compute_accum_s=0.0113275
  T_comm_accum_s=0
  T_balance_accum_s=0
  T_rebalance_apply_accum_s=0
  device_times_s:
    part[0]=1.9456e-05
    part[1]=0.00034304
  OLD loads:
    part[0] cum=9.4902% share=9.4902% device_global=0 rank=0 local_index=0 offset=0 count=94902
    part[1] cum=100% share=90.5098% device_global=1 rank=1 local_index=-1 offset=94902 count=905098
    total=100%
  CURRENT loads:
    part[0] cum=9.4902% share=9.4902% device_global=0 rank=0 local_index=0 offset=0 count=94902
    part[1] cum=100% share=90.5098% device_global=1 rank=1 local_index=-1 offset=94902 count=905098
    total=100%
[DCL][balance-metrics] iteration=58
  policy=off
  action=skip
  reason=balance disabled
  T_compute_interval_s=0.000344064
  T_comm_interval_s=0
  T_balance_total_s=0
  T_rebalance_apply_s=0
  T_compute_accum_s=0.0116716
  T_comm_accum_s=0
  T_balance_accum_s=0
  T_rebalance_apply_accum_s=0
  device_times_s:
    part[0]=1.8432e-05
    part[1]=0.000344064
  OLD loads:
    part[0] cum=9.4902% share=9.4902% device_global=0 rank=0 local_index=0 offset=0 count=94902
    part[1] cum=100% share=90.5098% device_global=1 rank=1 local_index=-1 offset=94902 count=905098
    total=100%
  CURRENT loads:
    part[0] cum=9.4902% share=9.4902% device_global=0 rank=0 local_index=0 offset=0 count=94902
    part[1] cum=100% share=90.5098% device_global=1 rank=1 local_index=-1 offset=94902 count=905098
    total=100%
[DCL][balance-metrics] iteration=59
  policy=off
  action=skip
  reason=balance disabled
  T_compute_interval_s=0.000345088
  T_comm_interval_s=0
  T_balance_total_s=0
  T_rebalance_apply_s=0
  T_compute_accum_s=0.0120166
  T_comm_accum_s=0
  T_balance_accum_s=0
  T_rebalance_apply_accum_s=0
  device_times_s:
    part[0]=2.048e-05
    part[1]=0.000345088
  OLD loads:
    part[0] cum=9.4902% share=9.4902% device_global=0 rank=0 local_index=0 offset=0 count=94902
    part[1] cum=100% share=90.5098% device_global=1 rank=1 local_index=-1 offset=94902 count=905098
    total=100%
  CURRENT loads:
    part[0] cum=9.4902% share=9.4902% device_global=0 rank=0 local_index=0 offset=0 count=94902
    part[1] cum=100% share=90.5098% device_global=1 rank=1 local_index=-1 offset=94902 count=905098
    total=100%
[DCL][balance-metrics] iteration=60
  policy=off
  action=skip
  reason=balance disabled
  T_compute_interval_s=0.000344064
  T_comm_interval_s=0
  T_balance_total_s=0
  T_rebalance_apply_s=0
  T_compute_accum_s=0.0123607
  T_comm_accum_s=0
  T_balance_accum_s=0
  T_rebalance_apply_accum_s=0
  device_times_s:
    part[0]=1.9456e-05
    part[1]=0.000344064
  OLD loads:
    part[0] cum=9.4902% share=9.4902% device_global=0 rank=0 local_index=0 offset=0 count=94902
    part[1] cum=100% share=90.5098% device_global=1 rank=1 local_index=-1 offset=94902 count=905098
    total=100%
  CURRENT loads:
    part[0] cum=9.4902% share=9.4902% device_global=0 rank=0 local_index=0 offset=0 count=94902
    part[1] cum=100% share=90.5098% device_global=1 rank=1 local_index=-1 offset=94902 count=905098
    total=100%
DCL loads by partition:
  part[0] device_global=0 rank=0 local_index=0 offset=0 count=633551 cum=63.3551% share=63.3551%
  part[1] device_global=1 rank=1 local_index=-1 offset=633551 count=366449 cum=100% share=36.6449%
  total_share=100%
[DCL][balance-metrics] iteration=61
  policy=off
  action=skip
  reason=balance disabled
  T_compute_interval_s=4.4032e-05
  T_comm_interval_s=0
  T_balance_total_s=0
  T_rebalance_apply_s=0
  T_compute_accum_s=0.0124047
  T_comm_accum_s=0
  T_balance_accum_s=0
  T_rebalance_apply_accum_s=0
  device_times_s:
    part[0]=3.1744e-05
    part[1]=4.4032e-05
  OLD loads:
    part[0] cum=63.3551% share=63.3551% device_global=0 rank=0 local_index=0 offset=0 count=633551
    part[1] cum=100% share=36.6449% device_global=1 rank=1 local_index=-1 offset=633551 count=366449
    total=100%
  CURRENT loads:
    part[0] cum=63.3551% share=63.3551% device_global=0 rank=0 local_index=0 offset=0 count=633551
    part[1] cum=100% share=36.6449% device_global=1 rank=1 local_index=-1 offset=633551 count=366449
    total=100%
[DCL][balance-metrics] iteration=62
  policy=off
  action=skip
  reason=balance disabled
  T_compute_interval_s=3.1744e-05
  T_comm_interval_s=0
  T_balance_total_s=0
  T_rebalance_apply_s=0
  T_compute_accum_s=0.0124365
  T_comm_accum_s=0
  T_balance_accum_s=0
  T_rebalance_apply_accum_s=0
  device_times_s:
    part[0]=3.1744e-05
    part[1]=1.6384e-05
  OLD loads:
    part[0] cum=63.3551% share=63.3551% device_global=0 rank=0 local_index=0 offset=0 count=633551
    part[1] cum=100% share=36.6449% device_global=1 rank=1 local_index=-1 offset=633551 count=366449
    total=100%
  CURRENT loads:
    part[0] cum=63.3551% share=63.3551% device_global=0 rank=0 local_index=0 offset=0 count=633551
    part[1] cum=100% share=36.6449% device_global=1 rank=1 local_index=-1 offset=633551 count=366449
    total=100%
[DCL][balance-metrics] iteration=63
  policy=off
  action=skip
  reason=balance disabled
  T_compute_interval_s=3.3792e-05
  T_comm_interval_s=0
  T_balance_total_s=0
  T_rebalance_apply_s=0
  T_compute_accum_s=0.0124703
  T_comm_accum_s=0
  T_balance_accum_s=0
  T_rebalance_apply_accum_s=0
  device_times_s:
    part[0]=3.3792e-05
    part[1]=1.9456e-05
  OLD loads:
    part[0] cum=63.3551% share=63.3551% device_global=0 rank=0 local_index=0 offset=0 count=633551
    part[1] cum=100% share=36.6449% device_global=1 rank=1 local_index=-1 offset=633551 count=366449
    total=100%
  CURRENT loads:
    part[0] cum=63.3551% share=63.3551% device_global=0 rank=0 local_index=0 offset=0 count=633551
    part[1] cum=100% share=36.6449% device_global=1 rank=1 local_index=-1 offset=633551 count=366449
    total=100%
[DCL][balance-metrics] iteration=64
  policy=off
  action=skip
  reason=balance disabled
  T_compute_interval_s=3.072e-05
  T_comm_interval_s=0
  T_balance_total_s=0
  T_rebalance_apply_s=0
  T_compute_accum_s=0.012501
  T_comm_accum_s=0
  T_balance_accum_s=0
  T_rebalance_apply_accum_s=0
  device_times_s:
    part[0]=3.072e-05
    part[1]=1.9456e-05
  OLD loads:
    part[0] cum=63.3551% share=63.3551% device_global=0 rank=0 local_index=0 offset=0 count=633551
    part[1] cum=100% share=36.6449% device_global=1 rank=1 local_index=-1 offset=633551 count=366449
    total=100%
  CURRENT loads:
    part[0] cum=63.3551% share=63.3551% device_global=0 rank=0 local_index=0 offset=0 count=633551
    part[1] cum=100% share=36.6449% device_global=1 rank=1 local_index=-1 offset=633551 count=366449
    total=100%
[DCL][balance-metrics] iteration=65
  policy=off
  action=skip
  reason=balance disabled
  T_compute_interval_s=3.072e-05
  T_comm_interval_s=0
  T_balance_total_s=0
  T_rebalance_apply_s=0
  T_compute_accum_s=0.0125317
  T_comm_accum_s=0
  T_balance_accum_s=0
  T_rebalance_apply_accum_s=0
  device_times_s:
    part[0]=3.072e-05
    part[1]=1.536e-05
  OLD loads:
    part[0] cum=63.3551% share=63.3551% device_global=0 rank=0 local_index=0 offset=0 count=633551
    part[1] cum=100% share=36.6449% device_global=1 rank=1 local_index=-1 offset=633551 count=366449
    total=100%
  CURRENT loads:
    part[0] cum=63.3551% share=63.3551% device_global=0 rank=0 local_index=0 offset=0 count=633551
    part[1] cum=100% share=36.6449% device_global=1 rank=1 local_index=-1 offset=633551 count=366449
    total=100%
[DCL][balance-metrics] iteration=66
  policy=off
  action=skip
  reason=balance disabled
  T_compute_interval_s=3.072e-05
  T_comm_interval_s=0
  T_balance_total_s=0
  T_rebalance_apply_s=0
  T_compute_accum_s=0.0125624
  T_comm_accum_s=0
  T_balance_accum_s=0
  T_rebalance_apply_accum_s=0
  device_times_s:
    part[0]=3.072e-05
    part[1]=1.536e-05
  OLD loads:
    part[0] cum=63.3551% share=63.3551% device_global=0 rank=0 local_index=0 offset=0 count=633551
    part[1] cum=100% share=36.6449% device_global=1 rank=1 local_index=-1 offset=633551 count=366449
    total=100%
  CURRENT loads:
    part[0] cum=63.3551% share=63.3551% device_global=0 rank=0 local_index=0 offset=0 count=633551
    part[1] cum=100% share=36.6449% device_global=1 rank=1 local_index=-1 offset=633551 count=366449
    total=100%
[DCL][balance-metrics] iteration=67
  policy=off
  action=skip
  reason=balance disabled
  T_compute_interval_s=2.9696e-05
  T_comm_interval_s=0
  T_balance_total_s=0
  T_rebalance_apply_s=0
  T_compute_accum_s=0.0125921
  T_comm_accum_s=0
  T_balance_accum_s=0
  T_rebalance_apply_accum_s=0
  device_times_s:
    part[0]=2.9696e-05
    part[1]=1.6384e-05
  OLD loads:
    part[0] cum=63.3551% share=63.3551% device_global=0 rank=0 local_index=0 offset=0 count=633551
    part[1] cum=100% share=36.6449% device_global=1 rank=1 local_index=-1 offset=633551 count=366449
    total=100%
  CURRENT loads:
    part[0] cum=63.3551% share=63.3551% device_global=0 rank=0 local_index=0 offset=0 count=633551
    part[1] cum=100% share=36.6449% device_global=1 rank=1 local_index=-1 offset=633551 count=366449
    total=100%
[DCL][balance-metrics] iteration=68
  policy=off
  action=skip
  reason=balance disabled
  T_compute_interval_s=3.072e-05
  T_comm_interval_s=0
  T_balance_total_s=0
  T_rebalance_apply_s=0
  T_compute_accum_s=0.0126228
  T_comm_accum_s=0
  T_balance_accum_s=0
  T_rebalance_apply_accum_s=0
  device_times_s:
    part[0]=3.072e-05
    part[1]=1.6384e-05
  OLD loads:
    part[0] cum=63.3551% share=63.3551% device_global=0 rank=0 local_index=0 offset=0 count=633551
    part[1] cum=100% share=36.6449% device_global=1 rank=1 local_index=-1 offset=633551 count=366449
    total=100%
  CURRENT loads:
    part[0] cum=63.3551% share=63.3551% device_global=0 rank=0 local_index=0 offset=0 count=633551
    part[1] cum=100% share=36.6449% device_global=1 rank=1 local_index=-1 offset=633551 count=366449
    total=100%
[DCL][balance-metrics] iteration=69
  policy=off
  action=skip
  reason=balance disabled
  T_compute_interval_s=3.072e-05
  T_comm_interval_s=0
  T_balance_total_s=0
  T_rebalance_apply_s=0
  T_compute_accum_s=0.0126536
  T_comm_accum_s=0
  T_balance_accum_s=0
  T_rebalance_apply_accum_s=0
  device_times_s:
    part[0]=3.072e-05
    part[1]=1.536e-05
  OLD loads:
    part[0] cum=63.3551% share=63.3551% device_global=0 rank=0 local_index=0 offset=0 count=633551
    part[1] cum=100% share=36.6449% device_global=1 rank=1 local_index=-1 offset=633551 count=366449
    total=100%
  CURRENT loads:
    part[0] cum=63.3551% share=63.3551% device_global=0 rank=0 local_index=0 offset=0 count=633551
    part[1] cum=100% share=36.6449% device_global=1 rank=1 local_index=-1 offset=633551 count=366449
    total=100%
[DCL][balance-metrics] iteration=70
  policy=off
  action=skip
  reason=balance disabled
  T_compute_interval_s=3.072e-05
  T_comm_interval_s=0
  T_balance_total_s=0
  T_rebalance_apply_s=0
  T_compute_accum_s=0.0126843
  T_comm_accum_s=0
  T_balance_accum_s=0
  T_rebalance_apply_accum_s=0
  device_times_s:
    part[0]=3.072e-05
    part[1]=1.536e-05
  OLD loads:
    part[0] cum=63.3551% share=63.3551% device_global=0 rank=0 local_index=0 offset=0 count=633551
    part[1] cum=100% share=36.6449% device_global=1 rank=1 local_index=-1 offset=633551 count=366449
    total=100%
  CURRENT loads:
    part[0] cum=63.3551% share=63.3551% device_global=0 rank=0 local_index=0 offset=0 count=633551
    part[1] cum=100% share=36.6449% device_global=1 rank=1 local_index=-1 offset=633551 count=366449
    total=100%
DCL loads by partition:
  part[0] device_global=0 rank=0 local_index=0 offset=0 count=491030 cum=49.103% share=49.103%
  part[1] device_global=1 rank=1 local_index=-1 offset=491030 count=508970 cum=100% share=50.897%
  total_share=100%
[DCL][balance-metrics] iteration=71
  policy=off
  action=skip
  reason=balance disabled
  T_compute_interval_s=4.5056e-05
  T_comm_interval_s=0
  T_balance_total_s=0
  T_rebalance_apply_s=0
  T_compute_accum_s=0.0127293
  T_comm_accum_s=0
  T_balance_accum_s=0
  T_rebalance_apply_accum_s=0
  device_times_s:
    part[0]=4.5056e-05
    part[1]=1.9456e-05
  OLD loads:
    part[0] cum=49.103% share=49.103% device_global=0 rank=0 local_index=0 offset=0 count=491030
    part[1] cum=100% share=50.897% device_global=1 rank=1 local_index=-1 offset=491030 count=508970
    total=100%
  CURRENT loads:
    part[0] cum=49.103% share=49.103% device_global=0 rank=0 local_index=0 offset=0 count=491030
    part[1] cum=100% share=50.897% device_global=1 rank=1 local_index=-1 offset=491030 count=508970
    total=100%
[DCL][balance-metrics] iteration=72
  policy=off
  action=skip
  reason=balance disabled
  T_compute_interval_s=4.4032e-05
  T_comm_interval_s=0
  T_balance_total_s=0
  T_rebalance_apply_s=0
  T_compute_accum_s=0.0127734
  T_comm_accum_s=0
  T_balance_accum_s=0
  T_rebalance_apply_accum_s=0
  device_times_s:
    part[0]=4.4032e-05
    part[1]=1.7408e-05
  OLD loads:
    part[0] cum=49.103% share=49.103% device_global=0 rank=0 local_index=0 offset=0 count=491030
    part[1] cum=100% share=50.897% device_global=1 rank=1 local_index=-1 offset=491030 count=508970
    total=100%
  CURRENT loads:
    part[0] cum=49.103% share=49.103% device_global=0 rank=0 local_index=0 offset=0 count=491030
    part[1] cum=100% share=50.897% device_global=1 rank=1 local_index=-1 offset=491030 count=508970
    total=100%
[DCL][balance-metrics] iteration=73
  policy=off
  action=skip
  reason=balance disabled
  T_compute_interval_s=4.4032e-05
  T_comm_interval_s=0
  T_balance_total_s=0
  T_rebalance_apply_s=0
  T_compute_accum_s=0.0128174
  T_comm_accum_s=0
  T_balance_accum_s=0
  T_rebalance_apply_accum_s=0
  device_times_s:
    part[0]=4.4032e-05
    part[1]=1.8432e-05
  OLD loads:
    part[0] cum=49.103% share=49.103% device_global=0 rank=0 local_index=0 offset=0 count=491030
    part[1] cum=100% share=50.897% device_global=1 rank=1 local_index=-1 offset=491030 count=508970
    total=100%
  CURRENT loads:
    part[0] cum=49.103% share=49.103% device_global=0 rank=0 local_index=0 offset=0 count=491030
    part[1] cum=100% share=50.897% device_global=1 rank=1 local_index=-1 offset=491030 count=508970
    total=100%
[DCL][balance-metrics] iteration=74
  policy=off
  action=skip
  reason=balance disabled
  T_compute_interval_s=4.4032e-05
  T_comm_interval_s=0
  T_balance_total_s=0
  T_rebalance_apply_s=0
  T_compute_accum_s=0.0128614
  T_comm_accum_s=0
  T_balance_accum_s=0
  T_rebalance_apply_accum_s=0
  device_times_s:
    part[0]=4.4032e-05
    part[1]=1.8432e-05
  OLD loads:
    part[0] cum=49.103% share=49.103% device_global=0 rank=0 local_index=0 offset=0 count=491030
    part[1] cum=100% share=50.897% device_global=1 rank=1 local_index=-1 offset=491030 count=508970
    total=100%
  CURRENT loads:
    part[0] cum=49.103% share=49.103% device_global=0 rank=0 local_index=0 offset=0 count=491030
    part[1] cum=100% share=50.897% device_global=1 rank=1 local_index=-1 offset=491030 count=508970
    total=100%
[DCL][balance-metrics] iteration=75
  policy=off
  action=skip
  reason=balance disabled
  T_compute_interval_s=4.4032e-05
  T_comm_interval_s=0
  T_balance_total_s=0
  T_rebalance_apply_s=0
  T_compute_accum_s=0.0129055
  T_comm_accum_s=0
  T_balance_accum_s=0
  T_rebalance_apply_accum_s=0
  device_times_s:
    part[0]=4.4032e-05
    part[1]=2.9696e-05
  OLD loads:
    part[0] cum=49.103% share=49.103% device_global=0 rank=0 local_index=0 offset=0 count=491030
    part[1] cum=100% share=50.897% device_global=1 rank=1 local_index=-1 offset=491030 count=508970
    total=100%
  CURRENT loads:
    part[0] cum=49.103% share=49.103% device_global=0 rank=0 local_index=0 offset=0 count=491030
    part[1] cum=100% share=50.897% device_global=1 rank=1 local_index=-1 offset=491030 count=508970
    total=100%
[DCL][balance-metrics] iteration=76
  policy=off
  action=skip
  reason=balance disabled
  T_compute_interval_s=4.3008e-05
  T_comm_interval_s=0
  T_balance_total_s=0
  T_rebalance_apply_s=0
  T_compute_accum_s=0.0129485
  T_comm_accum_s=0
  T_balance_accum_s=0
  T_rebalance_apply_accum_s=0
  device_times_s:
    part[0]=4.3008e-05
    part[1]=3.072e-05
  OLD loads:
    part[0] cum=49.103% share=49.103% device_global=0 rank=0 local_index=0 offset=0 count=491030
    part[1] cum=100% share=50.897% device_global=1 rank=1 local_index=-1 offset=491030 count=508970
    total=100%
  CURRENT loads:
    part[0] cum=49.103% share=49.103% device_global=0 rank=0 local_index=0 offset=0 count=491030
    part[1] cum=100% share=50.897% device_global=1 rank=1 local_index=-1 offset=491030 count=508970
    total=100%
[DCL][balance-metrics] iteration=77
  policy=off
  action=skip
  reason=balance disabled
  T_compute_interval_s=4.3008e-05
  T_comm_interval_s=0
  T_balance_total_s=0
  T_rebalance_apply_s=0
  T_compute_accum_s=0.0129915
  T_comm_accum_s=0
  T_balance_accum_s=0
  T_rebalance_apply_accum_s=0
  device_times_s:
    part[0]=4.3008e-05
    part[1]=3.584e-05
  OLD loads:
    part[0] cum=49.103% share=49.103% device_global=0 rank=0 local_index=0 offset=0 count=491030
    part[1] cum=100% share=50.897% device_global=1 rank=1 local_index=-1 offset=491030 count=508970
    total=100%
  CURRENT loads:
    part[0] cum=49.103% share=49.103% device_global=0 rank=0 local_index=0 offset=0 count=491030
    part[1] cum=100% share=50.897% device_global=1 rank=1 local_index=-1 offset=491030 count=508970
    total=100%
[DCL][balance-metrics] iteration=78
  policy=off
  action=skip
  reason=balance disabled
  T_compute_interval_s=4.4032e-05
  T_comm_interval_s=0
  T_balance_total_s=0
  T_rebalance_apply_s=0
  T_compute_accum_s=0.0130355
  T_comm_accum_s=0
  T_balance_accum_s=0
  T_rebalance_apply_accum_s=0
  device_times_s:
    part[0]=4.4032e-05
    part[1]=3.072e-05
  OLD loads:
    part[0] cum=49.103% share=49.103% device_global=0 rank=0 local_index=0 offset=0 count=491030
    part[1] cum=100% share=50.897% device_global=1 rank=1 local_index=-1 offset=491030 count=508970
    total=100%
  CURRENT loads:
    part[0] cum=49.103% share=49.103% device_global=0 rank=0 local_index=0 offset=0 count=491030
    part[1] cum=100% share=50.897% device_global=1 rank=1 local_index=-1 offset=491030 count=508970
    total=100%
[DCL][balance-metrics] iteration=79
  policy=off
  action=skip
  reason=balance disabled
  T_compute_interval_s=4.7104e-05
  T_comm_interval_s=0
  T_balance_total_s=0
  T_rebalance_apply_s=0
  T_compute_accum_s=0.0130826
  T_comm_accum_s=0
  T_balance_accum_s=0
  T_rebalance_apply_accum_s=0
  device_times_s:
    part[0]=4.7104e-05
    part[1]=2.56e-05
  OLD loads:
    part[0] cum=49.103% share=49.103% device_global=0 rank=0 local_index=0 offset=0 count=491030
    part[1] cum=100% share=50.897% device_global=1 rank=1 local_index=-1 offset=491030 count=508970
    total=100%
  CURRENT loads:
    part[0] cum=49.103% share=49.103% device_global=0 rank=0 local_index=0 offset=0 count=491030
    part[1] cum=100% share=50.897% device_global=1 rank=1 local_index=-1 offset=491030 count=508970
    total=100%
[DCL][balance-metrics] iteration=80
  policy=off
  action=skip
  reason=balance disabled
  T_compute_interval_s=4.4032e-05
  T_comm_interval_s=0
  T_balance_total_s=0
  T_rebalance_apply_s=0
  T_compute_accum_s=0.0131267
  T_comm_accum_s=0
  T_balance_accum_s=0
  T_rebalance_apply_accum_s=0
  device_times_s:
    part[0]=4.4032e-05
    part[1]=1.8432e-05
  OLD loads:
    part[0] cum=49.103% share=49.103% device_global=0 rank=0 local_index=0 offset=0 count=491030
    part[1] cum=100% share=50.897% device_global=1 rank=1 local_index=-1 offset=491030 count=508970
    total=100%
  CURRENT loads:
    part[0] cum=49.103% share=49.103% device_global=0 rank=0 local_index=0 offset=0 count=491030
    part[1] cum=100% share=50.897% device_global=1 rank=1 local_index=-1 offset=491030 count=508970
    total=100%
DCL loads by partition:
  part[0] device_global=0 rank=0 local_index=0 offset=0 count=291889 cum=29.1889% share=29.1889%
  part[1] device_global=1 rank=1 local_index=-1 offset=291889 count=708111 cum=100% share=70.8111%
  total_share=100%
[DCL][balance-metrics] iteration=81
  policy=off
  action=skip
  reason=balance disabled
  T_compute_interval_s=4.7104e-05
  T_comm_interval_s=0
  T_balance_total_s=0
  T_rebalance_apply_s=0
  T_compute_accum_s=0.0131738
  T_comm_accum_s=0
  T_balance_accum_s=0
  T_rebalance_apply_accum_s=0
  device_times_s:
    part[0]=2.6624e-05
    part[1]=4.7104e-05
  OLD loads:
    part[0] cum=29.1889% share=29.1889% device_global=0 rank=0 local_index=0 offset=0 count=291889
    part[1] cum=100% share=70.8111% device_global=1 rank=1 local_index=-1 offset=291889 count=708111
    total=100%
  CURRENT loads:
    part[0] cum=29.1889% share=29.1889% device_global=0 rank=0 local_index=0 offset=0 count=291889
    part[1] cum=100% share=70.8111% device_global=1 rank=1 local_index=-1 offset=291889 count=708111
    total=100%
[DCL][balance-metrics] iteration=82
  policy=off
  action=skip
  reason=balance disabled
  T_compute_interval_s=4.096e-05
  T_comm_interval_s=0
  T_balance_total_s=0
  T_rebalance_apply_s=0
  T_compute_accum_s=0.0132147
  T_comm_accum_s=0
  T_balance_accum_s=0
  T_rebalance_apply_accum_s=0
  device_times_s:
    part[0]=2.3552e-05
    part[1]=4.096e-05
  OLD loads:
    part[0] cum=29.1889% share=29.1889% device_global=0 rank=0 local_index=0 offset=0 count=291889
    part[1] cum=100% share=70.8111% device_global=1 rank=1 local_index=-1 offset=291889 count=708111
    total=100%
  CURRENT loads:
    part[0] cum=29.1889% share=29.1889% device_global=0 rank=0 local_index=0 offset=0 count=291889
    part[1] cum=100% share=70.8111% device_global=1 rank=1 local_index=-1 offset=291889 count=708111
    total=100%
[DCL][balance-metrics] iteration=83
  policy=off
  action=skip
  reason=balance disabled
  T_compute_interval_s=4.1984e-05
  T_comm_interval_s=0
  T_balance_total_s=0
  T_rebalance_apply_s=0
  T_compute_accum_s=0.0132567
  T_comm_accum_s=0
  T_balance_accum_s=0
  T_rebalance_apply_accum_s=0
  device_times_s:
    part[0]=2.6624e-05
    part[1]=4.1984e-05
  OLD loads:
    part[0] cum=29.1889% share=29.1889% device_global=0 rank=0 local_index=0 offset=0 count=291889
    part[1] cum=100% share=70.8111% device_global=1 rank=1 local_index=-1 offset=291889 count=708111
    total=100%
  CURRENT loads:
    part[0] cum=29.1889% share=29.1889% device_global=0 rank=0 local_index=0 offset=0 count=291889
    part[1] cum=100% share=70.8111% device_global=1 rank=1 local_index=-1 offset=291889 count=708111
    total=100%
[DCL][balance-metrics] iteration=84
  policy=off
  action=skip
  reason=balance disabled
  T_compute_interval_s=3.584e-05
  T_comm_interval_s=0
  T_balance_total_s=0
  T_rebalance_apply_s=0
  T_compute_accum_s=0.0132925
  T_comm_accum_s=0
  T_balance_accum_s=0
  T_rebalance_apply_accum_s=0
  device_times_s:
    part[0]=2.4576e-05
    part[1]=3.584e-05
  OLD loads:
    part[0] cum=29.1889% share=29.1889% device_global=0 rank=0 local_index=0 offset=0 count=291889
    part[1] cum=100% share=70.8111% device_global=1 rank=1 local_index=-1 offset=291889 count=708111
    total=100%
  CURRENT loads:
    part[0] cum=29.1889% share=29.1889% device_global=0 rank=0 local_index=0 offset=0 count=291889
    part[1] cum=100% share=70.8111% device_global=1 rank=1 local_index=-1 offset=291889 count=708111
    total=100%
[DCL][balance-metrics] iteration=85
  policy=off
  action=skip
  reason=balance disabled
  T_compute_interval_s=3.584e-05
  T_comm_interval_s=0
  T_balance_total_s=0
  T_rebalance_apply_s=0
  T_compute_accum_s=0.0133284
  T_comm_accum_s=0
  T_balance_accum_s=0
  T_rebalance_apply_accum_s=0
  device_times_s:
    part[0]=2.4576e-05
    part[1]=3.584e-05
  OLD loads:
    part[0] cum=29.1889% share=29.1889% device_global=0 rank=0 local_index=0 offset=0 count=291889
    part[1] cum=100% share=70.8111% device_global=1 rank=1 local_index=-1 offset=291889 count=708111
    total=100%
  CURRENT loads:
    part[0] cum=29.1889% share=29.1889% device_global=0 rank=0 local_index=0 offset=0 count=291889
    part[1] cum=100% share=70.8111% device_global=1 rank=1 local_index=-1 offset=291889 count=708111
    total=100%
[DCL][balance-metrics] iteration=86
  policy=off
  action=skip
  reason=balance disabled
  T_compute_interval_s=3.584e-05
  T_comm_interval_s=0
  T_balance_total_s=0
  T_rebalance_apply_s=0
  T_compute_accum_s=0.0133642
  T_comm_accum_s=0
  T_balance_accum_s=0
  T_rebalance_apply_accum_s=0
  device_times_s:
    part[0]=2.3552e-05
    part[1]=3.584e-05
  OLD loads:
    part[0] cum=29.1889% share=29.1889% device_global=0 rank=0 local_index=0 offset=0 count=291889
    part[1] cum=100% share=70.8111% device_global=1 rank=1 local_index=-1 offset=291889 count=708111
    total=100%
  CURRENT loads:
    part[0] cum=29.1889% share=29.1889% device_global=0 rank=0 local_index=0 offset=0 count=291889
    part[1] cum=100% share=70.8111% device_global=1 rank=1 local_index=-1 offset=291889 count=708111
    total=100%
[DCL][balance-metrics] iteration=87
  policy=off
  action=skip
  reason=balance disabled
  T_compute_interval_s=2.9696e-05
  T_comm_interval_s=0
  T_balance_total_s=0
  T_rebalance_apply_s=0
  T_compute_accum_s=0.0133939
  T_comm_accum_s=0
  T_balance_accum_s=0
  T_rebalance_apply_accum_s=0
  device_times_s:
    part[0]=2.4576e-05
    part[1]=2.9696e-05
  OLD loads:
    part[0] cum=29.1889% share=29.1889% device_global=0 rank=0 local_index=0 offset=0 count=291889
    part[1] cum=100% share=70.8111% device_global=1 rank=1 local_index=-1 offset=291889 count=708111
    total=100%
  CURRENT loads:
    part[0] cum=29.1889% share=29.1889% device_global=0 rank=0 local_index=0 offset=0 count=291889
    part[1] cum=100% share=70.8111% device_global=1 rank=1 local_index=-1 offset=291889 count=708111
    total=100%
[DCL][balance-metrics] iteration=88
  policy=off
  action=skip
  reason=balance disabled
  T_compute_interval_s=2.56e-05
  T_comm_interval_s=0
  T_balance_total_s=0
  T_rebalance_apply_s=0
  T_compute_accum_s=0.0134195
  T_comm_accum_s=0
  T_balance_accum_s=0
  T_rebalance_apply_accum_s=0
  device_times_s:
    part[0]=2.4576e-05
    part[1]=2.56e-05
  OLD loads:
    part[0] cum=29.1889% share=29.1889% device_global=0 rank=0 local_index=0 offset=0 count=291889
    part[1] cum=100% share=70.8111% device_global=1 rank=1 local_index=-1 offset=291889 count=708111
    total=100%
  CURRENT loads:
    part[0] cum=29.1889% share=29.1889% device_global=0 rank=0 local_index=0 offset=0 count=291889
    part[1] cum=100% share=70.8111% device_global=1 rank=1 local_index=-1 offset=291889 count=708111
    total=100%
[DCL][balance-metrics] iteration=89
  policy=off
  action=skip
  reason=balance disabled
  T_compute_interval_s=2.56e-05
  T_comm_interval_s=0
  T_balance_total_s=0
  T_rebalance_apply_s=0
  T_compute_accum_s=0.0134451
  T_comm_accum_s=0
  T_balance_accum_s=0
  T_rebalance_apply_accum_s=0
  device_times_s:
    part[0]=2.3552e-05
    part[1]=2.56e-05
  OLD loads:
    part[0] cum=29.1889% share=29.1889% device_global=0 rank=0 local_index=0 offset=0 count=291889
    part[1] cum=100% share=70.8111% device_global=1 rank=1 local_index=-1 offset=291889 count=708111
    total=100%
  CURRENT loads:
    part[0] cum=29.1889% share=29.1889% device_global=0 rank=0 local_index=0 offset=0 count=291889
    part[1] cum=100% share=70.8111% device_global=1 rank=1 local_index=-1 offset=291889 count=708111
    total=100%
[DCL][balance-metrics] iteration=90
  policy=off
  action=skip
  reason=balance disabled
  T_compute_interval_s=2.6624e-05
  T_comm_interval_s=0
  T_balance_total_s=0
  T_rebalance_apply_s=0
  T_compute_accum_s=0.0134717
  T_comm_accum_s=0
  T_balance_accum_s=0
  T_rebalance_apply_accum_s=0
  device_times_s:
    part[0]=2.4576e-05
    part[1]=2.6624e-05
  OLD loads:
    part[0] cum=29.1889% share=29.1889% device_global=0 rank=0 local_index=0 offset=0 count=291889
    part[1] cum=100% share=70.8111% device_global=1 rank=1 local_index=-1 offset=291889 count=708111
    total=100%
  CURRENT loads:
    part[0] cum=29.1889% share=29.1889% device_global=0 rank=0 local_index=0 offset=0 count=291889
    part[1] cum=100% share=70.8111% device_global=1 rank=1 local_index=-1 offset=291889 count=708111
    total=100%
DCL loads by partition:
  part[0] device_global=0 rank=0 local_index=0 offset=0 count=324039 cum=32.4039% share=32.4039%
  part[1] device_global=1 rank=1 local_index=-1 offset=324039 count=675961 cum=100% share=67.5961%
  total_share=100%
[DCL][balance-metrics] iteration=91
  policy=off
  action=skip
  reason=balance disabled
  T_compute_interval_s=8.8064e-05
  T_comm_interval_s=0
  T_balance_total_s=0
  T_rebalance_apply_s=0
  T_compute_accum_s=0.0135598
  T_comm_accum_s=0
  T_balance_accum_s=0
  T_rebalance_apply_accum_s=0
  device_times_s:
    part[0]=8.8064e-05
    part[1]=3.1744e-05
  OLD loads:
    part[0] cum=32.4039% share=32.4039% device_global=0 rank=0 local_index=0 offset=0 count=324039
    part[1] cum=100% share=67.5961% device_global=1 rank=1 local_index=-1 offset=324039 count=675961
    total=100%
  CURRENT loads:
    part[0] cum=32.4039% share=32.4039% device_global=0 rank=0 local_index=0 offset=0 count=324039
    part[1] cum=100% share=67.5961% device_global=1 rank=1 local_index=-1 offset=324039 count=675961
    total=100%
[DCL][balance-metrics] iteration=92
  policy=off
  action=skip
  reason=balance disabled
  T_compute_interval_s=8.704e-05
  T_comm_interval_s=0
  T_balance_total_s=0
  T_rebalance_apply_s=0
  T_compute_accum_s=0.0136468
  T_comm_accum_s=0
  T_balance_accum_s=0
  T_rebalance_apply_accum_s=0
  device_times_s:
    part[0]=8.704e-05
    part[1]=2.7648e-05
  OLD loads:
    part[0] cum=32.4039% share=32.4039% device_global=0 rank=0 local_index=0 offset=0 count=324039
    part[1] cum=100% share=67.5961% device_global=1 rank=1 local_index=-1 offset=324039 count=675961
    total=100%
  CURRENT loads:
    part[0] cum=32.4039% share=32.4039% device_global=0 rank=0 local_index=0 offset=0 count=324039
    part[1] cum=100% share=67.5961% device_global=1 rank=1 local_index=-1 offset=324039 count=675961
    total=100%
[DCL][balance-metrics] iteration=93
  policy=off
  action=skip
  reason=balance disabled
  T_compute_interval_s=8.8064e-05
  T_comm_interval_s=0
  T_balance_total_s=0
  T_rebalance_apply_s=0
  T_compute_accum_s=0.0137349
  T_comm_accum_s=0
  T_balance_accum_s=0
  T_rebalance_apply_accum_s=0
  device_times_s:
    part[0]=8.8064e-05
    part[1]=2.6624e-05
  OLD loads:
    part[0] cum=32.4039% share=32.4039% device_global=0 rank=0 local_index=0 offset=0 count=324039
    part[1] cum=100% share=67.5961% device_global=1 rank=1 local_index=-1 offset=324039 count=675961
    total=100%
  CURRENT loads:
    part[0] cum=32.4039% share=32.4039% device_global=0 rank=0 local_index=0 offset=0 count=324039
    part[1] cum=100% share=67.5961% device_global=1 rank=1 local_index=-1 offset=324039 count=675961
    total=100%
[DCL][balance-metrics] iteration=94
  policy=off
  action=skip
  reason=balance disabled
  T_compute_interval_s=8.8064e-05
  T_comm_interval_s=0
  T_balance_total_s=0
  T_rebalance_apply_s=0
  T_compute_accum_s=0.013823
  T_comm_accum_s=0
  T_balance_accum_s=0
  T_rebalance_apply_accum_s=0
  device_times_s:
    part[0]=8.8064e-05
    part[1]=2.3552e-05
  OLD loads:
    part[0] cum=32.4039% share=32.4039% device_global=0 rank=0 local_index=0 offset=0 count=324039
    part[1] cum=100% share=67.5961% device_global=1 rank=1 local_index=-1 offset=324039 count=675961
    total=100%
  CURRENT loads:
    part[0] cum=32.4039% share=32.4039% device_global=0 rank=0 local_index=0 offset=0 count=324039
    part[1] cum=100% share=67.5961% device_global=1 rank=1 local_index=-1 offset=324039 count=675961
    total=100%
[DCL][balance-metrics] iteration=95
  policy=off
  action=skip
  reason=balance disabled
  T_compute_interval_s=8.704e-05
  T_comm_interval_s=0
  T_balance_total_s=0
  T_rebalance_apply_s=0
  T_compute_accum_s=0.01391
  T_comm_accum_s=0
  T_balance_accum_s=0
  T_rebalance_apply_accum_s=0
  device_times_s:
    part[0]=8.704e-05
    part[1]=2.4576e-05
  OLD loads:
    part[0] cum=32.4039% share=32.4039% device_global=0 rank=0 local_index=0 offset=0 count=324039
    part[1] cum=100% share=67.5961% device_global=1 rank=1 local_index=-1 offset=324039 count=675961
    total=100%
  CURRENT loads:
    part[0] cum=32.4039% share=32.4039% device_global=0 rank=0 local_index=0 offset=0 count=324039
    part[1] cum=100% share=67.5961% device_global=1 rank=1 local_index=-1 offset=324039 count=675961
    total=100%
[DCL][balance-metrics] iteration=96
  policy=off
  action=skip
  reason=balance disabled
  T_compute_interval_s=8.8064e-05
  T_comm_interval_s=0
  T_balance_total_s=0
  T_rebalance_apply_s=0
  T_compute_accum_s=0.0139981
  T_comm_accum_s=0
  T_balance_accum_s=0
  T_rebalance_apply_accum_s=0
  device_times_s:
    part[0]=8.8064e-05
    part[1]=2.6624e-05
  OLD loads:
    part[0] cum=32.4039% share=32.4039% device_global=0 rank=0 local_index=0 offset=0 count=324039
    part[1] cum=100% share=67.5961% device_global=1 rank=1 local_index=-1 offset=324039 count=675961
    total=100%
  CURRENT loads:
    part[0] cum=32.4039% share=32.4039% device_global=0 rank=0 local_index=0 offset=0 count=324039
    part[1] cum=100% share=67.5961% device_global=1 rank=1 local_index=-1 offset=324039 count=675961
    total=100%
[DCL][balance-metrics] iteration=97
  policy=off
  action=skip
  reason=balance disabled
  T_compute_interval_s=8.704e-05
  T_comm_interval_s=0
  T_balance_total_s=0
  T_rebalance_apply_s=0
  T_compute_accum_s=0.0140851
  T_comm_accum_s=0
  T_balance_accum_s=0
  T_rebalance_apply_accum_s=0
  device_times_s:
    part[0]=8.704e-05
    part[1]=4.096e-05
  OLD loads:
    part[0] cum=32.4039% share=32.4039% device_global=0 rank=0 local_index=0 offset=0 count=324039
    part[1] cum=100% share=67.5961% device_global=1 rank=1 local_index=-1 offset=324039 count=675961
    total=100%
  CURRENT loads:
    part[0] cum=32.4039% share=32.4039% device_global=0 rank=0 local_index=0 offset=0 count=324039
    part[1] cum=100% share=67.5961% device_global=1 rank=1 local_index=-1 offset=324039 count=675961
    total=100%
[DCL][balance-metrics] iteration=98
  policy=off
  action=skip
  reason=balance disabled
  T_compute_interval_s=8.704e-05
  T_comm_interval_s=0
  T_balance_total_s=0
  T_rebalance_apply_s=0
  T_compute_accum_s=0.0141722
  T_comm_accum_s=0
  T_balance_accum_s=0
  T_rebalance_apply_accum_s=0
  device_times_s:
    part[0]=8.704e-05
    part[1]=2.9696e-05
  OLD loads:
    part[0] cum=32.4039% share=32.4039% device_global=0 rank=0 local_index=0 offset=0 count=324039
    part[1] cum=100% share=67.5961% device_global=1 rank=1 local_index=-1 offset=324039 count=675961
    total=100%
  CURRENT loads:
    part[0] cum=32.4039% share=32.4039% device_global=0 rank=0 local_index=0 offset=0 count=324039
    part[1] cum=100% share=67.5961% device_global=1 rank=1 local_index=-1 offset=324039 count=675961
    total=100%
[DCL][balance-metrics] iteration=99
  policy=off
  action=skip
  reason=balance disabled
  T_compute_interval_s=8.704e-05
  T_comm_interval_s=0
  T_balance_total_s=0
  T_rebalance_apply_s=0
  T_compute_accum_s=0.0142592
  T_comm_accum_s=0
  T_balance_accum_s=0
  T_rebalance_apply_accum_s=0
  device_times_s:
    part[0]=8.704e-05
    part[1]=2.7648e-05
  OLD loads:
    part[0] cum=32.4039% share=32.4039% device_global=0 rank=0 local_index=0 offset=0 count=324039
    part[1] cum=100% share=67.5961% device_global=1 rank=1 local_index=-1 offset=324039 count=675961
    total=100%
  CURRENT loads:
    part[0] cum=32.4039% share=32.4039% device_global=0 rank=0 local_index=0 offset=0 count=324039
    part[1] cum=100% share=67.5961% device_global=1 rank=1 local_index=-1 offset=324039 count=675961
    total=100%
[DCL][balance-metrics] iteration=100
  policy=off
  action=skip
  reason=balance disabled
  T_compute_interval_s=8.8064e-05
  T_comm_interval_s=0
  T_balance_total_s=0
  T_rebalance_apply_s=0
  T_compute_accum_s=0.0143473
  T_comm_accum_s=0
  T_balance_accum_s=0
  T_rebalance_apply_accum_s=0
  device_times_s:
    part[0]=8.8064e-05
    part[1]=2.7648e-05
  OLD loads:
    part[0] cum=32.4039% share=32.4039% device_global=0 rank=0 local_index=0 offset=0 count=324039
    part[1] cum=100% share=67.5961% device_global=1 rank=1 local_index=-1 offset=324039 count=675961
    total=100%
  CURRENT loads:
    part[0] cum=32.4039% share=32.4039% device_global=0 rank=0 local_index=0 offset=0 count=324039
    part[1] cum=100% share=67.5961% device_global=1 rank=1 local_index=-1 offset=324039 count=675961
    total=100%
[leanmd] algo=hwtopolb mode=gpu_opencl total_time_s=4.45991 num_rebalances=9 avg_rebalance_gain=9.93226e-05
