[prun] Master compute host = compute-1-0
[prun] Resource manager = openpbs
[prun] Launch cmd = mpiexec -x LD_LIBRARY_PATH --prefix /opt/ohpc/pub/mpi/openmpi5-gnu13/5.0.5 --hostfile /var/spool/pbs/aux/183164.frontend -- /home/luiz/HARMONY/build/cluster/leanmd.out --n 1000000 --iterations 100 --balance-interval 10 --balance-algo erad --perturbation 0.10 --seed 42 --output-csv /home/luiz/HARMONY/benchmarks/leanmd_erad_42.csv (family=openmpi5)
[device] rank=0 global_index=0 name=NVIDIA A100 80GB PCIe
[device] rank=1 global_index=1 name=NVIDIA A100 80GB PCIe
[DCL][balance-metrics] iteration=1
  policy=off
  action=skip
  reason=balance disabled
  T_compute_interval_s=3.6864e-05
  T_comm_interval_s=0
  T_balance_total_s=0
  T_rebalance_apply_s=0
  T_compute_accum_s=3.6864e-05
  T_comm_accum_s=0
  T_balance_accum_s=0
  T_rebalance_apply_accum_s=0
  device_times_s:
    part[0]=3.584e-05
    part[1]=3.6864e-05
  OLD loads:
    part[0] cum=50% share=50% device_global=0 rank=0 local_index=0 offset=0 count=500000
    part[1] cum=100% share=50% device_global=1 rank=1 local_index=-1 offset=500000 count=500000
    total=100%
  CURRENT loads:
    part[0] cum=50% share=50% device_global=0 rank=0 local_index=0 offset=0 count=500000
    part[1] cum=100% share=50% device_global=1 rank=1 local_index=-1 offset=500000 count=500000
    total=100%
[DCL][balance-metrics] iteration=2
  policy=off
  action=skip
  reason=balance disabled
  T_compute_interval_s=2.048e-05
  T_comm_interval_s=0
  T_balance_total_s=0
  T_rebalance_apply_s=0
  T_compute_accum_s=5.7344e-05
  T_comm_accum_s=0
  T_balance_accum_s=0
  T_rebalance_apply_accum_s=0
  device_times_s:
    part[0]=2.048e-05
    part[1]=1.9456e-05
  OLD loads:
    part[0] cum=50% share=50% device_global=0 rank=0 local_index=0 offset=0 count=500000
    part[1] cum=100% share=50% device_global=1 rank=1 local_index=-1 offset=500000 count=500000
    total=100%
  CURRENT loads:
    part[0] cum=50% share=50% device_global=0 rank=0 local_index=0 offset=0 count=500000
    part[1] cum=100% share=50% device_global=1 rank=1 local_index=-1 offset=500000 count=500000
    total=100%
[DCL][balance-metrics] iteration=3
  policy=off
  action=skip
  reason=balance disabled
  T_compute_interval_s=2.7648e-05
  T_comm_interval_s=0
  T_balance_total_s=0
  T_rebalance_apply_s=0
  T_compute_accum_s=8.4992e-05
  T_comm_accum_s=0
  T_balance_accum_s=0
  T_rebalance_apply_accum_s=0
  device_times_s:
    part[0]=2.7648e-05
    part[1]=1.9456e-05
  OLD loads:
    part[0] cum=50% share=50% device_global=0 rank=0 local_index=0 offset=0 count=500000
    part[1] cum=100% share=50% device_global=1 rank=1 local_index=-1 offset=500000 count=500000
    total=100%
  CURRENT loads:
    part[0] cum=50% share=50% device_global=0 rank=0 local_index=0 offset=0 count=500000
    part[1] cum=100% share=50% device_global=1 rank=1 local_index=-1 offset=500000 count=500000
    total=100%
[DCL][balance-metrics] iteration=4
  policy=off
  action=skip
  reason=balance disabled
  T_compute_interval_s=1.8432e-05
  T_comm_interval_s=0
  T_balance_total_s=0
  T_rebalance_apply_s=0
  T_compute_accum_s=0.000103424
  T_comm_accum_s=0
  T_balance_accum_s=0
  T_rebalance_apply_accum_s=0
  device_times_s:
    part[0]=1.8432e-05
    part[1]=1.8432e-05
  OLD loads:
    part[0] cum=50% share=50% device_global=0 rank=0 local_index=0 offset=0 count=500000
    part[1] cum=100% share=50% device_global=1 rank=1 local_index=-1 offset=500000 count=500000
    total=100%
  CURRENT loads:
    part[0] cum=50% share=50% device_global=0 rank=0 local_index=0 offset=0 count=500000
    part[1] cum=100% share=50% device_global=1 rank=1 local_index=-1 offset=500000 count=500000
    total=100%
[DCL][balance-metrics] iteration=5
  policy=off
  action=skip
  reason=balance disabled
  T_compute_interval_s=1.8432e-05
  T_comm_interval_s=0
  T_balance_total_s=0
  T_rebalance_apply_s=0
  T_compute_accum_s=0.000121856
  T_comm_accum_s=0
  T_balance_accum_s=0
  T_rebalance_apply_accum_s=0
  device_times_s:
    part[0]=1.8432e-05
    part[1]=1.8432e-05
  OLD loads:
    part[0] cum=50% share=50% device_global=0 rank=0 local_index=0 offset=0 count=500000
    part[1] cum=100% share=50% device_global=1 rank=1 local_index=-1 offset=500000 count=500000
    total=100%
  CURRENT loads:
    part[0] cum=50% share=50% device_global=0 rank=0 local_index=0 offset=0 count=500000
    part[1] cum=100% share=50% device_global=1 rank=1 local_index=-1 offset=500000 count=500000
    total=100%
[DCL][balance-metrics] iteration=6
  policy=off
  action=skip
  reason=balance disabled
  T_compute_interval_s=1.9456e-05
  T_comm_interval_s=0
  T_balance_total_s=0
  T_rebalance_apply_s=0
  T_compute_accum_s=0.000141312
  T_comm_accum_s=0
  T_balance_accum_s=0
  T_rebalance_apply_accum_s=0
  device_times_s:
    part[0]=1.9456e-05
    part[1]=1.8432e-05
  OLD loads:
    part[0] cum=50% share=50% device_global=0 rank=0 local_index=0 offset=0 count=500000
    part[1] cum=100% share=50% device_global=1 rank=1 local_index=-1 offset=500000 count=500000
    total=100%
  CURRENT loads:
    part[0] cum=50% share=50% device_global=0 rank=0 local_index=0 offset=0 count=500000
    part[1] cum=100% share=50% device_global=1 rank=1 local_index=-1 offset=500000 count=500000
    total=100%
[DCL][balance-metrics] iteration=7
  policy=off
  action=skip
  reason=balance disabled
  T_compute_interval_s=2.7648e-05
  T_comm_interval_s=0
  T_balance_total_s=0
  T_rebalance_apply_s=0
  T_compute_accum_s=0.00016896
  T_comm_accum_s=0
  T_balance_accum_s=0
  T_rebalance_apply_accum_s=0
  device_times_s:
    part[0]=1.9456e-05
    part[1]=2.7648e-05
  OLD loads:
    part[0] cum=50% share=50% device_global=0 rank=0 local_index=0 offset=0 count=500000
    part[1] cum=100% share=50% device_global=1 rank=1 local_index=-1 offset=500000 count=500000
    total=100%
  CURRENT loads:
    part[0] cum=50% share=50% device_global=0 rank=0 local_index=0 offset=0 count=500000
    part[1] cum=100% share=50% device_global=1 rank=1 local_index=-1 offset=500000 count=500000
    total=100%
[DCL][balance-metrics] iteration=8
  policy=off
  action=skip
  reason=balance disabled
  T_compute_interval_s=1.8432e-05
  T_comm_interval_s=0
  T_balance_total_s=0
  T_rebalance_apply_s=0
  T_compute_accum_s=0.000187392
  T_comm_accum_s=0
  T_balance_accum_s=0
  T_rebalance_apply_accum_s=0
  device_times_s:
    part[0]=1.8432e-05
    part[1]=1.8432e-05
  OLD loads:
    part[0] cum=50% share=50% device_global=0 rank=0 local_index=0 offset=0 count=500000
    part[1] cum=100% share=50% device_global=1 rank=1 local_index=-1 offset=500000 count=500000
    total=100%
  CURRENT loads:
    part[0] cum=50% share=50% device_global=0 rank=0 local_index=0 offset=0 count=500000
    part[1] cum=100% share=50% device_global=1 rank=1 local_index=-1 offset=500000 count=500000
    total=100%
[DCL][balance-metrics] iteration=9
  policy=off
  action=skip
  reason=balance disabled
  T_compute_interval_s=2.56e-05
  T_comm_interval_s=0
  T_balance_total_s=0
  T_rebalance_apply_s=0
  T_compute_accum_s=0.000212992
  T_comm_accum_s=0
  T_balance_accum_s=0
  T_rebalance_apply_accum_s=0
  device_times_s:
    part[0]=1.9456e-05
    part[1]=2.56e-05
  OLD loads:
    part[0] cum=50% share=50% device_global=0 rank=0 local_index=0 offset=0 count=500000
    part[1] cum=100% share=50% device_global=1 rank=1 local_index=-1 offset=500000 count=500000
    total=100%
  CURRENT loads:
    part[0] cum=50% share=50% device_global=0 rank=0 local_index=0 offset=0 count=500000
    part[1] cum=100% share=50% device_global=1 rank=1 local_index=-1 offset=500000 count=500000
    total=100%
[DCL][balance-metrics] iteration=10
  policy=off
  action=skip
  reason=balance disabled
  T_compute_interval_s=1.8432e-05
  T_comm_interval_s=0
  T_balance_total_s=0
  T_rebalance_apply_s=0
  T_compute_accum_s=0.000231424
  T_comm_accum_s=0
  T_balance_accum_s=0
  T_rebalance_apply_accum_s=0
  device_times_s:
    part[0]=1.8432e-05
    part[1]=1.7408e-05
  OLD loads:
    part[0] cum=50% share=50% device_global=0 rank=0 local_index=0 offset=0 count=500000
    part[1] cum=100% share=50% device_global=1 rank=1 local_index=-1 offset=500000 count=500000
    total=100%
  CURRENT loads:
    part[0] cum=50% share=50% device_global=0 rank=0 local_index=0 offset=0 count=500000
    part[1] cum=100% share=50% device_global=1 rank=1 local_index=-1 offset=500000 count=500000
    total=100%
DCL loads by partition:
  part[0] device_global=0 rank=0 local_index=0 offset=0 count=485714 cum=48.5714% share=48.5714%
  part[1] device_global=1 rank=1 local_index=-1 offset=485714 count=514286 cum=100% share=51.4286%
  total_share=100%
[DCL][balance-metrics] iteration=11
  policy=off
  action=skip
  reason=balance disabled
  T_compute_interval_s=2.2528e-05
  T_comm_interval_s=0
  T_balance_total_s=0
  T_rebalance_apply_s=0
  T_compute_accum_s=0.000253952
  T_comm_accum_s=0
  T_balance_accum_s=0
  T_rebalance_apply_accum_s=0
  device_times_s:
    part[0]=2.2528e-05
    part[1]=2.2528e-05
  OLD loads:
    part[0] cum=48.5714% share=48.5714% device_global=0 rank=0 local_index=0 offset=0 count=485714
    part[1] cum=100% share=51.4286% device_global=1 rank=1 local_index=-1 offset=485714 count=514286
    total=100%
  CURRENT loads:
    part[0] cum=48.5714% share=48.5714% device_global=0 rank=0 local_index=0 offset=0 count=485714
    part[1] cum=100% share=51.4286% device_global=1 rank=1 local_index=-1 offset=485714 count=514286
    total=100%
[DCL][balance-metrics] iteration=12
  policy=off
  action=skip
  reason=balance disabled
  T_compute_interval_s=2.56e-05
  T_comm_interval_s=0
  T_balance_total_s=0
  T_rebalance_apply_s=0
  T_compute_accum_s=0.000279552
  T_comm_accum_s=0
  T_balance_accum_s=0
  T_rebalance_apply_accum_s=0
  device_times_s:
    part[0]=2.56e-05
    part[1]=2.048e-05
  OLD loads:
    part[0] cum=48.5714% share=48.5714% device_global=0 rank=0 local_index=0 offset=0 count=485714
    part[1] cum=100% share=51.4286% device_global=1 rank=1 local_index=-1 offset=485714 count=514286
    total=100%
  CURRENT loads:
    part[0] cum=48.5714% share=48.5714% device_global=0 rank=0 local_index=0 offset=0 count=485714
    part[1] cum=100% share=51.4286% device_global=1 rank=1 local_index=-1 offset=485714 count=514286
    total=100%
[DCL][balance-metrics] iteration=13
  policy=off
  action=skip
  reason=balance disabled
  T_compute_interval_s=3.2768e-05
  T_comm_interval_s=0
  T_balance_total_s=0
  T_rebalance_apply_s=0
  T_compute_accum_s=0.00031232
  T_comm_accum_s=0
  T_balance_accum_s=0
  T_rebalance_apply_accum_s=0
  device_times_s:
    part[0]=2.1504e-05
    part[1]=3.2768e-05
  OLD loads:
    part[0] cum=48.5714% share=48.5714% device_global=0 rank=0 local_index=0 offset=0 count=485714
    part[1] cum=100% share=51.4286% device_global=1 rank=1 local_index=-1 offset=485714 count=514286
    total=100%
  CURRENT loads:
    part[0] cum=48.5714% share=48.5714% device_global=0 rank=0 local_index=0 offset=0 count=485714
    part[1] cum=100% share=51.4286% device_global=1 rank=1 local_index=-1 offset=485714 count=514286
    total=100%
[DCL][balance-metrics] iteration=14
  policy=off
  action=skip
  reason=balance disabled
  T_compute_interval_s=2.6624e-05
  T_comm_interval_s=0
  T_balance_total_s=0
  T_rebalance_apply_s=0
  T_compute_accum_s=0.000338944
  T_comm_accum_s=0
  T_balance_accum_s=0
  T_rebalance_apply_accum_s=0
  device_times_s:
    part[0]=2.1504e-05
    part[1]=2.6624e-05
  OLD loads:
    part[0] cum=48.5714% share=48.5714% device_global=0 rank=0 local_index=0 offset=0 count=485714
    part[1] cum=100% share=51.4286% device_global=1 rank=1 local_index=-1 offset=485714 count=514286
    total=100%
  CURRENT loads:
    part[0] cum=48.5714% share=48.5714% device_global=0 rank=0 local_index=0 offset=0 count=485714
    part[1] cum=100% share=51.4286% device_global=1 rank=1 local_index=-1 offset=485714 count=514286
    total=100%
[DCL][balance-metrics] iteration=15
  policy=off
  action=skip
  reason=balance disabled
  T_compute_interval_s=2.1504e-05
  T_comm_interval_s=0
  T_balance_total_s=0
  T_rebalance_apply_s=0
  T_compute_accum_s=0.000360448
  T_comm_accum_s=0
  T_balance_accum_s=0
  T_rebalance_apply_accum_s=0
  device_times_s:
    part[0]=2.1504e-05
    part[1]=2.048e-05
  OLD loads:
    part[0] cum=48.5714% share=48.5714% device_global=0 rank=0 local_index=0 offset=0 count=485714
    part[1] cum=100% share=51.4286% device_global=1 rank=1 local_index=-1 offset=485714 count=514286
    total=100%
  CURRENT loads:
    part[0] cum=48.5714% share=48.5714% device_global=0 rank=0 local_index=0 offset=0 count=485714
    part[1] cum=100% share=51.4286% device_global=1 rank=1 local_index=-1 offset=485714 count=514286
    total=100%
[DCL][balance-metrics] iteration=16
  policy=off
  action=skip
  reason=balance disabled
  T_compute_interval_s=2.2528e-05
  T_comm_interval_s=0
  T_balance_total_s=0
  T_rebalance_apply_s=0
  T_compute_accum_s=0.000382976
  T_comm_accum_s=0
  T_balance_accum_s=0
  T_rebalance_apply_accum_s=0
  device_times_s:
    part[0]=2.2528e-05
    part[1]=2.048e-05
  OLD loads:
    part[0] cum=48.5714% share=48.5714% device_global=0 rank=0 local_index=0 offset=0 count=485714
    part[1] cum=100% share=51.4286% device_global=1 rank=1 local_index=-1 offset=485714 count=514286
    total=100%
  CURRENT loads:
    part[0] cum=48.5714% share=48.5714% device_global=0 rank=0 local_index=0 offset=0 count=485714
    part[1] cum=100% share=51.4286% device_global=1 rank=1 local_index=-1 offset=485714 count=514286
    total=100%
[DCL][balance-metrics] iteration=17
  policy=off
  action=skip
  reason=balance disabled
  T_compute_interval_s=2.2528e-05
  T_comm_interval_s=0
  T_balance_total_s=0
  T_rebalance_apply_s=0
  T_compute_accum_s=0.000405504
  T_comm_accum_s=0
  T_balance_accum_s=0
  T_rebalance_apply_accum_s=0
  device_times_s:
    part[0]=2.2528e-05
    part[1]=1.9456e-05
  OLD loads:
    part[0] cum=48.5714% share=48.5714% device_global=0 rank=0 local_index=0 offset=0 count=485714
    part[1] cum=100% share=51.4286% device_global=1 rank=1 local_index=-1 offset=485714 count=514286
    total=100%
  CURRENT loads:
    part[0] cum=48.5714% share=48.5714% device_global=0 rank=0 local_index=0 offset=0 count=485714
    part[1] cum=100% share=51.4286% device_global=1 rank=1 local_index=-1 offset=485714 count=514286
    total=100%
[DCL][balance-metrics] iteration=18
  policy=off
  action=skip
  reason=balance disabled
  T_compute_interval_s=2.2528e-05
  T_comm_interval_s=0
  T_balance_total_s=0
  T_rebalance_apply_s=0
  T_compute_accum_s=0.000428032
  T_comm_accum_s=0
  T_balance_accum_s=0
  T_rebalance_apply_accum_s=0
  device_times_s:
    part[0]=2.2528e-05
    part[1]=2.048e-05
  OLD loads:
    part[0] cum=48.5714% share=48.5714% device_global=0 rank=0 local_index=0 offset=0 count=485714
    part[1] cum=100% share=51.4286% device_global=1 rank=1 local_index=-1 offset=485714 count=514286
    total=100%
  CURRENT loads:
    part[0] cum=48.5714% share=48.5714% device_global=0 rank=0 local_index=0 offset=0 count=485714
    part[1] cum=100% share=51.4286% device_global=1 rank=1 local_index=-1 offset=485714 count=514286
    total=100%
[DCL][balance-metrics] iteration=19
  policy=off
  action=skip
  reason=balance disabled
  T_compute_interval_s=2.56e-05
  T_comm_interval_s=0
  T_balance_total_s=0
  T_rebalance_apply_s=0
  T_compute_accum_s=0.000453632
  T_comm_accum_s=0
  T_balance_accum_s=0
  T_rebalance_apply_accum_s=0
  device_times_s:
    part[0]=2.2528e-05
    part[1]=2.56e-05
  OLD loads:
    part[0] cum=48.5714% share=48.5714% device_global=0 rank=0 local_index=0 offset=0 count=485714
    part[1] cum=100% share=51.4286% device_global=1 rank=1 local_index=-1 offset=485714 count=514286
    total=100%
  CURRENT loads:
    part[0] cum=48.5714% share=48.5714% device_global=0 rank=0 local_index=0 offset=0 count=485714
    part[1] cum=100% share=51.4286% device_global=1 rank=1 local_index=-1 offset=485714 count=514286
    total=100%
[DCL][balance-metrics] iteration=20
  policy=off
  action=skip
  reason=balance disabled
  T_compute_interval_s=2.56e-05
  T_comm_interval_s=0
  T_balance_total_s=0
  T_rebalance_apply_s=0
  T_compute_accum_s=0.000479232
  T_comm_accum_s=0
  T_balance_accum_s=0
  T_rebalance_apply_accum_s=0
  device_times_s:
    part[0]=2.2528e-05
    part[1]=2.56e-05
  OLD loads:
    part[0] cum=48.5714% share=48.5714% device_global=0 rank=0 local_index=0 offset=0 count=485714
    part[1] cum=100% share=51.4286% device_global=1 rank=1 local_index=-1 offset=485714 count=514286
    total=100%
  CURRENT loads:
    part[0] cum=48.5714% share=48.5714% device_global=0 rank=0 local_index=0 offset=0 count=485714
    part[1] cum=100% share=51.4286% device_global=1 rank=1 local_index=-1 offset=485714 count=514286
    total=100%
DCL loads by partition:
  part[0] device_global=0 rank=0 local_index=0 offset=0 count=517661 cum=51.7661% share=51.7661%
  part[1] device_global=1 rank=1 local_index=-1 offset=517661 count=482339 cum=100% share=48.2339%
  total_share=100%
[DCL][balance-metrics] iteration=21
  policy=off
  action=skip
  reason=balance disabled
  T_compute_interval_s=2.8672e-05
  T_comm_interval_s=0
  T_balance_total_s=0
  T_rebalance_apply_s=0
  T_compute_accum_s=0.000507904
  T_comm_accum_s=0
  T_balance_accum_s=0
  T_rebalance_apply_accum_s=0
  device_times_s:
    part[0]=2.3552e-05
    part[1]=2.8672e-05
  OLD loads:
    part[0] cum=51.7661% share=51.7661% device_global=0 rank=0 local_index=0 offset=0 count=517661
    part[1] cum=100% share=48.2339% device_global=1 rank=1 local_index=-1 offset=517661 count=482339
    total=100%
  CURRENT loads:
    part[0] cum=51.7661% share=51.7661% device_global=0 rank=0 local_index=0 offset=0 count=517661
    part[1] cum=100% share=48.2339% device_global=1 rank=1 local_index=-1 offset=517661 count=482339
    total=100%
[DCL][balance-metrics] iteration=22
  policy=off
  action=skip
  reason=balance disabled
  T_compute_interval_s=2.2528e-05
  T_comm_interval_s=0
  T_balance_total_s=0
  T_rebalance_apply_s=0
  T_compute_accum_s=0.000530432
  T_comm_accum_s=0
  T_balance_accum_s=0
  T_rebalance_apply_accum_s=0
  device_times_s:
    part[0]=2.2528e-05
    part[1]=2.2528e-05
  OLD loads:
    part[0] cum=51.7661% share=51.7661% device_global=0 rank=0 local_index=0 offset=0 count=517661
    part[1] cum=100% share=48.2339% device_global=1 rank=1 local_index=-1 offset=517661 count=482339
    total=100%
  CURRENT loads:
    part[0] cum=51.7661% share=51.7661% device_global=0 rank=0 local_index=0 offset=0 count=517661
    part[1] cum=100% share=48.2339% device_global=1 rank=1 local_index=-1 offset=517661 count=482339
    total=100%
[DCL][balance-metrics] iteration=23
  policy=off
  action=skip
  reason=balance disabled
  T_compute_interval_s=2.2528e-05
  T_comm_interval_s=0
  T_balance_total_s=0
  T_rebalance_apply_s=0
  T_compute_accum_s=0.00055296
  T_comm_accum_s=0
  T_balance_accum_s=0
  T_rebalance_apply_accum_s=0
  device_times_s:
    part[0]=2.2528e-05
    part[1]=1.8432e-05
  OLD loads:
    part[0] cum=51.7661% share=51.7661% device_global=0 rank=0 local_index=0 offset=0 count=517661
    part[1] cum=100% share=48.2339% device_global=1 rank=1 local_index=-1 offset=517661 count=482339
    total=100%
  CURRENT loads:
    part[0] cum=51.7661% share=51.7661% device_global=0 rank=0 local_index=0 offset=0 count=517661
    part[1] cum=100% share=48.2339% device_global=1 rank=1 local_index=-1 offset=517661 count=482339
    total=100%
[DCL][balance-metrics] iteration=24
  policy=off
  action=skip
  reason=balance disabled
  T_compute_interval_s=2.2528e-05
  T_comm_interval_s=0
  T_balance_total_s=0
  T_rebalance_apply_s=0
  T_compute_accum_s=0.000575488
  T_comm_accum_s=0
  T_balance_accum_s=0
  T_rebalance_apply_accum_s=0
  device_times_s:
    part[0]=2.2528e-05
    part[1]=1.8432e-05
  OLD loads:
    part[0] cum=51.7661% share=51.7661% device_global=0 rank=0 local_index=0 offset=0 count=517661
    part[1] cum=100% share=48.2339% device_global=1 rank=1 local_index=-1 offset=517661 count=482339
    total=100%
  CURRENT loads:
    part[0] cum=51.7661% share=51.7661% device_global=0 rank=0 local_index=0 offset=0 count=517661
    part[1] cum=100% share=48.2339% device_global=1 rank=1 local_index=-1 offset=517661 count=482339
    total=100%
[DCL][balance-metrics] iteration=25
  policy=off
  action=skip
  reason=balance disabled
  T_compute_interval_s=2.2528e-05
  T_comm_interval_s=0
  T_balance_total_s=0
  T_rebalance_apply_s=0
  T_compute_accum_s=0.000598016
  T_comm_accum_s=0
  T_balance_accum_s=0
  T_rebalance_apply_accum_s=0
  device_times_s:
    part[0]=2.2528e-05
    part[1]=1.9456e-05
  OLD loads:
    part[0] cum=51.7661% share=51.7661% device_global=0 rank=0 local_index=0 offset=0 count=517661
    part[1] cum=100% share=48.2339% device_global=1 rank=1 local_index=-1 offset=517661 count=482339
    total=100%
  CURRENT loads:
    part[0] cum=51.7661% share=51.7661% device_global=0 rank=0 local_index=0 offset=0 count=517661
    part[1] cum=100% share=48.2339% device_global=1 rank=1 local_index=-1 offset=517661 count=482339
    total=100%
[DCL][balance-metrics] iteration=26
  policy=off
  action=skip
  reason=balance disabled
  T_compute_interval_s=2.3552e-05
  T_comm_interval_s=0
  T_balance_total_s=0
  T_rebalance_apply_s=0
  T_compute_accum_s=0.000621568
  T_comm_accum_s=0
  T_balance_accum_s=0
  T_rebalance_apply_accum_s=0
  device_times_s:
    part[0]=2.3552e-05
    part[1]=1.9456e-05
  OLD loads:
    part[0] cum=51.7661% share=51.7661% device_global=0 rank=0 local_index=0 offset=0 count=517661
    part[1] cum=100% share=48.2339% device_global=1 rank=1 local_index=-1 offset=517661 count=482339
    total=100%
  CURRENT loads:
    part[0] cum=51.7661% share=51.7661% device_global=0 rank=0 local_index=0 offset=0 count=517661
    part[1] cum=100% share=48.2339% device_global=1 rank=1 local_index=-1 offset=517661 count=482339
    total=100%
[DCL][balance-metrics] iteration=27
  policy=off
  action=skip
  reason=balance disabled
  T_compute_interval_s=2.2528e-05
  T_comm_interval_s=0
  T_balance_total_s=0
  T_rebalance_apply_s=0
  T_compute_accum_s=0.000644096
  T_comm_accum_s=0
  T_balance_accum_s=0
  T_rebalance_apply_accum_s=0
  device_times_s:
    part[0]=2.2528e-05
    part[1]=2.048e-05
  OLD loads:
    part[0] cum=51.7661% share=51.7661% device_global=0 rank=0 local_index=0 offset=0 count=517661
    part[1] cum=100% share=48.2339% device_global=1 rank=1 local_index=-1 offset=517661 count=482339
    total=100%
  CURRENT loads:
    part[0] cum=51.7661% share=51.7661% device_global=0 rank=0 local_index=0 offset=0 count=517661
    part[1] cum=100% share=48.2339% device_global=1 rank=1 local_index=-1 offset=517661 count=482339
    total=100%
[DCL][balance-metrics] iteration=28
  policy=off
  action=skip
  reason=balance disabled
  T_compute_interval_s=2.1504e-05
  T_comm_interval_s=0
  T_balance_total_s=0
  T_rebalance_apply_s=0
  T_compute_accum_s=0.0006656
  T_comm_accum_s=0
  T_balance_accum_s=0
  T_rebalance_apply_accum_s=0
  device_times_s:
    part[0]=2.1504e-05
    part[1]=1.8432e-05
  OLD loads:
    part[0] cum=51.7661% share=51.7661% device_global=0 rank=0 local_index=0 offset=0 count=517661
    part[1] cum=100% share=48.2339% device_global=1 rank=1 local_index=-1 offset=517661 count=482339
    total=100%
  CURRENT loads:
    part[0] cum=51.7661% share=51.7661% device_global=0 rank=0 local_index=0 offset=0 count=517661
    part[1] cum=100% share=48.2339% device_global=1 rank=1 local_index=-1 offset=517661 count=482339
    total=100%
[DCL][balance-metrics] iteration=29
  policy=off
  action=skip
  reason=balance disabled
  T_compute_interval_s=2.3552e-05
  T_comm_interval_s=0
  T_balance_total_s=0
  T_rebalance_apply_s=0
  T_compute_accum_s=0.000689152
  T_comm_accum_s=0
  T_balance_accum_s=0
  T_rebalance_apply_accum_s=0
  device_times_s:
    part[0]=2.2528e-05
    part[1]=2.3552e-05
  OLD loads:
    part[0] cum=51.7661% share=51.7661% device_global=0 rank=0 local_index=0 offset=0 count=517661
    part[1] cum=100% share=48.2339% device_global=1 rank=1 local_index=-1 offset=517661 count=482339
    total=100%
  CURRENT loads:
    part[0] cum=51.7661% share=51.7661% device_global=0 rank=0 local_index=0 offset=0 count=517661
    part[1] cum=100% share=48.2339% device_global=1 rank=1 local_index=-1 offset=517661 count=482339
    total=100%
[DCL][balance-metrics] iteration=30
  policy=off
  action=skip
  reason=balance disabled
  T_compute_interval_s=2.3552e-05
  T_comm_interval_s=0
  T_balance_total_s=0
  T_rebalance_apply_s=0
  T_compute_accum_s=0.000712704
  T_comm_accum_s=0
  T_balance_accum_s=0
  T_rebalance_apply_accum_s=0
  device_times_s:
    part[0]=2.3552e-05
    part[1]=1.9456e-05
  OLD loads:
    part[0] cum=51.7661% share=51.7661% device_global=0 rank=0 local_index=0 offset=0 count=517661
    part[1] cum=100% share=48.2339% device_global=1 rank=1 local_index=-1 offset=517661 count=482339
    total=100%
  CURRENT loads:
    part[0] cum=51.7661% share=51.7661% device_global=0 rank=0 local_index=0 offset=0 count=517661
    part[1] cum=100% share=48.2339% device_global=1 rank=1 local_index=-1 offset=517661 count=482339
    total=100%
DCL loads by partition:
  part[0] device_global=0 rank=0 local_index=0 offset=0 count=469941 cum=46.9941% share=46.9941%
  part[1] device_global=1 rank=1 local_index=-1 offset=469941 count=530059 cum=100% share=53.0059%
  total_share=100%
[DCL][balance-metrics] iteration=31
  policy=off
  action=skip
  reason=balance disabled
  T_compute_interval_s=2.9696e-05
  T_comm_interval_s=0
  T_balance_total_s=0
  T_rebalance_apply_s=0
  T_compute_accum_s=0.0007424
  T_comm_accum_s=0
  T_balance_accum_s=0
  T_rebalance_apply_accum_s=0
  device_times_s:
    part[0]=1.8432e-05
    part[1]=2.9696e-05
  OLD loads:
    part[0] cum=46.9941% share=46.9941% device_global=0 rank=0 local_index=0 offset=0 count=469941
    part[1] cum=100% share=53.0059% device_global=1 rank=1 local_index=-1 offset=469941 count=530059
    total=100%
  CURRENT loads:
    part[0] cum=46.9941% share=46.9941% device_global=0 rank=0 local_index=0 offset=0 count=469941
    part[1] cum=100% share=53.0059% device_global=1 rank=1 local_index=-1 offset=469941 count=530059
    total=100%
[DCL][balance-metrics] iteration=32
  policy=off
  action=skip
  reason=balance disabled
  T_compute_interval_s=2.4576e-05
  T_comm_interval_s=0
  T_balance_total_s=0
  T_rebalance_apply_s=0
  T_compute_accum_s=0.000766976
  T_comm_accum_s=0
  T_balance_accum_s=0
  T_rebalance_apply_accum_s=0
  device_times_s:
    part[0]=1.8432e-05
    part[1]=2.4576e-05
  OLD loads:
    part[0] cum=46.9941% share=46.9941% device_global=0 rank=0 local_index=0 offset=0 count=469941
    part[1] cum=100% share=53.0059% device_global=1 rank=1 local_index=-1 offset=469941 count=530059
    total=100%
  CURRENT loads:
    part[0] cum=46.9941% share=46.9941% device_global=0 rank=0 local_index=0 offset=0 count=469941
    part[1] cum=100% share=53.0059% device_global=1 rank=1 local_index=-1 offset=469941 count=530059
    total=100%
[DCL][balance-metrics] iteration=33
  policy=off
  action=skip
  reason=balance disabled
  T_compute_interval_s=2.048e-05
  T_comm_interval_s=0
  T_balance_total_s=0
  T_rebalance_apply_s=0
  T_compute_accum_s=0.000787456
  T_comm_accum_s=0
  T_balance_accum_s=0
  T_rebalance_apply_accum_s=0
  device_times_s:
    part[0]=1.7408e-05
    part[1]=2.048e-05
  OLD loads:
    part[0] cum=46.9941% share=46.9941% device_global=0 rank=0 local_index=0 offset=0 count=469941
    part[1] cum=100% share=53.0059% device_global=1 rank=1 local_index=-1 offset=469941 count=530059
    total=100%
  CURRENT loads:
    part[0] cum=46.9941% share=46.9941% device_global=0 rank=0 local_index=0 offset=0 count=469941
    part[1] cum=100% share=53.0059% device_global=1 rank=1 local_index=-1 offset=469941 count=530059
    total=100%
[DCL][balance-metrics] iteration=34
  policy=off
  action=skip
  reason=balance disabled
  T_compute_interval_s=2.1504e-05
  T_comm_interval_s=0
  T_balance_total_s=0
  T_rebalance_apply_s=0
  T_compute_accum_s=0.00080896
  T_comm_accum_s=0
  T_balance_accum_s=0
  T_rebalance_apply_accum_s=0
  device_times_s:
    part[0]=1.8432e-05
    part[1]=2.1504e-05
  OLD loads:
    part[0] cum=46.9941% share=46.9941% device_global=0 rank=0 local_index=0 offset=0 count=469941
    part[1] cum=100% share=53.0059% device_global=1 rank=1 local_index=-1 offset=469941 count=530059
    total=100%
  CURRENT loads:
    part[0] cum=46.9941% share=46.9941% device_global=0 rank=0 local_index=0 offset=0 count=469941
    part[1] cum=100% share=53.0059% device_global=1 rank=1 local_index=-1 offset=469941 count=530059
    total=100%
[DCL][balance-metrics] iteration=35
  policy=off
  action=skip
  reason=balance disabled
  T_compute_interval_s=2.048e-05
  T_comm_interval_s=0
  T_balance_total_s=0
  T_rebalance_apply_s=0
  T_compute_accum_s=0.00082944
  T_comm_accum_s=0
  T_balance_accum_s=0
  T_rebalance_apply_accum_s=0
  device_times_s:
    part[0]=1.8432e-05
    part[1]=2.048e-05
  OLD loads:
    part[0] cum=46.9941% share=46.9941% device_global=0 rank=0 local_index=0 offset=0 count=469941
    part[1] cum=100% share=53.0059% device_global=1 rank=1 local_index=-1 offset=469941 count=530059
    total=100%
  CURRENT loads:
    part[0] cum=46.9941% share=46.9941% device_global=0 rank=0 local_index=0 offset=0 count=469941
    part[1] cum=100% share=53.0059% device_global=1 rank=1 local_index=-1 offset=469941 count=530059
    total=100%
[DCL][balance-metrics] iteration=36
  policy=off
  action=skip
  reason=balance disabled
  T_compute_interval_s=1.9456e-05
  T_comm_interval_s=0
  T_balance_total_s=0
  T_rebalance_apply_s=0
  T_compute_accum_s=0.000848896
  T_comm_accum_s=0
  T_balance_accum_s=0
  T_rebalance_apply_accum_s=0
  device_times_s:
    part[0]=1.7408e-05
    part[1]=1.9456e-05
  OLD loads:
    part[0] cum=46.9941% share=46.9941% device_global=0 rank=0 local_index=0 offset=0 count=469941
    part[1] cum=100% share=53.0059% device_global=1 rank=1 local_index=-1 offset=469941 count=530059
    total=100%
  CURRENT loads:
    part[0] cum=46.9941% share=46.9941% device_global=0 rank=0 local_index=0 offset=0 count=469941
    part[1] cum=100% share=53.0059% device_global=1 rank=1 local_index=-1 offset=469941 count=530059
    total=100%
[DCL][balance-metrics] iteration=37
  policy=off
  action=skip
  reason=balance disabled
  T_compute_interval_s=1.8432e-05
  T_comm_interval_s=0
  T_balance_total_s=0
  T_rebalance_apply_s=0
  T_compute_accum_s=0.000867328
  T_comm_accum_s=0
  T_balance_accum_s=0
  T_rebalance_apply_accum_s=0
  device_times_s:
    part[0]=1.8432e-05
    part[1]=1.8432e-05
  OLD loads:
    part[0] cum=46.9941% share=46.9941% device_global=0 rank=0 local_index=0 offset=0 count=469941
    part[1] cum=100% share=53.0059% device_global=1 rank=1 local_index=-1 offset=469941 count=530059
    total=100%
  CURRENT loads:
    part[0] cum=46.9941% share=46.9941% device_global=0 rank=0 local_index=0 offset=0 count=469941
    part[1] cum=100% share=53.0059% device_global=1 rank=1 local_index=-1 offset=469941 count=530059
    total=100%
[DCL][balance-metrics] iteration=38
  policy=off
  action=skip
  reason=balance disabled
  T_compute_interval_s=1.9456e-05
  T_comm_interval_s=0
  T_balance_total_s=0
  T_rebalance_apply_s=0
  T_compute_accum_s=0.000886784
  T_comm_accum_s=0
  T_balance_accum_s=0
  T_rebalance_apply_accum_s=0
  device_times_s:
    part[0]=1.8432e-05
    part[1]=1.9456e-05
  OLD loads:
    part[0] cum=46.9941% share=46.9941% device_global=0 rank=0 local_index=0 offset=0 count=469941
    part[1] cum=100% share=53.0059% device_global=1 rank=1 local_index=-1 offset=469941 count=530059
    total=100%
  CURRENT loads:
    part[0] cum=46.9941% share=46.9941% device_global=0 rank=0 local_index=0 offset=0 count=469941
    part[1] cum=100% share=53.0059% device_global=1 rank=1 local_index=-1 offset=469941 count=530059
    total=100%
[DCL][balance-metrics] iteration=39
  policy=off
  action=skip
  reason=balance disabled
  T_compute_interval_s=2.1504e-05
  T_comm_interval_s=0
  T_balance_total_s=0
  T_rebalance_apply_s=0
  T_compute_accum_s=0.000908288
  T_comm_accum_s=0
  T_balance_accum_s=0
  T_rebalance_apply_accum_s=0
  device_times_s:
    part[0]=2.1504e-05
    part[1]=1.9456e-05
  OLD loads:
    part[0] cum=46.9941% share=46.9941% device_global=0 rank=0 local_index=0 offset=0 count=469941
    part[1] cum=100% share=53.0059% device_global=1 rank=1 local_index=-1 offset=469941 count=530059
    total=100%
  CURRENT loads:
    part[0] cum=46.9941% share=46.9941% device_global=0 rank=0 local_index=0 offset=0 count=469941
    part[1] cum=100% share=53.0059% device_global=1 rank=1 local_index=-1 offset=469941 count=530059
    total=100%
[DCL][balance-metrics] iteration=40
  policy=off
  action=skip
  reason=balance disabled
  T_compute_interval_s=2.048e-05
  T_comm_interval_s=0
  T_balance_total_s=0
  T_rebalance_apply_s=0
  T_compute_accum_s=0.000928768
  T_comm_accum_s=0
  T_balance_accum_s=0
  T_rebalance_apply_accum_s=0
  device_times_s:
    part[0]=1.7408e-05
    part[1]=2.048e-05
  OLD loads:
    part[0] cum=46.9941% share=46.9941% device_global=0 rank=0 local_index=0 offset=0 count=469941
    part[1] cum=100% share=53.0059% device_global=1 rank=1 local_index=-1 offset=469941 count=530059
    total=100%
  CURRENT loads:
    part[0] cum=46.9941% share=46.9941% device_global=0 rank=0 local_index=0 offset=0 count=469941
    part[1] cum=100% share=53.0059% device_global=1 rank=1 local_index=-1 offset=469941 count=530059
    total=100%
DCL loads by partition:
  part[0] device_global=0 rank=0 local_index=0 offset=0 count=510533 cum=51.0533% share=51.0533%
  part[1] device_global=1 rank=1 local_index=-1 offset=510533 count=489467 cum=100% share=48.9467%
  total_share=100%
[DCL][balance-metrics] iteration=41
  policy=off
  action=skip
  reason=balance disabled
  T_compute_interval_s=6.5536e-05
  T_comm_interval_s=0
  T_balance_total_s=0
  T_rebalance_apply_s=0
  T_compute_accum_s=0.000994304
  T_comm_accum_s=0
  T_balance_accum_s=0
  T_rebalance_apply_accum_s=0
  device_times_s:
    part[0]=2.2528e-05
    part[1]=6.5536e-05
  OLD loads:
    part[0] cum=51.0533% share=51.0533% device_global=0 rank=0 local_index=0 offset=0 count=510533
    part[1] cum=100% share=48.9467% device_global=1 rank=1 local_index=-1 offset=510533 count=489467
    total=100%
  CURRENT loads:
    part[0] cum=51.0533% share=51.0533% device_global=0 rank=0 local_index=0 offset=0 count=510533
    part[1] cum=100% share=48.9467% device_global=1 rank=1 local_index=-1 offset=510533 count=489467
    total=100%
[DCL][balance-metrics] iteration=42
  policy=off
  action=skip
  reason=balance disabled
  T_compute_interval_s=4.3008e-05
  T_comm_interval_s=0
  T_balance_total_s=0
  T_rebalance_apply_s=0
  T_compute_accum_s=0.00103731
  T_comm_accum_s=0
  T_balance_accum_s=0
  T_rebalance_apply_accum_s=0
  device_times_s:
    part[0]=2.048e-05
    part[1]=4.3008e-05
  OLD loads:
    part[0] cum=51.0533% share=51.0533% device_global=0 rank=0 local_index=0 offset=0 count=510533
    part[1] cum=100% share=48.9467% device_global=1 rank=1 local_index=-1 offset=510533 count=489467
    total=100%
  CURRENT loads:
    part[0] cum=51.0533% share=51.0533% device_global=0 rank=0 local_index=0 offset=0 count=510533
    part[1] cum=100% share=48.9467% device_global=1 rank=1 local_index=-1 offset=510533 count=489467
    total=100%
[DCL][balance-metrics] iteration=43
  policy=off
  action=skip
  reason=balance disabled
  T_compute_interval_s=4.3008e-05
  T_comm_interval_s=0
  T_balance_total_s=0
  T_rebalance_apply_s=0
  T_compute_accum_s=0.00108032
  T_comm_accum_s=0
  T_balance_accum_s=0
  T_rebalance_apply_accum_s=0
  device_times_s:
    part[0]=1.9456e-05
    part[1]=4.3008e-05
  OLD loads:
    part[0] cum=51.0533% share=51.0533% device_global=0 rank=0 local_index=0 offset=0 count=510533
    part[1] cum=100% share=48.9467% device_global=1 rank=1 local_index=-1 offset=510533 count=489467
    total=100%
  CURRENT loads:
    part[0] cum=51.0533% share=51.0533% device_global=0 rank=0 local_index=0 offset=0 count=510533
    part[1] cum=100% share=48.9467% device_global=1 rank=1 local_index=-1 offset=510533 count=489467
    total=100%
[DCL][balance-metrics] iteration=44
  policy=off
  action=skip
  reason=balance disabled
  T_compute_interval_s=4.3008e-05
  T_comm_interval_s=0
  T_balance_total_s=0
  T_rebalance_apply_s=0
  T_compute_accum_s=0.00112333
  T_comm_accum_s=0
  T_balance_accum_s=0
  T_rebalance_apply_accum_s=0
  device_times_s:
    part[0]=1.9456e-05
    part[1]=4.3008e-05
  OLD loads:
    part[0] cum=51.0533% share=51.0533% device_global=0 rank=0 local_index=0 offset=0 count=510533
    part[1] cum=100% share=48.9467% device_global=1 rank=1 local_index=-1 offset=510533 count=489467
    total=100%
  CURRENT loads:
    part[0] cum=51.0533% share=51.0533% device_global=0 rank=0 local_index=0 offset=0 count=510533
    part[1] cum=100% share=48.9467% device_global=1 rank=1 local_index=-1 offset=510533 count=489467
    total=100%
[DCL][balance-metrics] iteration=45
  policy=off
  action=skip
  reason=balance disabled
  T_compute_interval_s=4.3008e-05
  T_comm_interval_s=0
  T_balance_total_s=0
  T_rebalance_apply_s=0
  T_compute_accum_s=0.00116634
  T_comm_accum_s=0
  T_balance_accum_s=0
  T_rebalance_apply_accum_s=0
  device_times_s:
    part[0]=2.048e-05
    part[1]=4.3008e-05
  OLD loads:
    part[0] cum=51.0533% share=51.0533% device_global=0 rank=0 local_index=0 offset=0 count=510533
    part[1] cum=100% share=48.9467% device_global=1 rank=1 local_index=-1 offset=510533 count=489467
    total=100%
  CURRENT loads:
    part[0] cum=51.0533% share=51.0533% device_global=0 rank=0 local_index=0 offset=0 count=510533
    part[1] cum=100% share=48.9467% device_global=1 rank=1 local_index=-1 offset=510533 count=489467
    total=100%
[DCL][balance-metrics] iteration=46
  policy=off
  action=skip
  reason=balance disabled
  T_compute_interval_s=4.1984e-05
  T_comm_interval_s=0
  T_balance_total_s=0
  T_rebalance_apply_s=0
  T_compute_accum_s=0.00120832
  T_comm_accum_s=0
  T_balance_accum_s=0
  T_rebalance_apply_accum_s=0
  device_times_s:
    part[0]=2.048e-05
    part[1]=4.1984e-05
  OLD loads:
    part[0] cum=51.0533% share=51.0533% device_global=0 rank=0 local_index=0 offset=0 count=510533
    part[1] cum=100% share=48.9467% device_global=1 rank=1 local_index=-1 offset=510533 count=489467
    total=100%
  CURRENT loads:
    part[0] cum=51.0533% share=51.0533% device_global=0 rank=0 local_index=0 offset=0 count=510533
    part[1] cum=100% share=48.9467% device_global=1 rank=1 local_index=-1 offset=510533 count=489467
    total=100%
[DCL][balance-metrics] iteration=47
  policy=off
  action=skip
  reason=balance disabled
  T_compute_interval_s=4.3008e-05
  T_comm_interval_s=0
  T_balance_total_s=0
  T_rebalance_apply_s=0
  T_compute_accum_s=0.00125133
  T_comm_accum_s=0
  T_balance_accum_s=0
  T_rebalance_apply_accum_s=0
  device_times_s:
    part[0]=1.9456e-05
    part[1]=4.3008e-05
  OLD loads:
    part[0] cum=51.0533% share=51.0533% device_global=0 rank=0 local_index=0 offset=0 count=510533
    part[1] cum=100% share=48.9467% device_global=1 rank=1 local_index=-1 offset=510533 count=489467
    total=100%
  CURRENT loads:
    part[0] cum=51.0533% share=51.0533% device_global=0 rank=0 local_index=0 offset=0 count=510533
    part[1] cum=100% share=48.9467% device_global=1 rank=1 local_index=-1 offset=510533 count=489467
    total=100%
[DCL][balance-metrics] iteration=48
  policy=off
  action=skip
  reason=balance disabled
  T_compute_interval_s=3.9936e-05
  T_comm_interval_s=0
  T_balance_total_s=0
  T_rebalance_apply_s=0
  T_compute_accum_s=0.00129126
  T_comm_accum_s=0
  T_balance_accum_s=0
  T_rebalance_apply_accum_s=0
  device_times_s:
    part[0]=2.1504e-05
    part[1]=3.9936e-05
  OLD loads:
    part[0] cum=51.0533% share=51.0533% device_global=0 rank=0 local_index=0 offset=0 count=510533
    part[1] cum=100% share=48.9467% device_global=1 rank=1 local_index=-1 offset=510533 count=489467
    total=100%
  CURRENT loads:
    part[0] cum=51.0533% share=51.0533% device_global=0 rank=0 local_index=0 offset=0 count=510533
    part[1] cum=100% share=48.9467% device_global=1 rank=1 local_index=-1 offset=510533 count=489467
    total=100%
[DCL][balance-metrics] iteration=49
  policy=off
  action=skip
  reason=balance disabled
  T_compute_interval_s=4.096e-05
  T_comm_interval_s=0
  T_balance_total_s=0
  T_rebalance_apply_s=0
  T_compute_accum_s=0.00133222
  T_comm_accum_s=0
  T_balance_accum_s=0
  T_rebalance_apply_accum_s=0
  device_times_s:
    part[0]=1.9456e-05
    part[1]=4.096e-05
  OLD loads:
    part[0] cum=51.0533% share=51.0533% device_global=0 rank=0 local_index=0 offset=0 count=510533
    part[1] cum=100% share=48.9467% device_global=1 rank=1 local_index=-1 offset=510533 count=489467
    total=100%
  CURRENT loads:
    part[0] cum=51.0533% share=51.0533% device_global=0 rank=0 local_index=0 offset=0 count=510533
    part[1] cum=100% share=48.9467% device_global=1 rank=1 local_index=-1 offset=510533 count=489467
    total=100%
[DCL][balance-metrics] iteration=50
  policy=off
  action=skip
  reason=balance disabled
  T_compute_interval_s=4.096e-05
  T_comm_interval_s=0
  T_balance_total_s=0
  T_rebalance_apply_s=0
  T_compute_accum_s=0.00137318
  T_comm_accum_s=0
  T_balance_accum_s=0
  T_rebalance_apply_accum_s=0
  device_times_s:
    part[0]=1.9456e-05
    part[1]=4.096e-05
  OLD loads:
    part[0] cum=51.0533% share=51.0533% device_global=0 rank=0 local_index=0 offset=0 count=510533
    part[1] cum=100% share=48.9467% device_global=1 rank=1 local_index=-1 offset=510533 count=489467
    total=100%
  CURRENT loads:
    part[0] cum=51.0533% share=51.0533% device_global=0 rank=0 local_index=0 offset=0 count=510533
    part[1] cum=100% share=48.9467% device_global=1 rank=1 local_index=-1 offset=510533 count=489467
    total=100%
DCL loads by partition:
  part[0] device_global=0 rank=0 local_index=0 offset=0 count=687096 cum=68.7096% share=68.7096%
  part[1] device_global=1 rank=1 local_index=-1 offset=687096 count=312904 cum=100% share=31.2904%
  total_share=100%
[DCL][balance-metrics] iteration=51
  policy=off
  action=skip
  reason=balance disabled
  T_compute_interval_s=5.9392e-05
  T_comm_interval_s=0
  T_balance_total_s=0
  T_rebalance_apply_s=0
  T_compute_accum_s=0.00143258
  T_comm_accum_s=0
  T_balance_accum_s=0
  T_rebalance_apply_accum_s=0
  device_times_s:
    part[0]=3.072e-05
    part[1]=5.9392e-05
  OLD loads:
    part[0] cum=68.7096% share=68.7096% device_global=0 rank=0 local_index=0 offset=0 count=687096
    part[1] cum=100% share=31.2904% device_global=1 rank=1 local_index=-1 offset=687096 count=312904
    total=100%
  CURRENT loads:
    part[0] cum=68.7096% share=68.7096% device_global=0 rank=0 local_index=0 offset=0 count=687096
    part[1] cum=100% share=31.2904% device_global=1 rank=1 local_index=-1 offset=687096 count=312904
    total=100%
[DCL][balance-metrics] iteration=52
  policy=off
  action=skip
  reason=balance disabled
  T_compute_interval_s=3.7888e-05
  T_comm_interval_s=0
  T_balance_total_s=0
  T_rebalance_apply_s=0
  T_compute_accum_s=0.00147046
  T_comm_accum_s=0
  T_balance_accum_s=0
  T_rebalance_apply_accum_s=0
  device_times_s:
    part[0]=2.2528e-05
    part[1]=3.7888e-05
  OLD loads:
    part[0] cum=68.7096% share=68.7096% device_global=0 rank=0 local_index=0 offset=0 count=687096
    part[1] cum=100% share=31.2904% device_global=1 rank=1 local_index=-1 offset=687096 count=312904
    total=100%
  CURRENT loads:
    part[0] cum=68.7096% share=68.7096% device_global=0 rank=0 local_index=0 offset=0 count=687096
    part[1] cum=100% share=31.2904% device_global=1 rank=1 local_index=-1 offset=687096 count=312904
    total=100%
[DCL][balance-metrics] iteration=53
  policy=off
  action=skip
  reason=balance disabled
  T_compute_interval_s=3.6864e-05
  T_comm_interval_s=0
  T_balance_total_s=0
  T_rebalance_apply_s=0
  T_compute_accum_s=0.00150733
  T_comm_accum_s=0
  T_balance_accum_s=0
  T_rebalance_apply_accum_s=0
  device_times_s:
    part[0]=2.3552e-05
    part[1]=3.6864e-05
  OLD loads:
    part[0] cum=68.7096% share=68.7096% device_global=0 rank=0 local_index=0 offset=0 count=687096
    part[1] cum=100% share=31.2904% device_global=1 rank=1 local_index=-1 offset=687096 count=312904
    total=100%
  CURRENT loads:
    part[0] cum=68.7096% share=68.7096% device_global=0 rank=0 local_index=0 offset=0 count=687096
    part[1] cum=100% share=31.2904% device_global=1 rank=1 local_index=-1 offset=687096 count=312904
    total=100%
[DCL][balance-metrics] iteration=54
  policy=off
  action=skip
  reason=balance disabled
  T_compute_interval_s=3.6864e-05
  T_comm_interval_s=0
  T_balance_total_s=0
  T_rebalance_apply_s=0
  T_compute_accum_s=0.00154419
  T_comm_accum_s=0
  T_balance_accum_s=0
  T_rebalance_apply_accum_s=0
  device_times_s:
    part[0]=2.2528e-05
    part[1]=3.6864e-05
  OLD loads:
    part[0] cum=68.7096% share=68.7096% device_global=0 rank=0 local_index=0 offset=0 count=687096
    part[1] cum=100% share=31.2904% device_global=1 rank=1 local_index=-1 offset=687096 count=312904
    total=100%
  CURRENT loads:
    part[0] cum=68.7096% share=68.7096% device_global=0 rank=0 local_index=0 offset=0 count=687096
    part[1] cum=100% share=31.2904% device_global=1 rank=1 local_index=-1 offset=687096 count=312904
    total=100%
[DCL][balance-metrics] iteration=55
  policy=off
  action=skip
  reason=balance disabled
  T_compute_interval_s=3.6864e-05
  T_comm_interval_s=0
  T_balance_total_s=0
  T_rebalance_apply_s=0
  T_compute_accum_s=0.00158106
  T_comm_accum_s=0
  T_balance_accum_s=0
  T_rebalance_apply_accum_s=0
  device_times_s:
    part[0]=2.2528e-05
    part[1]=3.6864e-05
  OLD loads:
    part[0] cum=68.7096% share=68.7096% device_global=0 rank=0 local_index=0 offset=0 count=687096
    part[1] cum=100% share=31.2904% device_global=1 rank=1 local_index=-1 offset=687096 count=312904
    total=100%
  CURRENT loads:
    part[0] cum=68.7096% share=68.7096% device_global=0 rank=0 local_index=0 offset=0 count=687096
    part[1] cum=100% share=31.2904% device_global=1 rank=1 local_index=-1 offset=687096 count=312904
    total=100%
[DCL][balance-metrics] iteration=56
  policy=off
  action=skip
  reason=balance disabled
  T_compute_interval_s=3.584e-05
  T_comm_interval_s=0
  T_balance_total_s=0
  T_rebalance_apply_s=0
  T_compute_accum_s=0.0016169
  T_comm_accum_s=0
  T_balance_accum_s=0
  T_rebalance_apply_accum_s=0
  device_times_s:
    part[0]=2.3552e-05
    part[1]=3.584e-05
  OLD loads:
    part[0] cum=68.7096% share=68.7096% device_global=0 rank=0 local_index=0 offset=0 count=687096
    part[1] cum=100% share=31.2904% device_global=1 rank=1 local_index=-1 offset=687096 count=312904
    total=100%
  CURRENT loads:
    part[0] cum=68.7096% share=68.7096% device_global=0 rank=0 local_index=0 offset=0 count=687096
    part[1] cum=100% share=31.2904% device_global=1 rank=1 local_index=-1 offset=687096 count=312904
    total=100%
[DCL][balance-metrics] iteration=57
  policy=off
  action=skip
  reason=balance disabled
  T_compute_interval_s=3.7888e-05
  T_comm_interval_s=0
  T_balance_total_s=0
  T_rebalance_apply_s=0
  T_compute_accum_s=0.00165478
  T_comm_accum_s=0
  T_balance_accum_s=0
  T_rebalance_apply_accum_s=0
  device_times_s:
    part[0]=2.3552e-05
    part[1]=3.7888e-05
  OLD loads:
    part[0] cum=68.7096% share=68.7096% device_global=0 rank=0 local_index=0 offset=0 count=687096
    part[1] cum=100% share=31.2904% device_global=1 rank=1 local_index=-1 offset=687096 count=312904
    total=100%
  CURRENT loads:
    part[0] cum=68.7096% share=68.7096% device_global=0 rank=0 local_index=0 offset=0 count=687096
    part[1] cum=100% share=31.2904% device_global=1 rank=1 local_index=-1 offset=687096 count=312904
    total=100%
[DCL][balance-metrics] iteration=58
  policy=off
  action=skip
  reason=balance disabled
  T_compute_interval_s=3.584e-05
  T_comm_interval_s=0
  T_balance_total_s=0
  T_rebalance_apply_s=0
  T_compute_accum_s=0.00169062
  T_comm_accum_s=0
  T_balance_accum_s=0
  T_rebalance_apply_accum_s=0
  device_times_s:
    part[0]=2.2528e-05
    part[1]=3.584e-05
  OLD loads:
    part[0] cum=68.7096% share=68.7096% device_global=0 rank=0 local_index=0 offset=0 count=687096
    part[1] cum=100% share=31.2904% device_global=1 rank=1 local_index=-1 offset=687096 count=312904
    total=100%
  CURRENT loads:
    part[0] cum=68.7096% share=68.7096% device_global=0 rank=0 local_index=0 offset=0 count=687096
    part[1] cum=100% share=31.2904% device_global=1 rank=1 local_index=-1 offset=687096 count=312904
    total=100%
[DCL][balance-metrics] iteration=59
  policy=off
  action=skip
  reason=balance disabled
  T_compute_interval_s=3.584e-05
  T_comm_interval_s=0
  T_balance_total_s=0
  T_rebalance_apply_s=0
  T_compute_accum_s=0.00172646
  T_comm_accum_s=0
  T_balance_accum_s=0
  T_rebalance_apply_accum_s=0
  device_times_s:
    part[0]=2.6624e-05
    part[1]=3.584e-05
  OLD loads:
    part[0] cum=68.7096% share=68.7096% device_global=0 rank=0 local_index=0 offset=0 count=687096
    part[1] cum=100% share=31.2904% device_global=1 rank=1 local_index=-1 offset=687096 count=312904
    total=100%
  CURRENT loads:
    part[0] cum=68.7096% share=68.7096% device_global=0 rank=0 local_index=0 offset=0 count=687096
    part[1] cum=100% share=31.2904% device_global=1 rank=1 local_index=-1 offset=687096 count=312904
    total=100%
[DCL][balance-metrics] iteration=60
  policy=off
  action=skip
  reason=balance disabled
  T_compute_interval_s=3.6864e-05
  T_comm_interval_s=0
  T_balance_total_s=0
  T_rebalance_apply_s=0
  T_compute_accum_s=0.00176333
  T_comm_accum_s=0
  T_balance_accum_s=0
  T_rebalance_apply_accum_s=0
  device_times_s:
    part[0]=2.3552e-05
    part[1]=3.6864e-05
  OLD loads:
    part[0] cum=68.7096% share=68.7096% device_global=0 rank=0 local_index=0 offset=0 count=687096
    part[1] cum=100% share=31.2904% device_global=1 rank=1 local_index=-1 offset=687096 count=312904
    total=100%
  CURRENT loads:
    part[0] cum=68.7096% share=68.7096% device_global=0 rank=0 local_index=0 offset=0 count=687096
    part[1] cum=100% share=31.2904% device_global=1 rank=1 local_index=-1 offset=687096 count=312904
    total=100%
DCL loads by partition:
  part[0] device_global=0 rank=0 local_index=0 offset=0 count=774623 cum=77.4623% share=77.4623%
  part[1] device_global=1 rank=1 local_index=-1 offset=774623 count=225377 cum=100% share=22.5377%
  total_share=100%
[DCL][balance-metrics] iteration=61
  policy=off
  action=skip
  reason=balance disabled
  T_compute_interval_s=2.6624e-05
  T_comm_interval_s=0
  T_balance_total_s=0
  T_rebalance_apply_s=0
  T_compute_accum_s=0.00178995
  T_comm_accum_s=0
  T_balance_accum_s=0
  T_rebalance_apply_accum_s=0
  device_times_s:
    part[0]=2.6624e-05
    part[1]=1.8432e-05
  OLD loads:
    part[0] cum=77.4623% share=77.4623% device_global=0 rank=0 local_index=0 offset=0 count=774623
    part[1] cum=100% share=22.5377% device_global=1 rank=1 local_index=-1 offset=774623 count=225377
    total=100%
  CURRENT loads:
    part[0] cum=77.4623% share=77.4623% device_global=0 rank=0 local_index=0 offset=0 count=774623
    part[1] cum=100% share=22.5377% device_global=1 rank=1 local_index=-1 offset=774623 count=225377
    total=100%
[DCL][balance-metrics] iteration=62
  policy=off
  action=skip
  reason=balance disabled
  T_compute_interval_s=2.6624e-05
  T_comm_interval_s=0
  T_balance_total_s=0
  T_rebalance_apply_s=0
  T_compute_accum_s=0.00181658
  T_comm_accum_s=0
  T_balance_accum_s=0
  T_rebalance_apply_accum_s=0
  device_times_s:
    part[0]=2.6624e-05
    part[1]=1.1264e-05
  OLD loads:
    part[0] cum=77.4623% share=77.4623% device_global=0 rank=0 local_index=0 offset=0 count=774623
    part[1] cum=100% share=22.5377% device_global=1 rank=1 local_index=-1 offset=774623 count=225377
    total=100%
  CURRENT loads:
    part[0] cum=77.4623% share=77.4623% device_global=0 rank=0 local_index=0 offset=0 count=774623
    part[1] cum=100% share=22.5377% device_global=1 rank=1 local_index=-1 offset=774623 count=225377
    total=100%
[DCL][balance-metrics] iteration=63
  policy=off
  action=skip
  reason=balance disabled
  T_compute_interval_s=2.56e-05
  T_comm_interval_s=0
  T_balance_total_s=0
  T_rebalance_apply_s=0
  T_compute_accum_s=0.00184218
  T_comm_accum_s=0
  T_balance_accum_s=0
  T_rebalance_apply_accum_s=0
  device_times_s:
    part[0]=2.56e-05
    part[1]=2.1504e-05
  OLD loads:
    part[0] cum=77.4623% share=77.4623% device_global=0 rank=0 local_index=0 offset=0 count=774623
    part[1] cum=100% share=22.5377% device_global=1 rank=1 local_index=-1 offset=774623 count=225377
    total=100%
  CURRENT loads:
    part[0] cum=77.4623% share=77.4623% device_global=0 rank=0 local_index=0 offset=0 count=774623
    part[1] cum=100% share=22.5377% device_global=1 rank=1 local_index=-1 offset=774623 count=225377
    total=100%
[DCL][balance-metrics] iteration=64
  policy=off
  action=skip
  reason=balance disabled
  T_compute_interval_s=2.6624e-05
  T_comm_interval_s=0
  T_balance_total_s=0
  T_rebalance_apply_s=0
  T_compute_accum_s=0.0018688
  T_comm_accum_s=0
  T_balance_accum_s=0
  T_rebalance_apply_accum_s=0
  device_times_s:
    part[0]=2.6624e-05
    part[1]=2.048e-05
  OLD loads:
    part[0] cum=77.4623% share=77.4623% device_global=0 rank=0 local_index=0 offset=0 count=774623
    part[1] cum=100% share=22.5377% device_global=1 rank=1 local_index=-1 offset=774623 count=225377
    total=100%
  CURRENT loads:
    part[0] cum=77.4623% share=77.4623% device_global=0 rank=0 local_index=0 offset=0 count=774623
    part[1] cum=100% share=22.5377% device_global=1 rank=1 local_index=-1 offset=774623 count=225377
    total=100%
[DCL][balance-metrics] iteration=65
  policy=off
  action=skip
  reason=balance disabled
  T_compute_interval_s=2.56e-05
  T_comm_interval_s=0
  T_balance_total_s=0
  T_rebalance_apply_s=0
  T_compute_accum_s=0.0018944
  T_comm_accum_s=0
  T_balance_accum_s=0
  T_rebalance_apply_accum_s=0
  device_times_s:
    part[0]=2.56e-05
    part[1]=2.1504e-05
  OLD loads:
    part[0] cum=77.4623% share=77.4623% device_global=0 rank=0 local_index=0 offset=0 count=774623
    part[1] cum=100% share=22.5377% device_global=1 rank=1 local_index=-1 offset=774623 count=225377
    total=100%
  CURRENT loads:
    part[0] cum=77.4623% share=77.4623% device_global=0 rank=0 local_index=0 offset=0 count=774623
    part[1] cum=100% share=22.5377% device_global=1 rank=1 local_index=-1 offset=774623 count=225377
    total=100%
[DCL][balance-metrics] iteration=66
  policy=off
  action=skip
  reason=balance disabled
  T_compute_interval_s=2.56e-05
  T_comm_interval_s=0
  T_balance_total_s=0
  T_rebalance_apply_s=0
  T_compute_accum_s=0.00192
  T_comm_accum_s=0
  T_balance_accum_s=0
  T_rebalance_apply_accum_s=0
  device_times_s:
    part[0]=2.56e-05
    part[1]=2.048e-05
  OLD loads:
    part[0] cum=77.4623% share=77.4623% device_global=0 rank=0 local_index=0 offset=0 count=774623
    part[1] cum=100% share=22.5377% device_global=1 rank=1 local_index=-1 offset=774623 count=225377
    total=100%
  CURRENT loads:
    part[0] cum=77.4623% share=77.4623% device_global=0 rank=0 local_index=0 offset=0 count=774623
    part[1] cum=100% share=22.5377% device_global=1 rank=1 local_index=-1 offset=774623 count=225377
    total=100%
[DCL][balance-metrics] iteration=67
  policy=off
  action=skip
  reason=balance disabled
  T_compute_interval_s=2.8672e-05
  T_comm_interval_s=0
  T_balance_total_s=0
  T_rebalance_apply_s=0
  T_compute_accum_s=0.00194867
  T_comm_accum_s=0
  T_balance_accum_s=0
  T_rebalance_apply_accum_s=0
  device_times_s:
    part[0]=2.6624e-05
    part[1]=2.8672e-05
  OLD loads:
    part[0] cum=77.4623% share=77.4623% device_global=0 rank=0 local_index=0 offset=0 count=774623
    part[1] cum=100% share=22.5377% device_global=1 rank=1 local_index=-1 offset=774623 count=225377
    total=100%
  CURRENT loads:
    part[0] cum=77.4623% share=77.4623% device_global=0 rank=0 local_index=0 offset=0 count=774623
    part[1] cum=100% share=22.5377% device_global=1 rank=1 local_index=-1 offset=774623 count=225377
    total=100%
[DCL][balance-metrics] iteration=68
  policy=off
  action=skip
  reason=balance disabled
  T_compute_interval_s=2.56e-05
  T_comm_interval_s=0
  T_balance_total_s=0
  T_rebalance_apply_s=0
  T_compute_accum_s=0.00197427
  T_comm_accum_s=0
  T_balance_accum_s=0
  T_rebalance_apply_accum_s=0
  device_times_s:
    part[0]=2.56e-05
    part[1]=1.536e-05
  OLD loads:
    part[0] cum=77.4623% share=77.4623% device_global=0 rank=0 local_index=0 offset=0 count=774623
    part[1] cum=100% share=22.5377% device_global=1 rank=1 local_index=-1 offset=774623 count=225377
    total=100%
  CURRENT loads:
    part[0] cum=77.4623% share=77.4623% device_global=0 rank=0 local_index=0 offset=0 count=774623
    part[1] cum=100% share=22.5377% device_global=1 rank=1 local_index=-1 offset=774623 count=225377
    total=100%
[DCL][balance-metrics] iteration=69
  policy=off
  action=skip
  reason=balance disabled
  T_compute_interval_s=2.4576e-05
  T_comm_interval_s=0
  T_balance_total_s=0
  T_rebalance_apply_s=0
  T_compute_accum_s=0.00199885
  T_comm_accum_s=0
  T_balance_accum_s=0
  T_rebalance_apply_accum_s=0
  device_times_s:
    part[0]=2.4576e-05
    part[1]=1.1264e-05
  OLD loads:
    part[0] cum=77.4623% share=77.4623% device_global=0 rank=0 local_index=0 offset=0 count=774623
    part[1] cum=100% share=22.5377% device_global=1 rank=1 local_index=-1 offset=774623 count=225377
    total=100%
  CURRENT loads:
    part[0] cum=77.4623% share=77.4623% device_global=0 rank=0 local_index=0 offset=0 count=774623
    part[1] cum=100% share=22.5377% device_global=1 rank=1 local_index=-1 offset=774623 count=225377
    total=100%
[DCL][balance-metrics] iteration=70
  policy=off
  action=skip
  reason=balance disabled
  T_compute_interval_s=2.56e-05
  T_comm_interval_s=0
  T_balance_total_s=0
  T_rebalance_apply_s=0
  T_compute_accum_s=0.00202445
  T_comm_accum_s=0
  T_balance_accum_s=0
  T_rebalance_apply_accum_s=0
  device_times_s:
    part[0]=2.56e-05
    part[1]=1.2288e-05
  OLD loads:
    part[0] cum=77.4623% share=77.4623% device_global=0 rank=0 local_index=0 offset=0 count=774623
    part[1] cum=100% share=22.5377% device_global=1 rank=1 local_index=-1 offset=774623 count=225377
    total=100%
  CURRENT loads:
    part[0] cum=77.4623% share=77.4623% device_global=0 rank=0 local_index=0 offset=0 count=774623
    part[1] cum=100% share=22.5377% device_global=1 rank=1 local_index=-1 offset=774623 count=225377
    total=100%
DCL loads by partition:
  part[0] device_global=0 rank=0 local_index=0 offset=0 count=622608 cum=62.2608% share=62.2608%
  part[1] device_global=1 rank=1 local_index=-1 offset=622608 count=377392 cum=100% share=37.7392%
  total_share=100%
[DCL][balance-metrics] iteration=71
  policy=off
  action=skip
  reason=balance disabled
  T_compute_interval_s=4.1984e-05
  T_comm_interval_s=0
  T_balance_total_s=0
  T_rebalance_apply_s=0
  T_compute_accum_s=0.00206643
  T_comm_accum_s=0
  T_balance_accum_s=0
  T_rebalance_apply_accum_s=0
  device_times_s:
    part[0]=2.3552e-05
    part[1]=4.1984e-05
  OLD loads:
    part[0] cum=62.2608% share=62.2608% device_global=0 rank=0 local_index=0 offset=0 count=622608
    part[1] cum=100% share=37.7392% device_global=1 rank=1 local_index=-1 offset=622608 count=377392
    total=100%
  CURRENT loads:
    part[0] cum=62.2608% share=62.2608% device_global=0 rank=0 local_index=0 offset=0 count=622608
    part[1] cum=100% share=37.7392% device_global=1 rank=1 local_index=-1 offset=622608 count=377392
    total=100%
[DCL][balance-metrics] iteration=72
  policy=off
  action=skip
  reason=balance disabled
  T_compute_interval_s=3.584e-05
  T_comm_interval_s=0
  T_balance_total_s=0
  T_rebalance_apply_s=0
  T_compute_accum_s=0.00210227
  T_comm_accum_s=0
  T_balance_accum_s=0
  T_rebalance_apply_accum_s=0
  device_times_s:
    part[0]=2.4576e-05
    part[1]=3.584e-05
  OLD loads:
    part[0] cum=62.2608% share=62.2608% device_global=0 rank=0 local_index=0 offset=0 count=622608
    part[1] cum=100% share=37.7392% device_global=1 rank=1 local_index=-1 offset=622608 count=377392
    total=100%
  CURRENT loads:
    part[0] cum=62.2608% share=62.2608% device_global=0 rank=0 local_index=0 offset=0 count=622608
    part[1] cum=100% share=37.7392% device_global=1 rank=1 local_index=-1 offset=622608 count=377392
    total=100%
[DCL][balance-metrics] iteration=73
  policy=off
  action=skip
  reason=balance disabled
  T_compute_interval_s=2.8672e-05
  T_comm_interval_s=0
  T_balance_total_s=0
  T_rebalance_apply_s=0
  T_compute_accum_s=0.00213094
  T_comm_accum_s=0
  T_balance_accum_s=0
  T_rebalance_apply_accum_s=0
  device_times_s:
    part[0]=2.2528e-05
    part[1]=2.8672e-05
  OLD loads:
    part[0] cum=62.2608% share=62.2608% device_global=0 rank=0 local_index=0 offset=0 count=622608
    part[1] cum=100% share=37.7392% device_global=1 rank=1 local_index=-1 offset=622608 count=377392
    total=100%
  CURRENT loads:
    part[0] cum=62.2608% share=62.2608% device_global=0 rank=0 local_index=0 offset=0 count=622608
    part[1] cum=100% share=37.7392% device_global=1 rank=1 local_index=-1 offset=622608 count=377392
    total=100%
[DCL][balance-metrics] iteration=74
  policy=off
  action=skip
  reason=balance disabled
  T_compute_interval_s=2.7648e-05
  T_comm_interval_s=0
  T_balance_total_s=0
  T_rebalance_apply_s=0
  T_compute_accum_s=0.00215859
  T_comm_accum_s=0
  T_balance_accum_s=0
  T_rebalance_apply_accum_s=0
  device_times_s:
    part[0]=2.1504e-05
    part[1]=2.7648e-05
  OLD loads:
    part[0] cum=62.2608% share=62.2608% device_global=0 rank=0 local_index=0 offset=0 count=622608
    part[1] cum=100% share=37.7392% device_global=1 rank=1 local_index=-1 offset=622608 count=377392
    total=100%
  CURRENT loads:
    part[0] cum=62.2608% share=62.2608% device_global=0 rank=0 local_index=0 offset=0 count=622608
    part[1] cum=100% share=37.7392% device_global=1 rank=1 local_index=-1 offset=622608 count=377392
    total=100%
[DCL][balance-metrics] iteration=75
  policy=off
  action=skip
  reason=balance disabled
  T_compute_interval_s=3.1744e-05
  T_comm_interval_s=0
  T_balance_total_s=0
  T_rebalance_apply_s=0
  T_compute_accum_s=0.00219034
  T_comm_accum_s=0
  T_balance_accum_s=0
  T_rebalance_apply_accum_s=0
  device_times_s:
    part[0]=2.1504e-05
    part[1]=3.1744e-05
  OLD loads:
    part[0] cum=62.2608% share=62.2608% device_global=0 rank=0 local_index=0 offset=0 count=622608
    part[1] cum=100% share=37.7392% device_global=1 rank=1 local_index=-1 offset=622608 count=377392
    total=100%
  CURRENT loads:
    part[0] cum=62.2608% share=62.2608% device_global=0 rank=0 local_index=0 offset=0 count=622608
    part[1] cum=100% share=37.7392% device_global=1 rank=1 local_index=-1 offset=622608 count=377392
    total=100%
[DCL][balance-metrics] iteration=76
  policy=off
  action=skip
  reason=balance disabled
  T_compute_interval_s=2.3552e-05
  T_comm_interval_s=0
  T_balance_total_s=0
  T_rebalance_apply_s=0
  T_compute_accum_s=0.00221389
  T_comm_accum_s=0
  T_balance_accum_s=0
  T_rebalance_apply_accum_s=0
  device_times_s:
    part[0]=2.2528e-05
    part[1]=2.3552e-05
  OLD loads:
    part[0] cum=62.2608% share=62.2608% device_global=0 rank=0 local_index=0 offset=0 count=622608
    part[1] cum=100% share=37.7392% device_global=1 rank=1 local_index=-1 offset=622608 count=377392
    total=100%
  CURRENT loads:
    part[0] cum=62.2608% share=62.2608% device_global=0 rank=0 local_index=0 offset=0 count=622608
    part[1] cum=100% share=37.7392% device_global=1 rank=1 local_index=-1 offset=622608 count=377392
    total=100%
[DCL][balance-metrics] iteration=77
  policy=off
  action=skip
  reason=balance disabled
  T_compute_interval_s=2.3552e-05
  T_comm_interval_s=0
  T_balance_total_s=0
  T_rebalance_apply_s=0
  T_compute_accum_s=0.00223744
  T_comm_accum_s=0
  T_balance_accum_s=0
  T_rebalance_apply_accum_s=0
  device_times_s:
    part[0]=2.3552e-05
    part[1]=1.9456e-05
  OLD loads:
    part[0] cum=62.2608% share=62.2608% device_global=0 rank=0 local_index=0 offset=0 count=622608
    part[1] cum=100% share=37.7392% device_global=1 rank=1 local_index=-1 offset=622608 count=377392
    total=100%
  CURRENT loads:
    part[0] cum=62.2608% share=62.2608% device_global=0 rank=0 local_index=0 offset=0 count=622608
    part[1] cum=100% share=37.7392% device_global=1 rank=1 local_index=-1 offset=622608 count=377392
    total=100%
[DCL][balance-metrics] iteration=78
  policy=off
  action=skip
  reason=balance disabled
  T_compute_interval_s=2.4576e-05
  T_comm_interval_s=0
  T_balance_total_s=0
  T_rebalance_apply_s=0
  T_compute_accum_s=0.00226202
  T_comm_accum_s=0
  T_balance_accum_s=0
  T_rebalance_apply_accum_s=0
  device_times_s:
    part[0]=2.1504e-05
    part[1]=2.4576e-05
  OLD loads:
    part[0] cum=62.2608% share=62.2608% device_global=0 rank=0 local_index=0 offset=0 count=622608
    part[1] cum=100% share=37.7392% device_global=1 rank=1 local_index=-1 offset=622608 count=377392
    total=100%
  CURRENT loads:
    part[0] cum=62.2608% share=62.2608% device_global=0 rank=0 local_index=0 offset=0 count=622608
    part[1] cum=100% share=37.7392% device_global=1 rank=1 local_index=-1 offset=622608 count=377392
    total=100%
[DCL][balance-metrics] iteration=79
  policy=off
  action=skip
  reason=balance disabled
  T_compute_interval_s=2.2528e-05
  T_comm_interval_s=0
  T_balance_total_s=0
  T_rebalance_apply_s=0
  T_compute_accum_s=0.00228454
  T_comm_accum_s=0
  T_balance_accum_s=0
  T_rebalance_apply_accum_s=0
  device_times_s:
    part[0]=2.2528e-05
    part[1]=2.1504e-05
  OLD loads:
    part[0] cum=62.2608% share=62.2608% device_global=0 rank=0 local_index=0 offset=0 count=622608
    part[1] cum=100% share=37.7392% device_global=1 rank=1 local_index=-1 offset=622608 count=377392
    total=100%
  CURRENT loads:
    part[0] cum=62.2608% share=62.2608% device_global=0 rank=0 local_index=0 offset=0 count=622608
    part[1] cum=100% share=37.7392% device_global=1 rank=1 local_index=-1 offset=622608 count=377392
    total=100%
[DCL][balance-metrics] iteration=80
  policy=off
  action=skip
  reason=balance disabled
  T_compute_interval_s=2.7648e-05
  T_comm_interval_s=0
  T_balance_total_s=0
  T_rebalance_apply_s=0
  T_compute_accum_s=0.00231219
  T_comm_accum_s=0
  T_balance_accum_s=0
  T_rebalance_apply_accum_s=0
  device_times_s:
    part[0]=2.1504e-05
    part[1]=2.7648e-05
  OLD loads:
    part[0] cum=62.2608% share=62.2608% device_global=0 rank=0 local_index=0 offset=0 count=622608
    part[1] cum=100% share=37.7392% device_global=1 rank=1 local_index=-1 offset=622608 count=377392
    total=100%
  CURRENT loads:
    part[0] cum=62.2608% share=62.2608% device_global=0 rank=0 local_index=0 offset=0 count=622608
    part[1] cum=100% share=37.7392% device_global=1 rank=1 local_index=-1 offset=622608 count=377392
    total=100%
DCL loads by partition:
  part[0] device_global=0 rank=0 local_index=0 offset=0 count=679603 cum=67.9603% share=67.9603%
  part[1] device_global=1 rank=1 local_index=-1 offset=679603 count=320397 cum=100% share=32.0397%
  total_share=100%
[DCL][balance-metrics] iteration=81
  policy=off
  action=skip
  reason=balance disabled
  T_compute_interval_s=0.000513024
  T_comm_interval_s=0
  T_balance_total_s=0
  T_rebalance_apply_s=0
  T_compute_accum_s=0.00282522
  T_comm_accum_s=0
  T_balance_accum_s=0
  T_rebalance_apply_accum_s=0
  device_times_s:
    part[0]=0.000513024
    part[1]=2.4576e-05
  OLD loads:
    part[0] cum=67.9603% share=67.9603% device_global=0 rank=0 local_index=0 offset=0 count=679603
    part[1] cum=100% share=32.0397% device_global=1 rank=1 local_index=-1 offset=679603 count=320397
    total=100%
  CURRENT loads:
    part[0] cum=67.9603% share=67.9603% device_global=0 rank=0 local_index=0 offset=0 count=679603
    part[1] cum=100% share=32.0397% device_global=1 rank=1 local_index=-1 offset=679603 count=320397
    total=100%
[DCL][balance-metrics] iteration=82
  policy=off
  action=skip
  reason=balance disabled
  T_compute_interval_s=0.000518144
  T_comm_interval_s=0
  T_balance_total_s=0
  T_rebalance_apply_s=0
  T_compute_accum_s=0.00334336
  T_comm_accum_s=0
  T_balance_accum_s=0
  T_rebalance_apply_accum_s=0
  device_times_s:
    part[0]=0.000518144
    part[1]=1.7408e-05
  OLD loads:
    part[0] cum=67.9603% share=67.9603% device_global=0 rank=0 local_index=0 offset=0 count=679603
    part[1] cum=100% share=32.0397% device_global=1 rank=1 local_index=-1 offset=679603 count=320397
    total=100%
  CURRENT loads:
    part[0] cum=67.9603% share=67.9603% device_global=0 rank=0 local_index=0 offset=0 count=679603
    part[1] cum=100% share=32.0397% device_global=1 rank=1 local_index=-1 offset=679603 count=320397
    total=100%
[DCL][balance-metrics] iteration=83
  policy=off
  action=skip
  reason=balance disabled
  T_compute_interval_s=0.000513024
  T_comm_interval_s=0
  T_balance_total_s=0
  T_rebalance_apply_s=0
  T_compute_accum_s=0.00385638
  T_comm_accum_s=0
  T_balance_accum_s=0
  T_rebalance_apply_accum_s=0
  device_times_s:
    part[0]=0.000513024
    part[1]=1.4336e-05
  OLD loads:
    part[0] cum=67.9603% share=67.9603% device_global=0 rank=0 local_index=0 offset=0 count=679603
    part[1] cum=100% share=32.0397% device_global=1 rank=1 local_index=-1 offset=679603 count=320397
    total=100%
  CURRENT loads:
    part[0] cum=67.9603% share=67.9603% device_global=0 rank=0 local_index=0 offset=0 count=679603
    part[1] cum=100% share=32.0397% device_global=1 rank=1 local_index=-1 offset=679603 count=320397
    total=100%
[DCL][balance-metrics] iteration=84
  policy=off
  action=skip
  reason=balance disabled
  T_compute_interval_s=0.000510976
  T_comm_interval_s=0
  T_balance_total_s=0
  T_rebalance_apply_s=0
  T_compute_accum_s=0.00436736
  T_comm_accum_s=0
  T_balance_accum_s=0
  T_rebalance_apply_accum_s=0
  device_times_s:
    part[0]=0.000510976
    part[1]=1.4336e-05
  OLD loads:
    part[0] cum=67.9603% share=67.9603% device_global=0 rank=0 local_index=0 offset=0 count=679603
    part[1] cum=100% share=32.0397% device_global=1 rank=1 local_index=-1 offset=679603 count=320397
    total=100%
  CURRENT loads:
    part[0] cum=67.9603% share=67.9603% device_global=0 rank=0 local_index=0 offset=0 count=679603
    part[1] cum=100% share=32.0397% device_global=1 rank=1 local_index=-1 offset=679603 count=320397
    total=100%
[DCL][balance-metrics] iteration=85
  policy=off
  action=skip
  reason=balance disabled
  T_compute_interval_s=0.000510976
  T_comm_interval_s=0
  T_balance_total_s=0
  T_rebalance_apply_s=0
  T_compute_accum_s=0.00487834
  T_comm_accum_s=0
  T_balance_accum_s=0
  T_rebalance_apply_accum_s=0
  device_times_s:
    part[0]=0.000510976
    part[1]=1.536e-05
  OLD loads:
    part[0] cum=67.9603% share=67.9603% device_global=0 rank=0 local_index=0 offset=0 count=679603
    part[1] cum=100% share=32.0397% device_global=1 rank=1 local_index=-1 offset=679603 count=320397
    total=100%
  CURRENT loads:
    part[0] cum=67.9603% share=67.9603% device_global=0 rank=0 local_index=0 offset=0 count=679603
    part[1] cum=100% share=32.0397% device_global=1 rank=1 local_index=-1 offset=679603 count=320397
    total=100%
[DCL][balance-metrics] iteration=86
  policy=off
  action=skip
  reason=balance disabled
  T_compute_interval_s=0.000510976
  T_comm_interval_s=0
  T_balance_total_s=0
  T_rebalance_apply_s=0
  T_compute_accum_s=0.00538931
  T_comm_accum_s=0
  T_balance_accum_s=0
  T_rebalance_apply_accum_s=0
  device_times_s:
    part[0]=0.000510976
    part[1]=2.048e-05
  OLD loads:
    part[0] cum=67.9603% share=67.9603% device_global=0 rank=0 local_index=0 offset=0 count=679603
    part[1] cum=100% share=32.0397% device_global=1 rank=1 local_index=-1 offset=679603 count=320397
    total=100%
  CURRENT loads:
    part[0] cum=67.9603% share=67.9603% device_global=0 rank=0 local_index=0 offset=0 count=679603
    part[1] cum=100% share=32.0397% device_global=1 rank=1 local_index=-1 offset=679603 count=320397
    total=100%
[DCL][balance-metrics] iteration=87
  policy=off
  action=skip
  reason=balance disabled
  T_compute_interval_s=0.000510976
  T_comm_interval_s=0
  T_balance_total_s=0
  T_rebalance_apply_s=0
  T_compute_accum_s=0.00590029
  T_comm_accum_s=0
  T_balance_accum_s=0
  T_rebalance_apply_accum_s=0
  device_times_s:
    part[0]=0.000510976
    part[1]=1.6384e-05
  OLD loads:
    part[0] cum=67.9603% share=67.9603% device_global=0 rank=0 local_index=0 offset=0 count=679603
    part[1] cum=100% share=32.0397% device_global=1 rank=1 local_index=-1 offset=679603 count=320397
    total=100%
  CURRENT loads:
    part[0] cum=67.9603% share=67.9603% device_global=0 rank=0 local_index=0 offset=0 count=679603
    part[1] cum=100% share=32.0397% device_global=1 rank=1 local_index=-1 offset=679603 count=320397
    total=100%
[DCL][balance-metrics] iteration=88
  policy=off
  action=skip
  reason=balance disabled
  T_compute_interval_s=0.000510976
  T_comm_interval_s=0
  T_balance_total_s=0
  T_rebalance_apply_s=0
  T_compute_accum_s=0.00641126
  T_comm_accum_s=0
  T_balance_accum_s=0
  T_rebalance_apply_accum_s=0
  device_times_s:
    part[0]=0.000510976
    part[1]=1.7408e-05
  OLD loads:
    part[0] cum=67.9603% share=67.9603% device_global=0 rank=0 local_index=0 offset=0 count=679603
    part[1] cum=100% share=32.0397% device_global=1 rank=1 local_index=-1 offset=679603 count=320397
    total=100%
  CURRENT loads:
    part[0] cum=67.9603% share=67.9603% device_global=0 rank=0 local_index=0 offset=0 count=679603
    part[1] cum=100% share=32.0397% device_global=1 rank=1 local_index=-1 offset=679603 count=320397
    total=100%
[DCL][balance-metrics] iteration=89
  policy=off
  action=skip
  reason=balance disabled
  T_compute_interval_s=0.000510976
  T_comm_interval_s=0
  T_balance_total_s=0
  T_rebalance_apply_s=0
  T_compute_accum_s=0.00692224
  T_comm_accum_s=0
  T_balance_accum_s=0
  T_rebalance_apply_accum_s=0
  device_times_s:
    part[0]=0.000510976
    part[1]=1.536e-05
  OLD loads:
    part[0] cum=67.9603% share=67.9603% device_global=0 rank=0 local_index=0 offset=0 count=679603
    part[1] cum=100% share=32.0397% device_global=1 rank=1 local_index=-1 offset=679603 count=320397
    total=100%
  CURRENT loads:
    part[0] cum=67.9603% share=67.9603% device_global=0 rank=0 local_index=0 offset=0 count=679603
    part[1] cum=100% share=32.0397% device_global=1 rank=1 local_index=-1 offset=679603 count=320397
    total=100%
[DCL][balance-metrics] iteration=90
  policy=off
  action=skip
  reason=balance disabled
  T_compute_interval_s=0.000510976
  T_comm_interval_s=0
  T_balance_total_s=0
  T_rebalance_apply_s=0
  T_compute_accum_s=0.00743322
  T_comm_accum_s=0
  T_balance_accum_s=0
  T_rebalance_apply_accum_s=0
  device_times_s:
    part[0]=0.000510976
    part[1]=1.536e-05
  OLD loads:
    part[0] cum=67.9603% share=67.9603% device_global=0 rank=0 local_index=0 offset=0 count=679603
    part[1] cum=100% share=32.0397% device_global=1 rank=1 local_index=-1 offset=679603 count=320397
    total=100%
  CURRENT loads:
    part[0] cum=67.9603% share=67.9603% device_global=0 rank=0 local_index=0 offset=0 count=679603
    part[1] cum=100% share=32.0397% device_global=1 rank=1 local_index=-1 offset=679603 count=320397
    total=100%
DCL loads by partition:
  part[0] device_global=0 rank=0 local_index=0 offset=0 count=59940 cum=5.994% share=5.994%
  part[1] device_global=1 rank=1 local_index=-1 offset=59940 count=940060 cum=100% share=94.006%
  total_share=100%
[DCL][balance-metrics] iteration=91
  policy=off
  action=skip
  reason=balance disabled
  T_compute_interval_s=5.2224e-05
  T_comm_interval_s=0
  T_balance_total_s=0
  T_rebalance_apply_s=0
  T_compute_accum_s=0.00748544
  T_comm_accum_s=0
  T_balance_accum_s=0
  T_rebalance_apply_accum_s=0
  device_times_s:
    part[0]=1.024e-05
    part[1]=5.2224e-05
  OLD loads:
    part[0] cum=5.994% share=5.994% device_global=0 rank=0 local_index=0 offset=0 count=59940
    part[1] cum=100% share=94.006% device_global=1 rank=1 local_index=-1 offset=59940 count=940060
    total=100%
  CURRENT loads:
    part[0] cum=5.994% share=5.994% device_global=0 rank=0 local_index=0 offset=0 count=59940
    part[1] cum=100% share=94.006% device_global=1 rank=1 local_index=-1 offset=59940 count=940060
    total=100%
[DCL][balance-metrics] iteration=92
  policy=off
  action=skip
  reason=balance disabled
  T_compute_interval_s=2.8672e-05
  T_comm_interval_s=0
  T_balance_total_s=0
  T_rebalance_apply_s=0
  T_compute_accum_s=0.00751411
  T_comm_accum_s=0
  T_balance_accum_s=0
  T_rebalance_apply_accum_s=0
  device_times_s:
    part[0]=8.192e-06
    part[1]=2.8672e-05
  OLD loads:
    part[0] cum=5.994% share=5.994% device_global=0 rank=0 local_index=0 offset=0 count=59940
    part[1] cum=100% share=94.006% device_global=1 rank=1 local_index=-1 offset=59940 count=940060
    total=100%
  CURRENT loads:
    part[0] cum=5.994% share=5.994% device_global=0 rank=0 local_index=0 offset=0 count=59940
    part[1] cum=100% share=94.006% device_global=1 rank=1 local_index=-1 offset=59940 count=940060
    total=100%
[DCL][balance-metrics] iteration=93
  policy=off
  action=skip
  reason=balance disabled
  T_compute_interval_s=2.7648e-05
  T_comm_interval_s=0
  T_balance_total_s=0
  T_rebalance_apply_s=0
  T_compute_accum_s=0.00754176
  T_comm_accum_s=0
  T_balance_accum_s=0
  T_rebalance_apply_accum_s=0
  device_times_s:
    part[0]=9.216e-06
    part[1]=2.7648e-05
  OLD loads:
    part[0] cum=5.994% share=5.994% device_global=0 rank=0 local_index=0 offset=0 count=59940
    part[1] cum=100% share=94.006% device_global=1 rank=1 local_index=-1 offset=59940 count=940060
    total=100%
  CURRENT loads:
    part[0] cum=5.994% share=5.994% device_global=0 rank=0 local_index=0 offset=0 count=59940
    part[1] cum=100% share=94.006% device_global=1 rank=1 local_index=-1 offset=59940 count=940060
    total=100%
[DCL][balance-metrics] iteration=94
  policy=off
  action=skip
  reason=balance disabled
  T_compute_interval_s=2.8672e-05
  T_comm_interval_s=0
  T_balance_total_s=0
  T_rebalance_apply_s=0
  T_compute_accum_s=0.00757043
  T_comm_accum_s=0
  T_balance_accum_s=0
  T_rebalance_apply_accum_s=0
  device_times_s:
    part[0]=9.216e-06
    part[1]=2.8672e-05
  OLD loads:
    part[0] cum=5.994% share=5.994% device_global=0 rank=0 local_index=0 offset=0 count=59940
    part[1] cum=100% share=94.006% device_global=1 rank=1 local_index=-1 offset=59940 count=940060
    total=100%
  CURRENT loads:
    part[0] cum=5.994% share=5.994% device_global=0 rank=0 local_index=0 offset=0 count=59940
    part[1] cum=100% share=94.006% device_global=1 rank=1 local_index=-1 offset=59940 count=940060
    total=100%
[DCL][balance-metrics] iteration=95
  policy=off
  action=skip
  reason=balance disabled
  T_compute_interval_s=2.8672e-05
  T_comm_interval_s=0
  T_balance_total_s=0
  T_rebalance_apply_s=0
  T_compute_accum_s=0.0075991
  T_comm_accum_s=0
  T_balance_accum_s=0
  T_rebalance_apply_accum_s=0
  device_times_s:
    part[0]=8.192e-06
    part[1]=2.8672e-05
  OLD loads:
    part[0] cum=5.994% share=5.994% device_global=0 rank=0 local_index=0 offset=0 count=59940
    part[1] cum=100% share=94.006% device_global=1 rank=1 local_index=-1 offset=59940 count=940060
    total=100%
  CURRENT loads:
    part[0] cum=5.994% share=5.994% device_global=0 rank=0 local_index=0 offset=0 count=59940
    part[1] cum=100% share=94.006% device_global=1 rank=1 local_index=-1 offset=59940 count=940060
    total=100%
[DCL][balance-metrics] iteration=96
  policy=off
  action=skip
  reason=balance disabled
  T_compute_interval_s=2.8672e-05
  T_comm_interval_s=0
  T_balance_total_s=0
  T_rebalance_apply_s=0
  T_compute_accum_s=0.00762778
  T_comm_accum_s=0
  T_balance_accum_s=0
  T_rebalance_apply_accum_s=0
  device_times_s:
    part[0]=8.192e-06
    part[1]=2.8672e-05
  OLD loads:
    part[0] cum=5.994% share=5.994% device_global=0 rank=0 local_index=0 offset=0 count=59940
    part[1] cum=100% share=94.006% device_global=1 rank=1 local_index=-1 offset=59940 count=940060
    total=100%
  CURRENT loads:
    part[0] cum=5.994% share=5.994% device_global=0 rank=0 local_index=0 offset=0 count=59940
    part[1] cum=100% share=94.006% device_global=1 rank=1 local_index=-1 offset=59940 count=940060
    total=100%
[DCL][balance-metrics] iteration=97
  policy=off
  action=skip
  reason=balance disabled
  T_compute_interval_s=2.7648e-05
  T_comm_interval_s=0
  T_balance_total_s=0
  T_rebalance_apply_s=0
  T_compute_accum_s=0.00765542
  T_comm_accum_s=0
  T_balance_accum_s=0
  T_rebalance_apply_accum_s=0
  device_times_s:
    part[0]=9.216e-06
    part[1]=2.7648e-05
  OLD loads:
    part[0] cum=5.994% share=5.994% device_global=0 rank=0 local_index=0 offset=0 count=59940
    part[1] cum=100% share=94.006% device_global=1 rank=1 local_index=-1 offset=59940 count=940060
    total=100%
  CURRENT loads:
    part[0] cum=5.994% share=5.994% device_global=0 rank=0 local_index=0 offset=0 count=59940
    part[1] cum=100% share=94.006% device_global=1 rank=1 local_index=-1 offset=59940 count=940060
    total=100%
[DCL][balance-metrics] iteration=98
  policy=off
  action=skip
  reason=balance disabled
  T_compute_interval_s=2.7648e-05
  T_comm_interval_s=0
  T_balance_total_s=0
  T_rebalance_apply_s=0
  T_compute_accum_s=0.00768307
  T_comm_accum_s=0
  T_balance_accum_s=0
  T_rebalance_apply_accum_s=0
  device_times_s:
    part[0]=8.192e-06
    part[1]=2.7648e-05
  OLD loads:
    part[0] cum=5.994% share=5.994% device_global=0 rank=0 local_index=0 offset=0 count=59940
    part[1] cum=100% share=94.006% device_global=1 rank=1 local_index=-1 offset=59940 count=940060
    total=100%
  CURRENT loads:
    part[0] cum=5.994% share=5.994% device_global=0 rank=0 local_index=0 offset=0 count=59940
    part[1] cum=100% share=94.006% device_global=1 rank=1 local_index=-1 offset=59940 count=940060
    total=100%
[DCL][balance-metrics] iteration=99
  policy=off
  action=skip
  reason=balance disabled
  T_compute_interval_s=2.8672e-05
  T_comm_interval_s=0
  T_balance_total_s=0
  T_rebalance_apply_s=0
  T_compute_accum_s=0.00771174
  T_comm_accum_s=0
  T_balance_accum_s=0
  T_rebalance_apply_accum_s=0
  device_times_s:
    part[0]=1.3312e-05
    part[1]=2.8672e-05
  OLD loads:
    part[0] cum=5.994% share=5.994% device_global=0 rank=0 local_index=0 offset=0 count=59940
    part[1] cum=100% share=94.006% device_global=1 rank=1 local_index=-1 offset=59940 count=940060
    total=100%
  CURRENT loads:
    part[0] cum=5.994% share=5.994% device_global=0 rank=0 local_index=0 offset=0 count=59940
    part[1] cum=100% share=94.006% device_global=1 rank=1 local_index=-1 offset=59940 count=940060
    total=100%
[DCL][balance-metrics] iteration=100
  policy=off
  action=skip
  reason=balance disabled
  T_compute_interval_s=2.7648e-05
  T_comm_interval_s=0
  T_balance_total_s=0
  T_rebalance_apply_s=0
  T_compute_accum_s=0.00773939
  T_comm_accum_s=0
  T_balance_accum_s=0
  T_rebalance_apply_accum_s=0
  device_times_s:
    part[0]=9.216e-06
    part[1]=2.7648e-05
  OLD loads:
    part[0] cum=5.994% share=5.994% device_global=0 rank=0 local_index=0 offset=0 count=59940
    part[1] cum=100% share=94.006% device_global=1 rank=1 local_index=-1 offset=59940 count=940060
    total=100%
  CURRENT loads:
    part[0] cum=5.994% share=5.994% device_global=0 rank=0 local_index=0 offset=0 count=59940
    part[1] cum=100% share=94.006% device_global=1 rank=1 local_index=-1 offset=59940 count=940060
    total=100%
[leanmd] algo=erad mode=gpu_opencl total_time_s=4.30019 num_rebalances=9 avg_rebalance_gain=5.62279e-05
